Archive member included to satisfy reference by file (symbol)

lib/libbootloader.a(boot_platform_8910.c.obj)
                              (--whole-archive)
lib/libbootloader.a(boot_secure.c.obj)
                              (--whole-archive)
lib/libbootloader.a(boot_entry_v7a.S.obj)
                              (--whole-archive)
lib/libbootloader.a(boot_sffs_port.c.obj)
                              (--whole-archive)
lib/libbootloader.a(boot_delay.c.obj)
                              (--whole-archive)
lib/libbootloader.a(boot_mem.c.obj)
                              (--whole-archive)
lib/libbootloader.a(boot_spi_flash.c.obj)
                              (--whole-archive)
lib/libbootloader.a(boot_debuguart.c.obj)
                              (--whole-archive)
lib/libbootloader.a(boot_trace.c.obj)
                              (--whole-archive)
lib/libbootloader.a(boot_fdl.c.obj)
                              (--whole-archive)
lib/libbootloader.a(boot_fdl_dnld.c.obj)
                              (--whole-archive)
lib/libbootloader.a(boot_aes.c.obj)
                              (--whole-archive)
lib/libbootloader.a(boot_vfs.c.obj)
                              (--whole-archive)
lib/libbootloader.a(boot_irq.c.obj)
                              (--whole-archive)
lib/libbootloader.a(boot_timer.c.obj)
                              (--whole-archive)
lib/libbootloader.a(boot_uart.c.obj)
                              (--whole-archive)
lib/libbootloader.a(boot_uart_cmn.c.obj)
                              (--whole-archive)
lib/libbootloader.a(boot_mmu.c.obj)
                              (--whole-archive)
lib/libbootloader.a(boot_uimage.c.obj)
                              (--whole-archive)
lib/libbootloader.a(boot_udc.c.obj)
                              (--whole-archive)
lib/libbootloader.a(boot_usb_fdl_channel.c.obj)
                              (--whole-archive)
lib/libbootloader.a(boot_pdl.c.obj)
                              (--whole-archive)
lib/libbootloader.a(boot_pdl_uimage.c.obj)
                              (--whole-archive)
lib/libbootloader.a(boot_lcd.c.obj)
                              (--whole-archive)
lib/libbootloader.a(boot_unity.c.obj)
                              (--whole-archive)
lib/libbootloader.a(boot_override.c.obj)
                              (--whole-archive)
lib/libbootloader.a(boot_adi_bus.c.obj)
                              (--whole-archive)
lib/libbootloader.a(boot_log.c.obj)
                              (--whole-archive)
lib/libcpio_parser.a(cpio_parser.c.obj)
                              (--whole-archive)
lib/libhal.a(hal_clock_init.c.obj)
                              components/bootloader/CMakeFiles/fdl2.dir/fdl2/fdl2_main.c.obj (halRamInit)
lib/libhal.a(hal_chip_8910.c.obj)
                              lib/libbootloader.a(boot_usb_fdl_channel.c.obj) (osiDCacheClean)
lib/libhal.a(hal_pmu_8910.c.obj)
                              lib/libbootloader.a(boot_unity.c.obj) (halPmuExtFlashPowerOn)
lib/libhal.a(hal_efuse_8910.c.obj)
                              lib/libbootloader.a(boot_secure.c.obj) (halEfuseOpen)
lib/libhal.a(hal_delay.c.obj)
                              lib/libbootloader.a(boot_platform_8910.c.obj) (osiDelayUS)
lib/libhal.a(hal_reg_apply.c.obj)
                              lib/libhal.a(hal_clock_init.c.obj) (halApplyRegisters)
lib/libhal.a(hal_chip.c.obj)  lib/libbootloader.a(boot_uart.c.obj) (halCalcDivider20)
lib/libhal.a(hal_chip_armv7a.c.obj)
                              lib/libbootloader.a(boot_platform_8910.c.obj) (halSaveBlueScreenReg)
lib/libhal.a(hal_hwspinlock.c.obj)
                              lib/libhal.a(hal_efuse_8910.c.obj) (halHwspinlockAcquire)
lib/libhal.a(hal_spi_flash.c.obj)
                              lib/libbootloader.a(boot_spi_flash.c.obj) (halSpiFlashChipErase)
lib/libhal.a(hal_gpio.c.obj)  lib/libhal.a(hal_pmu_8910.c.obj) (halGpioSetOutput)
lib/libboot_calclib_crc.a(crc32.c.obj)
                              lib/libbootloader.a(boot_fdl_dnld.c.obj) (crc32Init)
lib/libsffs_core.a(sffs.c.obj)
                              lib/libbootloader.a(boot_vfs.c.obj) (sffsMount)
lib/libfsmount.a(fs_mount.c.obj)
                              lib/libbootloader.a(boot_fdl_dnld.c.obj) (fsMountFsPath)
lib/libbdev.a(block_device.c.obj)
                              lib/libsffs_core.a(sffs.c.obj) (blockDeviceRead)
lib/libbdev.a(partition_block_device.c.obj)
                              lib/libfsmount.a(fs_mount.c.obj) (partBlockDeviceCreate)
lib/libbdev_core.a(flash_block_device_v2.c.obj)
                              lib/libfsmount.a(fs_mount.c.obj) (flashBlockDeviceCreateV2)
lib/libosi_lib.a(osi_fifo.c.obj)
                              lib/libbootloader.a(boot_usb_fdl_channel.c.obj) (osiFifoInit)
lib/libnvm.a(nvm_8910.c.obj)  lib/libbootloader.a(boot_fdl_dnld.c.obj) (nvmReadItem)
lib/libnvm.a(nvm_migration.c.obj)
                              lib/libbootloader.a(boot_fdl_dnld.c.obj) (nvmMigration)
[...]
Memory Configuration

Name             Origin             Length             Attributes
sram             0x00810040         0x0002ffc0         xrw
*default*        0x00000000         0xffffffff

Linker script and memory map

LOAD components/bootloader/CMakeFiles/fdl2.dir/fdl2/fdl2_main.c.obj
LOAD components/bootloader/CMakeFiles/fdl2.dir/calibparam.bin.S.obj
LOAD lib/libbootloader.a
LOAD lib/libcpio_parser.a
START GROUP
LOAD lib/libhal.a
LOAD lib/libcalclib.a
LOAD lib/libboot_calclib_crc.a
LOAD lib/libsffs_core.a
LOAD lib/libfsmount.a
LOAD lib/libbdev.a
LOAD lib/libbdev_core.a
LOAD lib/libosi_lib.a
LOAD lib/libnvm.a
LOAD lib/libbt_nv.a
END GROUP
LOAD ../../components/newlib/armca5/libc.a
LOAD ../../prebuilts/win32/gcc-arm-none-eabi/bin/../lib/gcc/arm-none-eabi/7.2.1/thumb/v7-ar/fpv3/hard/libgcc.a
LOAD lib/libfupdate_core.a
LOAD lib/libboot_ex_ql.a
LOAD lib/libboot_ex_fat_rdonly.a
LOAD lib/libboot_ex_sdmmc.a
LOAD lib/libboot_ex_spi6nor.a
LOAD lib/libboot_ex_ql_pin.a
LOAD lib/libcalclib.a
LOAD ../../components/libs/boot_encrypt/libboot_encrypt.a
LOAD lib/libhal.a
LOAD lib/libdriver.a
LOAD lib/libhal_prop.a
LOAD lib/libdriver_lcd.a
LOAD lib/liboql_core_boot_virt_func.a
LOAD lib/libdriver_camera.a
LOAD lib/libhal.a
LOAD lib/libdriver.a
LOAD lib/libhal_prop.a
LOAD lib/libdriver_lcd.a
LOAD lib/liboql_core_boot_virt_func.a
LOAD lib/libdriver_camera.a
LOAD lib/libfs_partinfo.a

.text           0x00810040    0x106c0
                0x00810040                __text_start = .
 *(BOOT_ENTRY)
 BOOT_ENTRY     0x00810040      0x25c lib/libbootloader.a(boot_entry_v7a.S.obj)
                0x00810040                Vectors
                0x008101e4                bootEntry
                0x00810260                bootJumpImageEntry
 SORT_BY_NAME(*)(.sramboottext .sramboottext.*)
 .sramboottext  0x0081029c       0x6c lib/libhal.a(hal_delay.c.obj)
                0x0081029c                osiDelayLoops
                0x008102a8                osiDelayUS
                0x008102c8                osiDebugEvent
                0x008102fc                osiHWTick16K
 .sramboottext  0x00810308       0x56 lib/libhal.a(hal_reg_apply.c.obj)
                0x00810308                halApplyRegisters
                0x0081033a                halApplyRegisterList
 SORT_BY_NAME(*)(.sramtext .sramtext.*)
 .sramtext      0x0081035e       0x1e lib/libhal.a(hal_chip_8910.c.obj)
                0x0081035e                uxPortSetInterruptMaskFromISR
                0x0081035e                vPortDisableInterrupts
                0x0081035e                uxPortEnterCritical
                0x0081035e                osiEnterCritical
                0x0081035e                osiIrqSave
                0x0081036e                osiExitCritical
                0x0081036e                osiIrqRestore
                0x0081036e                vPortExitCritical
                0x0081036e                vPortClearInterruptMaskFromISR
 SORT_BY_NAME(*)(.ramtext .ramtext.*)
 .ramtext.osi_log.430
                0x0081037c       0x98 lib/libbootloader.a(boot_log.c.obj)
 .ramtext.osi_log.521
                0x00810414       0x24 lib/libbootloader.a(boot_log.c.obj)
                0x00810414                osiTraceBasic
                0x00810414                boot_osiTraceBasic
 .ramtext.osi_log.535
                0x00810438       0x24 lib/libbootloader.a(boot_log.c.obj)
                0x00810438                osiTraceIdBasic
                0x00810438                boot_osiTraceIdBasic
 .ramtext.flashhal.989
                0x0081045c       0xe4 lib/libhal.a(hal_spi_flash.c.obj)
                0x0081045c                halSpiFlashCmd
 .ramtext.flashhal.245
                0x00810540       0x20 lib/libhal.a(hal_spi_flash.c.obj)
 .ramtext.flashhal.313
                0x00810560       0x14 lib/libhal.a(hal_spi_flash.c.obj)
 .ramtext.flashhal.329
                0x00810574       0x24 lib/libhal.a(hal_spi_flash.c.obj)
 .ramtext.flashhal.239
                0x00810598       0x16 lib/libhal.a(hal_spi_flash.c.obj)
 .ramtext.flashhal.552
                0x008105ae        0xa lib/libhal.a(hal_spi_flash.c.obj)
                0x008105ae                halSpiFlashChipErase
 .ramtext.flashhal.509
                0x008105b8        0xa lib/libhal.a(hal_spi_flash.c.obj)
 .ramtext.flashhal.498
                0x008105c2        0xa lib/libhal.a(hal_spi_flash.c.obj)
 .ramtext.flashhal.487
                0x008105cc        0xa lib/libhal.a(hal_spi_flash.c.obj)
 .ramtext.flashhal.907
                0x008105d6       0x1a lib/libhal.a(hal_spi_flash.c.obj)
                0x008105d6                halSpiFlashErase
 .ramtext.flashhal.227
                0x008105f0       0x12 lib/libhal.a(hal_spi_flash.c.obj)
 .ramtext.flashhal.346
                0x00810602       0x18 lib/libhal.a(hal_spi_flash.c.obj)
 .ramtext.flashhal.397
                0x0081061a       0x24 lib/libhal.a(hal_spi_flash.c.obj)
 .ramtext.flashhal.476
                0x0081063e        0xc lib/libhal.a(hal_spi_flash.c.obj)
                0x0081063e                halSpiFlashPageProgram
 .ramtext.flashhal.370
                0x0081064a       0x64 lib/libhal.a(hal_spi_flash.c.obj)
 .ramtext.flashhal.1068
                0x008106ae        0xa lib/libhal.a(hal_spi_flash.c.obj)
                0x008106ae                halSpiFlashWriteEnable
 .ramtext.flashhal.414
                0x008106b8      0x184 lib/libhal.a(hal_spi_flash.c.obj)
                0x008106b8                halSpiFlashPrepareEraseProgram
 .ramtext.flashhal.450
                0x0081083c       0x6c lib/libhal.a(hal_spi_flash.c.obj)
                0x0081083c                halSpiFlashFinishEraseProgram
 .ramtext.flashhal.1076
                0x008108a8        0xa lib/libhal.a(hal_spi_flash.c.obj)
                0x008108a8                halSpiFlashWriteDisable
 .ramtext.flashhal.1084
                0x008108b2        0xa lib/libhal.a(hal_spi_flash.c.obj)
                0x008108b2                halSpiFlashResetEnable
 .ramtext.flashhal.1092
                0x008108bc        0xa lib/libhal.a(hal_spi_flash.c.obj)
                0x008108bc                halSpiFlashReset
 .ramtext.flashhal.1100
                0x008108c6       0x1a lib/libhal.a(hal_spi_flash.c.obj)
                0x008108c6                halSpiFlashReadSR
 .ramtext.flashhal.1136
                0x008108e0       0x26 lib/libhal.a(hal_spi_flash.c.obj)
                0x008108e0                halSpiFlashIsWipFinished
 .ramtext.flashhal.1149
                0x00810906       0x10 lib/libhal.a(hal_spi_flash.c.obj)
                0x00810906                halSpiFlashWaitWipFinish
 .ramtext.flashhal.1108
                0x00810916       0x6c lib/libhal.a(hal_spi_flash.c.obj)
                0x00810916                halSpiFlashWriteSR
 *fill*         0x00810982        0x2 
 .ramtext.flashhal.1272
                0x00810984      0x18c lib/libhal.a(hal_spi_flash.c.obj)
                0x00810984                halSpiFlashStatusCheck
 .ramtext.flashhal.1385
                0x00810b10      0x10c lib/libhal.a(hal_spi_flash.c.obj)
                0x00810b10                halSpiFlashInit
 .ramtext.flashhal.103
                0x00810c1c       0x44 lib/libhal.a(hal_spi_flash.c.obj)
 .ramtext.flashhal.126
                0x00810c60       0x44 lib/libhal.a(hal_spi_flash.c.obj)
 .ramtext.flashhal.149
                0x00810ca4       0x44 lib/libhal.a(hal_spi_flash.c.obj)
 .ramtext.flashhal.172
                0x00810ce8       0x3c lib/libhal.a(hal_spi_flash.c.obj)
 .ramtext.flashhal.63
                0x00810d24       0x34 lib/libhal.a(hal_spi_flash.c.obj)
 .ramtext.flashhal.82
                0x00810d58       0x3c lib/libhal.a(hal_spi_flash.c.obj)
 SORT_BY_NAME(*)(.text .text.* .gnu.linkonce.t.* .rdata .rodata .rodata.* .rodata1 .gnu.linkonce.r.*)
 .rodata._ctype_
                0x00810d94      0x101 ../../components/newlib/armca5/libc.a(lib_a-ctype_.o)
                0x00810d94                _ctype_
 *fill*         0x00810e95        0x1 
 .text.quorem   0x00810e96      0x126 ../../components/newlib/armca5/libc.a(lib_a-dtoa.o)
 .rodata._dtoa_r.str1.1
                0x00810fbc        0xd ../../components/newlib/armca5/libc.a(lib_a-dtoa.o)
                                  0xf (size before relaxing)
 *fill*         0x00810fc9        0x7 
 .text._dtoa_r  0x00810fd0      0xa50 ../../components/newlib/armca5/libc.a(lib_a-dtoa.o)
                0x00810fd0                _dtoa_r
 .text.__getreent
                0x00811a20        0xc ../../components/newlib/armca5/libc.a(lib_a-getreent.o)
                0x00811a20                __getreent
 .rodata._global_impure_ptr
                0x00811a2c        0x4 ../../components/newlib/armca5/libc.a(lib_a-impure.o)
                0x00811a2c                _global_impure_ptr
 .rodata._setlocale_r.str1.1
                0x00811a30        0x8 ../../components/newlib/armca5/libc.a(lib_a-locale.o)
                                  0x9 (size before relaxing)
 .rodata.str1.1
                0x00811a38        0x8 ../../components/newlib/armca5/libc.a(lib_a-locale.o)
                                  0x2 (size before relaxing)
 .text._localeconv_r
                0x00811a38        0x8 ../../components/newlib/armca5/libc.a(lib_a-localeconv.o)
                0x00811a38                _localeconv_r
 .text.__ascii_mbtowc
                0x00811a40       0x24 ../../components/newlib/armca5/libc.a(lib_a-mbtowc_r.o)
                0x00811a40                __ascii_mbtowc
 *fill*         0x00811a64        0xc 
 .text          0x00811a70       0xe8 ../../components/newlib/armca5/libc.a(lib_a-memchr.o)
                0x00811a70                memchr
 .text.memcmp   0x00811b58       0x5c ../../components/newlib/armca5/libc.a(lib_a-memcmp.o)
                0x00811b58                memcmp
 .text.memcpy   0x00811bb4       0xc8 ../../components/newlib/armca5/libc.a(lib_a-memcpy-stub.o)
                0x00811bb4                memcpy
 .text.memmove  0x00811c7c       0xd4 ../../components/newlib/armca5/libc.a(lib_a-memmove.o)
                0x00811c7c                memmove
 .text.memset   0x00811d50       0xa8 ../../components/newlib/armca5/libc.a(lib_a-memset.o)
                0x00811d50                memset
 .text._Balloc  0x00811df8       0x48 ../../components/newlib/armca5/libc.a(lib_a-mprec.o)
                0x00811df8                _Balloc
 .text._Bfree   0x00811e40       0x12 ../../components/newlib/armca5/libc.a(lib_a-mprec.o)
                0x00811e40                _Bfree
 .text.__multadd
                0x00811e52       0x7c ../../components/newlib/armca5/libc.a(lib_a-mprec.o)
                0x00811e52                __multadd
 .text.__hi0bits
                0x00811ece       0x40 ../../components/newlib/armca5/libc.a(lib_a-mprec.o)
                0x00811ece                __hi0bits
 .text.__lo0bits
                0x00811f0e       0x5c ../../components/newlib/armca5/libc.a(lib_a-mprec.o)
                0x00811f0e                __lo0bits
 .text.__i2b    0x00811f6a       0x12 ../../components/newlib/armca5/libc.a(lib_a-mprec.o)
                0x00811f6a                __i2b
 .text.__multiply
                0x00811f7c      0x136 ../../components/newlib/armca5/libc.a(lib_a-mprec.o)
                0x00811f7c                __multiply
 *fill*         0x008120b2        0x2 
 .text.__pow5mult
                0x008120b4       0x80 ../../components/newlib/armca5/libc.a(lib_a-mprec.o)
                0x008120b4                __pow5mult
 .text.__lshift
                0x00812134       0xbe ../../components/newlib/armca5/libc.a(lib_a-mprec.o)
                0x00812134                __lshift
 .text.__mcmp   0x008121f2       0x36 ../../components/newlib/armca5/libc.a(lib_a-mprec.o)
                0x008121f2                __mcmp
 .text.__mdiff  0x00812228       0xec ../../components/newlib/armca5/libc.a(lib_a-mprec.o)
                0x00812228                __mdiff
 .text.__d2b    0x00812314       0xa4 ../../components/newlib/armca5/libc.a(lib_a-mprec.o)
                0x00812314                __d2b
 .rodata.__mprec_bigtens
                0x008123b8       0x28 ../../components/newlib/armca5/libc.a(lib_a-mprec.o)
                0x008123b8                __mprec_bigtens
 .rodata.__mprec_tens
                0x008123e0       0xc8 ../../components/newlib/armca5/libc.a(lib_a-mprec.o)
                0x008123e0                __mprec_tens
 .rodata.p05.7384
                0x008124a8        0xc ../../components/newlib/armca5/libc.a(lib_a-mprec.o)
 *fill*         0x008124b4        0x4 
 .text.frexp    0x008124b8       0x70 ../../components/newlib/armca5/libc.a(lib_a-s_frexp.o)
                0x008124b8                frexp
 .text.snprintf
                0x00812528       0x66 ../../components/newlib/armca5/libc.a(lib_a-snprintf.o)
                0x00812528                snprintf
 *fill*         0x0081258e        0x2 
 .text.strcat   0x00812590       0x40 ../../components/newlib/armca5/libc.a(lib_a-strcat.o)
                0x00812590                strcat
 .text.strchr   0x008125d0       0xd0 ../../components/newlib/armca5/libc.a(lib_a-strchr.o)
                0x008125d0                strchr
 .text          0x008126a0      0x2dc ../../components/newlib/armca5/libc.a(lib_a-strcmp.o)
                0x008126a8                strcmp
 .text.strcpy   0x0081297c       0xc4 ../../components/newlib/armca5/libc.a(lib_a-strcpy.o)
                0x0081297c                strcpy
 .text.strdup   0x00812a40       0x14 ../../components/newlib/armca5/libc.a(lib_a-strdup.o)
                0x00812a40                strdup
 .text._strdup_r
                0x00812a54       0x24 ../../components/newlib/armca5/libc.a(lib_a-strdup_r.o)
                0x00812a54                _strdup_r
 *fill*         0x00812a78        0x8 
 .text          0x00812a80       0xdc ../../components/newlib/armca5/libc.a(lib_a-strlen.o)
                0x00812a80                strlen
 .text.strncmp  0x00812b5c       0x84 ../../components/newlib/armca5/libc.a(lib_a-strncmp.o)
                0x00812b5c                strncmp
 .text.strncpy  0x00812be0       0x74 ../../components/newlib/armca5/libc.a(lib_a-strncpy.o)
                0x00812be0                strncpy
 .text.strrchr  0x00812c54       0x24 ../../components/newlib/armca5/libc.a(lib_a-strrchr.o)
                0x00812c54                strrchr
 .text.__ssprint_r
                0x00812c78       0xea ../../components/newlib/armca5/libc.a(lib_a-svfiprintf.o)
                0x00812c78                __ssprint_r
 .rodata._svfprintf_r.str1.1
                0x00812d62       0x32 ../../components/newlib/armca5/libc.a(lib_a-svfprintf.o)
                                 0x3b (size before relaxing)
 *fill*         0x00812d94        0x4 
 .text._svfprintf_r
                0x00812d98     0x1314 ../../components/newlib/armca5/libc.a(lib_a-svfprintf.o)
                0x00812d98                _svfprintf_r
 .rodata.blanks.8611
                0x008140ac       0x10 ../../components/newlib/armca5/libc.a(lib_a-svfprintf.o)
 .rodata.zeroes.8612
                0x008140bc       0x10 ../../components/newlib/armca5/libc.a(lib_a-svfprintf.o)
 .text.__ascii_wctomb
                0x008140cc       0x1a ../../components/newlib/armca5/libc.a(lib_a-wctomb_r.o)
                0x008140cc                __ascii_wctomb
 *fill*         0x008140e6        0x2 
 .text          0x008140e8       0x30 ../../prebuilts/win32/gcc-arm-none-eabi/bin/../lib/gcc/arm-none-eabi/7.2.1/thumb/v7-ar/fpv3/hard/libgcc.a(_aeabi_uldivmod.o)
                0x008140e8                __aeabi_uldivmod
 .text          0x00814118      0x2b0 ../../prebuilts/win32/gcc-arm-none-eabi/bin/../lib/gcc/arm-none-eabi/7.2.1/thumb/v7-ar/fpv3/hard/libgcc.a(_divsi3.o)
                0x00814118                __divsi3
                0x00814118                __aeabi_idiv
                0x008143ac                __aeabi_idivmod
 .text          0x008143c8        0x4 ../../prebuilts/win32/gcc-arm-none-eabi/bin/../lib/gcc/arm-none-eabi/7.2.1/thumb/v7-ar/fpv3/hard/libgcc.a(_dvmd_tls.o)
                0x008143c8                __aeabi_idiv0
                0x008143c8                __aeabi_ldiv0
 .text          0x008143cc      0x144 ../../prebuilts/win32/gcc-arm-none-eabi/bin/../lib/gcc/arm-none-eabi/7.2.1/thumb/v7-ar/fpv3/hard/libgcc.a(_udivmoddi4.o)
                0x008143cc                __udivmoddi4
 .text          0x00814510      0x278 ../../prebuilts/win32/gcc-arm-none-eabi/bin/../lib/gcc/arm-none-eabi/7.2.1/thumb/v7-ar/fpv3/hard/libgcc.a(_udivsi3.o)
                0x00814510                __aeabi_uidiv
                0x00814510                __udivsi3
                0x0081476c                __aeabi_uidivmod
 .text          0x00814788     0x1784 components/bootloader/CMakeFiles/fdl2.dir/calibparam.bin.S.obj
                0x00814788                gDefCalibParam
 .text.bootStart
                0x00815f0c      0x194 components/bootloader/CMakeFiles/fdl2.dir/fdl2/fdl2_main.c.obj
                0x00815f0c                bootStart
 .rodata.bootStart.str1.1
                0x008160a0       0x34 components/bootloader/CMakeFiles/fdl2.dir/fdl2/fdl2_main.c.obj
 .text.blockDeviceRead
                0x008160d4        0xc lib/libbdev.a(block_device.c.obj)
                0x008160d4                blockDeviceRead
 .text.blockDeviceWrite
                0x008160e0        0xc lib/libbdev.a(block_device.c.obj)
                0x008160e0                blockDeviceWrite
 .text.blockDeviceErase
                0x008160ec        0xc lib/libbdev.a(block_device.c.obj)
                0x008160ec                blockDeviceErase
 .text.blockDeviceDestroy
                0x008160f8        0x8 lib/libbdev.a(block_device.c.obj)
                0x008160f8                blockDeviceDestroy
 .text._destroy
                0x00816100        0x4 lib/libbdev.a(partition_block_device.c.obj)
 .text._erase   0x00816104       0x14 lib/libbdev.a(partition_block_device.c.obj)
 .text._write   0x00816118       0x14 lib/libbdev.a(partition_block_device.c.obj)
 .text._read    0x0081612c       0x14 lib/libbdev.a(partition_block_device.c.obj)
 .text.partBlockDeviceCreate
                0x00816140       0x78 lib/libbdev.a(partition_block_device.c.obj)
                0x00816140                partBlockDeviceCreate
 .text.prvDestroy
                0x008161b8       0x1c lib/libbdev_core.a(flash_block_device_v2.c.obj)
 .text.prvStat  0x008161d4       0x64 lib/libbdev_core.a(flash_block_device_v2.c.obj)
 .text.prvPbGetStatus.isra.8
                0x00816238       0x14 lib/libbdev_core.a(flash_block_device_v2.c.obj)
 .text.prvEbFindGcTo
                0x0081624c       0x56 lib/libbdev_core.a(flash_block_device_v2.c.obj)
 .text.prvPbSetStatus.isra.9
                0x008162a2       0x2e lib/libbdev_core.a(flash_block_device_v2.c.obj)
 .text.prvFlashWrite
                0x008162d0       0x3c lib/libbdev_core.a(flash_block_device_v2.c.obj)
 .text.prvPbDelete
                0x0081630c       0x1e lib/libbdev_core.a(flash_block_device_v2.c.obj)
 .text.prvErase
                0x0081632a       0x72 lib/libbdev_core.a(flash_block_device_v2.c.obj)
 .text.prvFlashWriteCheck
                0x0081639c       0x28 lib/libbdev_core.a(flash_block_device_v2.c.obj)
 .text.prvFlashRead
                0x008163c4       0x44 lib/libbdev_core.a(flash_block_device_v2.c.obj)
 .text.prvPbReadTail
                0x00816408        0xe lib/libbdev_core.a(flash_block_device_v2.c.obj)
 .text.prvRead  0x00816416       0x7e lib/libbdev_core.a(flash_block_device_v2.c.obj)
 .text.prvPbMemCalcCrc.isra.13
                0x00816494       0x1c lib/libbdev_core.a(flash_block_device_v2.c.obj)
 .text.prvPbReadStatus
                0x008164b0       0xa8 lib/libbdev_core.a(flash_block_device_v2.c.obj)
 .text.prvSetGeom
                0x00816558       0xbe lib/libbdev_core.a(flash_block_device_v2.c.obj)
 *fill*         0x00816616        0x2 
 .text.prvScan  0x00816618      0x230 lib/libbdev_core.a(flash_block_device_v2.c.obj)
 .text.prvWrite
                0x00816848      0x34c lib/libbdev_core.a(flash_block_device_v2.c.obj)
 .text.flashBlockDeviceCreateV2
                0x00816b94       0xfc lib/libbdev_core.a(flash_block_device_v2.c.obj)
                0x00816b94                flashBlockDeviceCreateV2
 .text.flashBlockDeviceFormatV2
                0x00816c90       0x70 lib/libbdev_core.a(flash_block_device_v2.c.obj)
                0x00816c90                flashBlockDeviceFormatV2
 .rodata.gFbdev2Ops
                0x00816d00       0x14 lib/libbdev_core.a(flash_block_device_v2.c.obj)
 .text.crc_table_init
                0x00816d14       0x68 lib/libboot_calclib_crc.a(crc32.c.obj)
                0x00816d14                crc_table_init
 .text.crc32Init
                0x00816d7c       0x1c lib/libboot_calclib_crc.a(crc32.c.obj)
                0x00816d7c                crc32Init
 .text.crc32Update
                0x00816d98       0x38 lib/libboot_calclib_crc.a(crc32.c.obj)
                0x00816d98                crc32Update
 .text.crc32Calc
                0x00816dd0       0x38 lib/libboot_calclib_crc.a(crc32.c.obj)
                0x00816dd0                crc32Calc
 .text.crc8RohcInit
                0x00816e08       0x1c lib/libboot_calclib_crc.a(crc32.c.obj)
                0x00816e08                crc8RohcInit
 .text.crc8RohcCalc
                0x00816e24       0x2c lib/libboot_calclib_crc.a(crc32.c.obj)
                0x00816e24                crc8RohcCalc
 .text.crc16NvCalc
                0x00816e50       0x44 lib/libboot_calclib_crc.a(crc32.c.obj)
                0x00816e50                crc16NvCalc
 .text.crc16FdlCalc
                0x00816e94       0x5c lib/libboot_calclib_crc.a(crc32.c.obj)
                0x00816e94                crc16FdlCalc
 .text.disk_readp
                0x00816ef0        0x4 lib/libboot_ex_fat_rdonly.a(diskio.c.obj)
                0x00816ef0                disk_readp
 .text.ff_convert
                0x00816ef4       0x38 lib/libboot_ex_fat_rdonly.a(pff_basic.c.obj)
                0x00816ef4                ff_convert
 .text.ld_word  0x00816f2c        0x4 lib/libboot_ex_fat_rdonly.a(pff_basic.c.obj)
                0x00816f2c                ld_word
 .text.ld_dword
                0x00816f30        0x4 lib/libboot_ex_fat_rdonly.a(pff_basic.c.obj)
                0x00816f30                ld_dword
 .text.mem_set  0x00816f34        0xe lib/libboot_ex_fat_rdonly.a(pff_basic.c.obj)
                0x00816f34                mem_set
 .text.mem_cmp  0x00816f42       0x1c lib/libboot_ex_fat_rdonly.a(pff_basic.c.obj)
                0x00816f42                mem_cmp
 .text.chk_chr  0x00816f5e        0xe lib/libboot_ex_fat_rdonly.a(pff_basic.c.obj)
                0x00816f5e                chk_chr
 .text.test_lfn
                0x00816f6c       0x58 lib/libboot_ex_fat_rdonly.a(pff_basic.c.obj)
                0x00816f6c                test_lfn
 .text.sum_sfn  0x00816fc4       0x1e lib/libboot_ex_fat_rdonly.a(pff_basic.c.obj)
                0x00816fc4                sum_sfn
 *fill*         0x00816fe2        0x2 
 .text.clust2sect
                0x00816fe4       0x20 lib/libboot_ex_fat_rdonly.a(pff_basic.c.obj)
                0x00816fe4                clust2sect
 .text.get_clust
                0x00817004        0xa lib/libboot_ex_fat_rdonly.a(pff_basic.c.obj)
                0x00817004                get_clust
 *fill*         0x0081700e        0x2 
 .text.create_name
                0x00817010      0x200 lib/libboot_ex_fat_rdonly.a(pff_basic.c.obj)
                0x00817010                create_name
 .rodata.LfnOfs
                0x00817210        0xd lib/libboot_ex_fat_rdonly.a(pff_basic.c.obj)
                0x00817210                LfnOfs
 *fill*         0x0081721d        0x1 
 .rodata.Tbl    0x0081721e      0x100 lib/libboot_ex_fat_rdonly.a(pff_basic.c.obj)
 .rodata.create_name.str1.1
                0x0081731e       0x10 lib/libboot_ex_fat_rdonly.a(pff_basic.c.obj)
 *fill*         0x0081732e        0x2 
 .text.get_fat  0x00817330       0x7c lib/libboot_ex_fat_rdonly.a(pff_rdonly.c.obj)
 .text.dir_seek.constprop.2
                0x008173ac       0x44 lib/libboot_ex_fat_rdonly.a(pff_rdonly.c.obj)
 .text.pf_open  0x008173f0      0x204 lib/libboot_ex_fat_rdonly.a(pff_rdonly.c.obj)
                0x008173f0                pf_open
 .text.pf_read  0x008175f4       0xd4 lib/libboot_ex_fat_rdonly.a(pff_rdonly.c.obj)
                0x008175f4                pf_read
 .text.quec_blockDeviceRead
                0x008176c8       0x20 lib/libboot_ex_fat_rdonly.a(quec_boot_block_device.c.obj)
                0x008176c8                quec_blockDeviceRead
 .text.ql_boot_fat_open
                0x008176e8       0x1a lib/libboot_ex_fat_rdonly.a(quec_boot_pff_rdonly.c.obj)
                0x008176e8                ql_boot_fat_open
 .text.ql_boot_fat_read
                0x00817702       0x22 lib/libboot_ex_fat_rdonly.a(quec_boot_pff_rdonly.c.obj)
                0x00817702                ql_boot_fat_read
 .text.quec_get_real_path
                0x00817724       0x28 lib/libboot_ex_fat_rdonly.a(quec_boot_pff_rdonly.c.obj)
                0x00817724                quec_get_real_path
 .text.quec_boot_open_file
                0x0081774c       0x80 lib/libboot_ex_fat_rdonly.a(quec_boot_pff_rdonly.c.obj)
                0x0081774c                quec_boot_open_file
 .text.quec_bootVfsOpen
                0x008177cc       0x2a lib/libboot_ex_fat_rdonly.a(quec_boot_pff_rdonly.c.obj)
                0x008177cc                quec_bootVfsOpen
 *fill*         0x008177f6        0x2 
 .text.quec_bootVfsRead
                0x008177f8       0x30 lib/libboot_ex_fat_rdonly.a(quec_boot_pff_rdonly.c.obj)
                0x008177f8                quec_bootVfsRead
 .text.quec_bootVfsClose
                0x00817828       0x28 lib/libboot_ex_fat_rdonly.a(quec_boot_pff_rdonly.c.obj)
                0x00817828                quec_bootVfsClose
 .text.quec_bootVfsFileSize
                0x00817850       0x40 lib/libboot_ex_fat_rdonly.a(quec_boot_pff_rdonly.c.obj)
                0x00817850                quec_bootVfsFileSize
 .text.quec_bootVfsCheckPath
                0x00817890       0x12 lib/libboot_ex_fat_rdonly.a(quec_boot_pff_rdonly.c.obj)
                0x00817890                quec_bootVfsCheckPath
 .rodata.quec_boot_open_file.str1.1
                0x008178a2       0x21 lib/libboot_ex_fat_rdonly.a(quec_boot_pff_rdonly.c.obj)
 .rodata.quec_get_real_path.str1.1
                0x008178c3        0xe lib/libboot_ex_fat_rdonly.a(quec_boot_pff_rdonly.c.obj)
 *fill*         0x008178d1        0x3 
 .text.ql_boot_fat_disk_read
                0x008178d4       0x28 lib/libboot_ex_fat_rdonly.a(quec_boot_vfs.c.obj)
                0x008178d4                ql_boot_fat_disk_read
 .text.quec_check_path_type
                0x008178fc       0x88 lib/libboot_ex_ql.a(quec_boot_fota.c.obj)
                0x008178fc                quec_check_path_type
 .rodata.quec_check_path_type.str1.1
                0x00817984        0x8 lib/libboot_ex_ql.a(quec_boot_fota.c.obj)
                                 0x1d (size before relaxing)
 .text.ql_set_spi6_ext_nor_flash_status
                0x0081798c        0xc lib/libboot_ex_spi6nor.a(quec_spi6_ext_norflash_cfg.c.obj)
                0x0081798c                ql_set_spi6_ext_nor_flash_status
 .text.ql_get_spi6_ext_nor_status
                0x00817998        0xc lib/libboot_ex_spi6nor.a(quec_spi6_ext_norflash_cfg.c.obj)
                0x00817998                ql_get_spi6_ext_nor_status
 .text.quec_spi6_ext_norflash_get_mount_status
                0x008179a4        0xc lib/libboot_ex_spi6nor.a(quec_spi6_ext_norflash_cfg.c.obj)
                0x008179a4                quec_spi6_ext_norflash_get_mount_status
 .text.quec_set_spi6_ext_nor_flash_capacity
                0x008179b0       0x78 lib/libboot_ex_spi6nor.a(quec_spi6_ext_norflash_cfg.c.obj)
                0x008179b0                quec_set_spi6_ext_nor_flash_capacity
 .text.quec_spi6_ext_nor_flash_mount
                0x00817a28       0x7c lib/libboot_ex_spi6nor.a(quec_spi6_ext_norflash_cfg.c.obj)
                0x00817a28                quec_spi6_ext_nor_flash_mount
 .text.quec_spi6_ext_nor_flash_mkfs
                0x00817aa4       0x54 lib/libboot_ex_spi6nor.a(quec_spi6_ext_norflash_cfg.c.obj)
                0x00817aa4                quec_spi6_ext_nor_flash_mkfs
 .rodata.__FUNCTION__.48814
                0x00817af8       0x25 lib/libboot_ex_spi6nor.a(quec_spi6_ext_norflash_cfg.c.obj)
 .rodata.__FUNCTION__.48826
                0x00817b1d       0x1e lib/libboot_ex_spi6nor.a(quec_spi6_ext_norflash_cfg.c.obj)
 .rodata.quec_set_spi6_ext_nor_flash_capacity.str1.1
                0x00817b3b       0x5c lib/libboot_ex_spi6nor.a(quec_spi6_ext_norflash_cfg.c.obj)
 .rodata.quec_spi6_ext_nor_flash_mount.str1.1
                0x00817b97       0x2f lib/libboot_ex_spi6nor.a(quec_spi6_ext_norflash_cfg.c.obj)
 *fill*         0x00817bc6        0x2 
 .text.bootAdiBusInit
                0x00817bc8       0x28 lib/libbootloader.a(boot_adi_bus.c.obj)
                0x00817bc8                bootAdiBusInit
                0x00817bc8                halAdiBusInit
 .text.bootAdiBusRead
                0x00817bf0       0x2c lib/libbootloader.a(boot_adi_bus.c.obj)
                0x00817bf0                halAdiBusRead
                0x00817bf0                bootAdiBusRead
 .text.bootAdiBusWrite
                0x00817c1c       0x1c lib/libbootloader.a(boot_adi_bus.c.obj)
                0x00817c1c                halAdiBusWrite
                0x00817c1c                bootAdiBusWrite
 .text.quec_bootAdiBusBatchChange
                0x00817c38       0x50 lib/libbootloader.a(boot_adi_bus.c.obj)
                0x00817c38                quec_bootAdiBusBatchChange
 .text.bootAdiBusChange
                0x00817c88        0x4 lib/libbootloader.a(boot_adi_bus.c.obj)
                0x00817c88                halAdiBusChange
                0x00817c88                bootAdiBusChange
 .rodata        0x00817c8c        0x4 lib/libbootloader.a(boot_adi_bus.c.obj)
 .text._addRoundKey
                0x00817c90       0x1c lib/libbootloader.a(boot_aes.c.obj)
 .text.aesEncryptObj
                0x00817cac      0x394 lib/libbootloader.a(boot_aes.c.obj)
                0x00817cac                aesEncryptObj
 .rodata.rcon   0x00818040        0xb lib/libbootloader.a(boot_aes.c.obj)
 .rodata.sbox   0x0081804b      0x100 lib/libbootloader.a(boot_aes.c.obj)
 .rodata.x2_sbox
                0x0081814b      0x100 lib/libbootloader.a(boot_aes.c.obj)
 .rodata.x3_sbox
                0x0081824b      0x100 lib/libbootloader.a(boot_aes.c.obj)
 *fill*         0x0081834b        0x1 
 .text.bootDebuguartInit
                0x0081834c       0x3c lib/libbootloader.a(boot_debuguart.c.obj)
                0x0081834c                bootDebuguartInit
 .text.bootDebuguartWrite
                0x00818388       0x34 lib/libbootloader.a(boot_debuguart.c.obj)
                0x00818388                bootDebuguartWrite
 .text.bootDebuguartWriteAll
                0x008183bc       0x2e lib/libbootloader.a(boot_debuguart.c.obj)
                0x008183bc                bootDebuguartWriteAll
 .text.bootPanic
                0x008183ea        0x2 lib/libbootloader.a(boot_delay.c.obj)
                0x008183ea                osiPanic
                0x008183ea                bootPanic
 .text.bootElapsedTimerStart
                0x008183ec       0x10 lib/libbootloader.a(boot_delay.c.obj)
                0x008183ec                osiElapsedTimerStart
                0x008183ec                bootElapsedTimerStart
 .text.bootElapsedTime
                0x008183fc       0x1c lib/libbootloader.a(boot_delay.c.obj)
                0x008183fc                bootElapsedTime
                0x008183fc                osiElapsedTime
 .text.bootElapsedTimeUS
                0x00818418       0x14 lib/libbootloader.a(boot_delay.c.obj)
                0x00818418                bootElapsedTimeUS
                0x00818418                osiElapsedTimeUS
 .text._fdl_read.isra.1
                0x0081842c       0x2e lib/libbootloader.a(boot_fdl.c.obj)
 .text._fdl_write_all.isra.2
                0x0081845a       0x1c lib/libbootloader.a(boot_fdl.c.obj)
 *fill*         0x00818476        0x2 
 .text.fdlEngineCreate
                0x00818478       0x34 lib/libbootloader.a(boot_fdl.c.obj)
                0x00818478                fdlEngineCreate
 .text.fdlEngineGetChannel
                0x008184ac        0x4 lib/libbootloader.a(boot_fdl.c.obj)
                0x008184ac                fdlEngineGetChannel
 .text.fdlEngineGetMaxPacketLen
                0x008184b0        0x4 lib/libbootloader.a(boot_fdl.c.obj)
                0x008184b0                fdlEngineGetMaxPacketLen
 .text.fdlEngineSendPacket
                0x008184b4      0x114 lib/libbootloader.a(boot_fdl.c.obj)
                0x008184b4                fdlEngineSendPacket
 .text.fdlEngineSendRespNoData
                0x008185c8       0x1a lib/libbootloader.a(boot_fdl.c.obj)
                0x008185c8                fdlEngineSendRespNoData
 *fill*         0x008185e2        0x2 
 .text.fdlEngineSendRespData
                0x008185e4       0x60 lib/libbootloader.a(boot_fdl.c.obj)
                0x008185e4                fdlEngineSendRespData
 .text.fdlEngineSetBaud
                0x00818644        0xa lib/libbootloader.a(boot_fdl.c.obj)
                0x00818644                fdlEngineSetBaud
 *fill*         0x0081864e        0x2 
 .text.fdlEngineProcess
                0x00818650      0x170 lib/libbootloader.a(boot_fdl.c.obj)
                0x00818650                fdlEngineProcess
 .rodata.fdlEngineCreate.str1.1
                0x008187c0       0x23 lib/libbootloader.a(boot_fdl.c.obj)
 .rodata.fdlEngineProcess.str1.1
                0x008187e3       0x7e lib/libbootloader.a(boot_fdl.c.obj)
 .rodata.fdlEngineSendRespData.str1.1
                0x00818861       0x1d lib/libbootloader.a(boot_fdl.c.obj)
 *fill*         0x0081887e        0x2 
 .text.prvFlashPolling
                0x00818880       0xac lib/libbootloader.a(boot_fdl_dnld.c.obj)
 .text.prvPolling
                0x0081892c       0x8c lib/libbootloader.a(boot_fdl_dnld.c.obj)
 .text.prvFlashSkipEraseCheck
                0x008189b8       0x4c lib/libbootloader.a(boot_fdl_dnld.c.obj)
 .text.prvMountModem.isra.2
                0x00818a04        0xc lib/libbootloader.a(boot_fdl_dnld.c.obj)
 .text.prvFactoryNvHack
                0x00818a10       0x70 lib/libbootloader.a(boot_fdl_dnld.c.obj)
 .text.prvMountFactory
                0x00818a80       0x20 lib/libbootloader.a(boot_fdl_dnld.c.obj)
 .text.prvFsPrepare.part.5
                0x00818aa0       0x2c lib/libbootloader.a(boot_fdl_dnld.c.obj)
 .text.prvProcessPkt
                0x00818acc      0xaa8 lib/libbootloader.a(boot_fdl_dnld.c.obj)
 .text.fdlDnldStart
                0x00819574      0x138 lib/libbootloader.a(boot_fdl_dnld.c.obj)
                0x00819574                fdlDnldStart
 .rodata        0x008196ac        0x8 lib/libbootloader.a(boot_fdl_dnld.c.obj)
 .rodata.__FUNCTION__.48364
                0x008196b4        0xf lib/libbootloader.a(boot_fdl_dnld.c.obj)
 .rodata.fdlDnldStart.str1.1
                0x008196c3       0xd2 lib/libbootloader.a(boot_fdl_dnld.c.obj)
 .rodata.prvFlashSkipEraseCheck.str1.1
                0x00819795       0x33 lib/libbootloader.a(boot_fdl_dnld.c.obj)
 .rodata.prvMountFactory.str1.1
                0x008197c8        0x9 lib/libbootloader.a(boot_fdl_dnld.c.obj)
 .rodata.prvMountModem.isra.2.str1.1
                0x008197d1        0x7 lib/libbootloader.a(boot_fdl_dnld.c.obj)
 .rodata.prvPolling.str1.1
                0x008197d8       0x3e lib/libbootloader.a(boot_fdl_dnld.c.obj)
 .rodata.prvProcessPkt.str1.1
                0x00819816      0x2c4 lib/libbootloader.a(boot_fdl_dnld.c.obj)
 *fill*         0x00819ada        0x2 
 .text.bootIrqHandler
                0x00819adc       0x1c lib/libbootloader.a(boot_irq.c.obj)
                0x00819adc                bootIrqHandler
 .text.prvParamCount
                0x00819af8       0x30 lib/libbootloader.a(boot_log.c.obj)
 .text.prvParamBuf
                0x00819b28       0xc4 lib/libbootloader.a(boot_log.c.obj)
 .text.prvTraceIdBasic
                0x00819bec       0x74 lib/libbootloader.a(boot_log.c.obj)
                0x00819bec                prvTraceIdBasic
 .text.prvTraceIdEx
                0x00819c60       0x9c lib/libbootloader.a(boot_log.c.obj)
                0x00819c60                prvTraceIdEx
 .text.boot_osiTraceIdEx
                0x00819cfc       0x24 lib/libbootloader.a(boot_log.c.obj)
                0x00819cfc                osiTraceIdEx
                0x00819cfc                boot_osiTraceIdEx
 .text.boot_osiTraceVprintf
                0x00819d20      0x2a0 lib/libbootloader.a(boot_log.c.obj)
                0x00819d20                boot_osiTraceVprintf
                0x00819d20                osiTraceVprintf
 .text.boot_osiTracePrintf
                0x00819fc0       0x24 lib/libbootloader.a(boot_log.c.obj)
                0x00819fc0                osiTracePrintf
                0x00819fc0                boot_osiTracePrintf
 .rodata.parbufsize.45828
                0x00819fe4       0x18 lib/libbootloader.a(boot_log.c.obj)
 .rodata.parcount.45827
                0x00819ffc       0x18 lib/libbootloader.a(boot_log.c.obj)
 .rodata.prvParamBuf.str1.1
                0x0081a014        0x7 lib/libbootloader.a(boot_log.c.obj)
 *fill*         0x0081a01b        0x1 
 .text._heap_malloc
                0x0081a01c       0x38 lib/libbootloader.a(boot_mem.c.obj)
 .text._heap_calloc
                0x0081a054       0x26 lib/libbootloader.a(boot_mem.c.obj)
 .text._heap_free
                0x0081a07a       0x76 lib/libbootloader.a(boot_mem.c.obj)
 .text.bootHeapInit
                0x0081a0f0       0x48 lib/libbootloader.a(boot_mem.c.obj)
                0x0081a0f0                bootHeapInit
 .text.bootFree
                0x0081a138       0x38 lib/libbootloader.a(boot_mem.c.obj)
                0x0081a138                bootFree
 .text.bootHeapDefaultExtRam
                0x0081a170       0x10 lib/libbootloader.a(boot_mem.c.obj)
                0x0081a170                bootHeapDefaultExtRam
 .text.malloc   0x0081a180       0x10 lib/libbootloader.a(boot_mem.c.obj)
                0x0081a180                malloc
 .text.calloc   0x0081a190       0x10 lib/libbootloader.a(boot_mem.c.obj)
                0x0081a190                calloc
 .text.realloc  0x0081a1a0       0x6c lib/libbootloader.a(boot_mem.c.obj)
                0x0081a1a0                realloc
 .text.free     0x0081a20c        0x4 lib/libbootloader.a(boot_mem.c.obj)
                0x0081a20c                free
 .text.bootMmuEnable
                0x0081a210      0x214 lib/libbootloader.a(boot_mmu.c.obj)
                0x0081a210                bootMmuEnable
 .text.osiMutexCreate
                0x0081a424        0x4 lib/libbootloader.a(boot_override.c.obj)
                0x0081a424                osiMutexCreate
 .text.osiMutexDelete
                0x0081a428        0x2 lib/libbootloader.a(boot_override.c.obj)
                0x0081a428                osiMutexDelete
 .text.osiMutexLock
                0x0081a42a        0x2 lib/libbootloader.a(boot_override.c.obj)
                0x0081a42a                osiMutexLock
 .text.osiMutexUnlock
                0x0081a42c        0x2 lib/libbootloader.a(boot_override.c.obj)
                0x0081a42c                osiMutexUnlock
 *fill*         0x0081a42e        0x2 
 .text.bootReset
                0x0081a430       0x48 lib/libbootloader.a(boot_platform_8910.c.obj)
                0x0081a430                bootReset
 .text._psmPrepare
                0x0081a478      0x144 lib/libbootloader.a(boot_platform_8910.c.obj)
                0x0081a478                _psmPrepare
 .text.bootPowerOff
                0x0081a5bc       0x34 lib/libbootloader.a(boot_platform_8910.c.obj)
                0x0081a5bc                bootPowerOff
 .text.bootBlueScreen
                0x0081a5f0        0xc lib/libbootloader.a(boot_platform_8910.c.obj)
                0x0081a5f0                bootBlueScreen
 .text.prvRomHashInit
                0x0081a5fc       0x10 lib/libbootloader.a(boot_secure.c.obj)
 .text.prvRomHashUpdate
                0x0081a60c        0xc lib/libbootloader.a(boot_secure.c.obj)
 .text.prvSecureInit
                0x0081a618       0x8c lib/libbootloader.a(boot_secure.c.obj)
 .text.prvEmbeddedSigCheck
                0x0081a6a4      0x100 lib/libbootloader.a(boot_secure.c.obj)
 .text.bootSecureBootEnable
                0x0081a7a4       0x28 lib/libbootloader.a(boot_secure.c.obj)
                0x0081a7a4                bootSecureBootEnable
 .text.bootSecureUimageSigCheck
                0x0081a7cc       0x22 lib/libbootloader.a(boot_secure.c.obj)
                0x0081a7cc                bootSecureUimageSigCheck
 .text.bootSecureEmbeddedSigCheck
                0x0081a7ee       0x20 lib/libbootloader.a(boot_secure.c.obj)
                0x0081a7ee                bootSecureEmbeddedSigCheck
 *fill*         0x0081a80e        0x2 
 .text.bootAntiCloneEncryption
                0x0081a810       0x4c lib/libbootloader.a(boot_secure.c.obj)
                0x0081a810                bootAntiCloneEncryption
 .rodata.prvEmbeddedSigCheck.str1.1
                0x0081a85c       0x10 lib/libbootloader.a(boot_secure.c.obj)
 .text.drvSpiFlashOpen
                0x0081a86c        0x4 lib/libbootloader.a(boot_sffs_port.c.obj)
                0x0081a86c                drvSpiFlashOpen
 .text.drvSpiFlashMapAddress
                0x0081a870        0x4 lib/libbootloader.a(boot_sffs_port.c.obj)
                0x0081a870                drvSpiFlashMapAddress
 .text.drvSpiFlashWrite
                0x0081a874        0x4 lib/libbootloader.a(boot_sffs_port.c.obj)
                0x0081a874                drvSpiFlashWrite
 .text.drvSpiFlashErase
                0x0081a878        0x4 lib/libbootloader.a(boot_sffs_port.c.obj)
                0x0081a878                drvSpiFlashErase
 .text.prvErase
                0x0081a87c       0x1e lib/libbootloader.a(boot_spi_flash.c.obj)
 *fill*         0x0081a89a        0x2 
 .text.bootSpiFlashOpen
                0x0081a89c       0x64 lib/libbootloader.a(boot_spi_flash.c.obj)
                0x0081a89c                bootSpiFlashOpen
 .text.bootSpiFlashCapacity
                0x0081a900        0x6 lib/libbootloader.a(boot_spi_flash.c.obj)
                0x0081a900                bootSpiFlashCapacity
 .text.bootSpiFlashMapAddress
                0x0081a906        0x6 lib/libbootloader.a(boot_spi_flash.c.obj)
                0x0081a906                bootSpiFlashMapAddress
 .text.bootSpiFlashMapAddressValid
                0x0081a90c       0x18 lib/libbootloader.a(boot_spi_flash.c.obj)
                0x0081a90c                bootSpiFlashMapAddressValid
 .text.bootSpiFlashIsDone
                0x0081a924        0x6 lib/libbootloader.a(boot_spi_flash.c.obj)
                0x0081a924                bootSpiFlashIsDone
 .text.bootSpiFlashWaitDone
                0x0081a92a       0x16 lib/libbootloader.a(boot_spi_flash.c.obj)
                0x0081a92a                bootSpiFlashWaitDone
 .text.bootSpiFlashWriteNoWait
                0x0081a940       0x72 lib/libbootloader.a(boot_spi_flash.c.obj)
                0x0081a940                bootSpiFlashWriteNoWait
 .text.bootSpiFlashEraseNoWait
                0x0081a9b2       0xd6 lib/libbootloader.a(boot_spi_flash.c.obj)
                0x0081a9b2                bootSpiFlashEraseNoWait
 .text.bootSpiFlashChipErase
                0x0081aa88       0x36 lib/libbootloader.a(boot_spi_flash.c.obj)
                0x0081aa88                bootSpiFlashChipErase
 .text.bootSpiFlashErase
                0x0081aabe       0x3c lib/libbootloader.a(boot_spi_flash.c.obj)
                0x0081aabe                bootSpiFlashErase
 .text.bootSpiFlashWrite
                0x0081aafa       0x46 lib/libbootloader.a(boot_spi_flash.c.obj)
                0x0081aafa                bootSpiFlashWrite
 .rodata.bootSpiFlashOpen.str1.1
                0x0081ab40       0x20 lib/libbootloader.a(boot_spi_flash.c.obj)
 .text.bootTimerISR
                0x0081ab60       0x1c lib/libbootloader.a(boot_timer.c.obj)
                0x0081ab60                bootTimerISR
 .text.bootTraceInit
                0x0081ab7c       0x18 lib/libbootloader.a(boot_trace.c.obj)
                0x0081ab7c                bootTraceInit
 .text.bootTraceBufPut
                0x0081ab94        0xa lib/libbootloader.a(boot_trace.c.obj)
                0x0081ab94                bootTraceBufPut
                0x0081ab94                osiTraceBufPut
 .text.bootTraceBufPutMulti
                0x0081ab9e       0x22 lib/libbootloader.a(boot_trace.c.obj)
                0x0081ab9e                bootTraceBufPutMulti
                0x0081ab9e                osiTraceBufPutMulti
 .text.prvUartBaudSupported
                0x0081abc0       0x14 lib/libbootloader.a(boot_uart.c.obj)
 .text.prvUartAvail
                0x0081abd4        0xa lib/libbootloader.a(boot_uart.c.obj)
 .text.prvUartFlush
                0x0081abde        0x2 lib/libbootloader.a(boot_uart.c.obj)
 .text.prvUartConnected
                0x0081abe0        0x4 lib/libbootloader.a(boot_uart.c.obj)
 .text.prvUartDestroy
                0x0081abe4        0x4 lib/libbootloader.a(boot_uart.c.obj)
 .text.bootUartSetBaud
                0x0081abe8       0x2c lib/libbootloader.a(boot_uart.c.obj)
                0x0081abe8                bootUartSetBaud
 .text.bootUartOpen
                0x0081ac14       0x94 lib/libbootloader.a(boot_uart.c.obj)
                0x0081ac14                bootUartOpen
 .text.prvUartSetBaud
                0x0081aca8        0x6 lib/libbootloader.a(boot_uart.c.obj)
 .text.bootUartRead
                0x0081acae       0x24 lib/libbootloader.a(boot_uart.c.obj)
                0x0081acae                bootUartRead
 .text.prvUartFlushInput
                0x0081acd2       0x18 lib/libbootloader.a(boot_uart.c.obj)
 .text.prvUartRead
                0x0081acea        0x6 lib/libbootloader.a(boot_uart.c.obj)
 .text.bootUartWrite
                0x0081acf0       0x2e lib/libbootloader.a(boot_uart.c.obj)
                0x0081acf0                bootUartWrite
 .text.prvUartWrite
                0x0081ad1e        0x6 lib/libbootloader.a(boot_uart.c.obj)
 .text.fdlOpenUart
                0x0081ad24       0x7c lib/libbootloader.a(boot_uart.c.obj)
                0x0081ad24                fdlOpenUart
 .text._giveBackComplete.isra.1
                0x0081ada0       0x1e lib/libbootloader.a(boot_udc.c.obj)
 *fill*         0x0081adbe        0x2 
 .text._epXferStart
                0x0081adc0      0x140 lib/libbootloader.a(boot_udc.c.obj)
 .text._txFifoFlush.isra.4
                0x0081af00       0x18 lib/libbootloader.a(boot_udc.c.obj)
 .text._epIsr   0x0081af18      0x18c lib/libbootloader.a(boot_udc.c.obj)
 .text._initUdcCommonConfig.constprop.8
                0x0081b0a4       0x78 lib/libbootloader.a(boot_udc.c.obj)
 .text._setHwEpMps.isra.0.constprop.9
                0x0081b11c       0x2e lib/libbootloader.a(boot_udc.c.obj)
 *fill*         0x0081b14a        0x2 
 .text.bootUdcOpen
                0x0081b14c       0xa0 lib/libbootloader.a(boot_udc.c.obj)
                0x0081b14c                bootUdcOpen
 .text.bootUdcClose
                0x0081b1ec        0x2 lib/libbootloader.a(boot_udc.c.obj)
                0x0081b1ec                bootUdcClose
 .text.bootUdcConnected
                0x0081b1ee       0x18 lib/libbootloader.a(boot_udc.c.obj)
                0x0081b1ee                bootUdcConnected
 *fill*         0x0081b206        0x2 
 .text.bootUdcIsrPoll
                0x0081b208       0xd4 lib/libbootloader.a(boot_udc.c.obj)
                0x0081b208                bootUdcIsrPoll
 .text.bootUdcXferEnqueue
                0x0081b2dc       0xa0 lib/libbootloader.a(boot_udc.c.obj)
                0x0081b2dc                bootUdcXferEnqueue
 .text.bootUdcXferAlloc
                0x0081b37c       0x24 lib/libbootloader.a(boot_udc.c.obj)
                0x0081b37c                bootUdcXferAlloc
 .text.bootUdcXferFree
                0x0081b3a0        0x6 lib/libbootloader.a(boot_udc.c.obj)
                0x0081b3a0                bootUdcXferFree
 .text.bootUdcRomSerialInEp
                0x0081b3a6        0x6 lib/libbootloader.a(boot_udc.c.obj)
                0x0081b3a6                bootUdcRomSerialInEp
 .text.bootUdcRomSerialOutEp
                0x0081b3ac        0x8 lib/libbootloader.a(boot_udc.c.obj)
                0x0081b3ac                bootUdcRomSerialOutEp
 .rodata._epIsr.str1.1
                0x0081b3b4       0xb7 lib/libbootloader.a(boot_udc.c.obj)
 .rodata._epXferStart.str1.1
                0x0081b46b       0x1e lib/libbootloader.a(boot_udc.c.obj)
 .rodata.bootUdcIsrPoll.str1.1
                0x0081b489       0x2e lib/libbootloader.a(boot_udc.c.obj)
 .rodata.bootUdcXferAlloc.str1.1
                0x0081b4b7       0x1c lib/libbootloader.a(boot_udc.c.obj)
 .rodata.bootUdcXferEnqueue.str1.1
                0x0081b4d3       0x32 lib/libbootloader.a(boot_udc.c.obj)
 *fill*         0x0081b505        0x1 
 .text._setBaud
                0x0081b506        0x4 lib/libbootloader.a(boot_usb_fdl_channel.c.obj)
 .text._flush   0x0081b50a        0x2 lib/libbootloader.a(boot_usb_fdl_channel.c.obj)
 .text._connected
                0x0081b50c        0x6 lib/libbootloader.a(boot_usb_fdl_channel.c.obj)
 *fill*         0x0081b512        0x2 
 .text._txComp  0x0081b514       0x24 lib/libbootloader.a(boot_usb_fdl_channel.c.obj)
 .text._destroy
                0x0081b538       0x24 lib/libbootloader.a(boot_usb_fdl_channel.c.obj)
 .text._rxComp  0x0081b55c       0x5c lib/libbootloader.a(boot_usb_fdl_channel.c.obj)
 .text._write   0x0081b5b8       0xb8 lib/libbootloader.a(boot_usb_fdl_channel.c.obj)
 .text._startRx
                0x0081b670       0x54 lib/libbootloader.a(boot_usb_fdl_channel.c.obj)
 .text._poll    0x0081b6c4       0x34 lib/libbootloader.a(boot_usb_fdl_channel.c.obj)
 .text._flushInput
                0x0081b6f8       0x14 lib/libbootloader.a(boot_usb_fdl_channel.c.obj)
 .text._read    0x0081b70c       0x1c lib/libbootloader.a(boot_usb_fdl_channel.c.obj)
 .text._avail   0x0081b728       0x10 lib/libbootloader.a(boot_usb_fdl_channel.c.obj)
 .text.fdlOpenUsbSerial
                0x0081b738      0x110 lib/libbootloader.a(boot_usb_fdl_channel.c.obj)
                0x0081b738                fdlOpenUsbSerial
 .rodata._poll.str1.1
                0x0081b848       0x15 lib/libbootloader.a(boot_usb_fdl_channel.c.obj)
 .rodata._rxComp.str1.1
                0x0081b85d       0x43 lib/libbootloader.a(boot_usb_fdl_channel.c.obj)
 .rodata._startRx.str1.1
                0x0081b8a0       0x16 lib/libbootloader.a(boot_usb_fdl_channel.c.obj)
 .rodata._txComp.str1.1
                0x0081b8b6       0x19 lib/libbootloader.a(boot_usb_fdl_channel.c.obj)
 .rodata._write.str1.1
                0x0081b8cf       0x39 lib/libbootloader.a(boot_usb_fdl_channel.c.obj)
 .text._getFileByFd
                0x0081b908       0x34 lib/libbootloader.a(boot_vfs.c.obj)
 .text._getFileByPath
                0x0081b93c       0x70 lib/libbootloader.a(boot_vfs.c.obj)
 .text.quec_boot_jump_kernel
                0x0081b9ac       0x38 lib/libbootloader.a(boot_vfs.c.obj)
                0x0081b9ac                quec_boot_jump_kernel
 .text.bootVfsMount
                0x0081b9e4       0x6c lib/libbootloader.a(boot_vfs.c.obj)
                0x0081b9e4                bootVfsMount
 .text.bootVfsMountHandle
                0x0081ba50       0x34 lib/libbootloader.a(boot_vfs.c.obj)
                0x0081ba50                vfs_mount_handle
                0x0081ba50                bootVfsMountHandle
 .text.bootVfsUmount
                0x0081ba84       0x50 lib/libbootloader.a(boot_vfs.c.obj)
                0x0081ba84                bootVfsUmount
                0x0081ba84                vfs_umount
 .text.bootVfsRemount
                0x0081bad4       0x38 lib/libbootloader.a(boot_vfs.c.obj)
                0x0081bad4                bootVfsRemount
                0x0081bad4                vfs_remount
 .text.bootVfsUmountAll
                0x0081bb0c       0x20 lib/libbootloader.a(boot_vfs.c.obj)
                0x0081bb0c                bootVfsUmountAll
                0x0081bb0c                vfs_umount_all
 .text.bootVfsOpen
                0x0081bb2c       0x64 lib/libbootloader.a(boot_vfs.c.obj)
                0x0081bb2c                vfs_open
                0x0081bb2c                bootVfsOpen
 .text.bootVfsRead
                0x0081bb90       0x36 lib/libbootloader.a(boot_vfs.c.obj)
                0x0081bb90                vfs_read
                0x0081bb90                bootVfsRead
 .text.bootVfsClose
                0x0081bbc6       0x30 lib/libbootloader.a(boot_vfs.c.obj)
                0x0081bbc6                vfs_close
                0x0081bbc6                bootVfsClose
 .text.bootVfsUnlink
                0x0081bbf6       0x32 lib/libbootloader.a(boot_vfs.c.obj)
                0x0081bbf6                bootVfsUnlink
                0x0081bbf6                vfs_unlink
 .text.bootVfsRmDir
                0x0081bc28       0x24 lib/libbootloader.a(boot_vfs.c.obj)
                0x0081bc28                bootVfsRmDir
                0x0081bc28                vfs_rmdir
 .text.bootVfsStatVfs
                0x0081bc4c       0x24 lib/libbootloader.a(boot_vfs.c.obj)
                0x0081bc4c                bootVfsStatVfs
                0x0081bc4c                vfs_statvfs
 .text.bootVfsFileRead
                0x0081bc70       0x2a lib/libbootloader.a(boot_vfs.c.obj)
                0x0081bc70                vfs_sfile_read
                0x0081bc70                vfs_file_read
                0x0081bc70                bootVfsFileRead
 .text.bootVfsFileWrite
                0x0081bc9a       0x2c lib/libbootloader.a(boot_vfs.c.obj)
                0x0081bc9a                vfs_file_write
                0x0081bc9a                bootVfsFileWrite
 .text.bootVfsSfileWrite
                0x0081bcc6       0x38 lib/libbootloader.a(boot_vfs.c.obj)
                0x0081bcc6                vfs_sfile_write
                0x0081bcc6                bootVfsSfileWrite
 *fill*         0x0081bcfe        0x2 
 .text.quec_boot_fota_force_finish
                0x0081bd00       0x50 lib/libbootloader.a(boot_vfs.c.obj)
                0x0081bd00                quec_boot_fota_force_finish
 .text.bootVfsFstat
                0x0081bd50       0x36 lib/libbootloader.a(boot_vfs.c.obj)
                0x0081bd50                vfs_fstat
                0x0081bd50                bootVfsFstat
 .text.bootVfsFileSize
                0x0081bd86       0x42 lib/libbootloader.a(boot_vfs.c.obj)
                0x0081bd86                vfs_file_size
                0x0081bd86                bootVfsFileSize
                0x0081bd86                vfs_sfile_size
 .text.bootVfsMkPath
                0x0081bdc8       0x60 lib/libbootloader.a(boot_vfs.c.obj)
                0x0081bdc8                vfs_mkpath
                0x0081bdc8                bootVfsMkPath
 .text.bootVfsMkFilePath
                0x0081be28       0x70 lib/libbootloader.a(boot_vfs.c.obj)
                0x0081be28                vfs_mkfilepath
                0x0081be28                bootVfsMkFilePath
 .text.bootVfsRmChildren
                0x0081be98       0xd0 lib/libbootloader.a(boot_vfs.c.obj)
                0x0081be98                bootVfsRmChildren
                0x0081be98                vfs_rmchildren
 .text.bootSffsMount
                0x0081bf68       0x3e lib/libbootloader.a(boot_vfs.c.obj)
                0x0081bf68                bootSffsMount
                0x0081bf68                sffsVfsMount
 .text.bootSffsMkfs
                0x0081bfa6        0xa lib/libbootloader.a(boot_vfs.c.obj)
                0x0081bfa6                sffsVfsMkfs
                0x0081bfa6                bootSffsMkfs
 .rodata.__FUNCTION__.8913
                0x0081bfb0       0x1c lib/libbootloader.a(boot_vfs.c.obj)
 .rodata.__FUNCTION__.8965
                0x0081bfcc        0xc lib/libbootloader.a(boot_vfs.c.obj)
 .rodata.bootVfsOpen.str1.1
                0x0081bfd8       0x10 lib/libbootloader.a(boot_vfs.c.obj)
 .rodata.bootVfsRmChildren.str1.1
                0x0081bfe8        0x2 lib/libbootloader.a(boot_vfs.c.obj)
 .rodata.quec_boot_fota_force_finish.str1.1
                0x0081bfe8       0x1d lib/libbootloader.a(boot_vfs.c.obj)
 *fill*         0x0081c005        0x1 
 .text.btConfigNvCheck
                0x0081c006       0x10 lib/libbt_nv.a(bt_nv.c.obj)
                0x0081c006                btConfigNvCheck
 .text.btConfigNvMigration
                0x0081c016       0x30 lib/libbt_nv.a(bt_nv.c.obj)
                0x0081c016                btConfigNvMigration
 *fill*         0x0081c046        0x2 
 .text.prvPushHead
                0x0081c048      0x1ac lib/libcpio_parser.a(cpio_parser.c.obj)
 .text.prvPushData
                0x0081c1f4       0xf4 lib/libcpio_parser.a(cpio_parser.c.obj)
 .text.cpioStreamCreate
                0x0081c2e8       0x2e lib/libcpio_parser.a(cpio_parser.c.obj)
                0x0081c2e8                cpioStreamCreate
 .text.cpioStreamDestroy
                0x0081c316       0x56 lib/libcpio_parser.a(cpio_parser.c.obj)
                0x0081c316                cpioStreamDestroy
 .text.cpioStreamPushData
                0x0081c36c       0x38 lib/libcpio_parser.a(cpio_parser.c.obj)
                0x0081c36c                cpioStreamPushData
 .text.cpioStreamPopFile
                0x0081c3a4       0x38 lib/libcpio_parser.a(cpio_parser.c.obj)
                0x0081c3a4                cpioStreamPopFile
 .text.cpioStreamDestroyFile
                0x0081c3dc       0x1c lib/libcpio_parser.a(cpio_parser.c.obj)
                0x0081c3dc                cpioStreamDestroyFile
 .rodata.prvPushData.str1.1
                0x0081c3f8        0xb lib/libcpio_parser.a(cpio_parser.c.obj)
 .rodata.prvPushHead.str1.1
                0x0081c403       0x3a lib/libcpio_parser.a(cpio_parser.c.obj)
 *fill*         0x0081c43d        0x3 
 .text          0x0081c440      0x160 lib/libfs_partinfo.a(partinfo.bin.S.obj)
                0x0081c440                gPartInfo
 .text.quec_fs_part_info_init
                0x0081c5a0       0x10 lib/libfs_partinfo.a(ql_fs_part_info.c.obj)
                0x0081c5a0                quec_fs_part_info_init
 .text.prvFlagIgnored
                0x0081c5b0       0x20 lib/libfsmount.a(fs_mount.c.obj)
 .text.prvRegisterBlockDevice
                0x0081c5d0       0x44 lib/libfsmount.a(fs_mount.c.obj)
 .text.fsFindBlockDeviceByName
                0x0081c614       0x18 lib/libfsmount.a(fs_mount.c.obj)
                0x0081c614                fsFindBlockDeviceByName
 .text.prvCreateSubpart
                0x0081c62c       0x64 lib/libfsmount.a(fs_mount.c.obj)
 .text.prvDescSize
                0x0081c690       0x38 lib/libfsmount.a(fs_mount.c.obj)
                0x0081c690                prvDescSize
 .text.prvFindSffsDescByMount
                0x0081c6c8       0x4c lib/libfsmount.a(fs_mount.c.obj)
 .text.prvFindFbdevDescByName
                0x0081c714       0x3c lib/libfsmount.a(fs_mount.c.obj)
 .text.prvFindSffsDescByDeviceName
                0x0081c750       0x3c lib/libfsmount.a(fs_mount.c.obj)
 .text.prvMountSffs
                0x0081c78c       0xb4 lib/libfsmount.a(fs_mount.c.obj)
                0x0081c78c                prvMountSffs
 .text.prvCreateFbdev2
                0x0081c840       0xc0 lib/libfsmount.a(fs_mount.c.obj)
                0x0081c840                prvCreateFbdev2
 .text.fsMountFormat
                0x0081c900       0x44 lib/libfsmount.a(fs_mount.c.obj)
                0x0081c900                fsMountFormat
 .text.fsMountFsPath
                0x0081c944       0x58 lib/libfsmount.a(fs_mount.c.obj)
                0x0081c944                fsMountFsPath
 .text.fsMountFormatFlash
                0x0081c99c      0x14c lib/libfsmount.a(fs_mount.c.obj)
                0x0081c99c                fsMountFormatFlash
 .text.fsMountSetScenario
                0x0081cae8       0x14 lib/libfsmount.a(fs_mount.c.obj)
                0x0081cae8                fsMountSetScenario
 .text.fsMountWithFormatAll
                0x0081cafc      0x144 lib/libfsmount.a(fs_mount.c.obj)
                0x0081cafc                fsMountWithFormatAll
 .text.fsUmountAll
                0x0081cc40       0x24 lib/libfsmount.a(fs_mount.c.obj)
                0x0081cc40                fsUmountAll
 .text.fsRemountFactory
                0x0081cc64       0x30 lib/libfsmount.a(fs_mount.c.obj)
                0x0081cc64                fsRemountFactory
 .rodata.fsRemountFactory.str1.1
                0x0081cc94        0x9 lib/libfsmount.a(fs_mount.c.obj)
 .rodata.prvCreateFbdev2.str1.1
                0x0081cc94       0x1d lib/libfsmount.a(fs_mount.c.obj)
 .rodata.str1.1
                0x0081ccb1       0x1f lib/libfupdate_core.a(fupdate_common.c.obj)
                                 0x30 (size before relaxing)
 .text.halCalcDivider20
                0x0081ccd0       0x88 lib/libhal.a(hal_chip.c.obj)
                0x0081ccd0                halCalcDivider20
 .text.osiDCacheClean
                0x0081cd58       0x1c lib/libhal.a(hal_chip_8910.c.obj)
                0x0081cd58                osiDCacheClean
 .text.osiDCacheInvalidate
                0x0081cd74       0x18 lib/libhal.a(hal_chip_8910.c.obj)
                0x0081cd74                osiDCacheInvalidate
 .text.osiDCacheCleanInvalidateAll
                0x0081cd8c       0xac lib/libhal.a(hal_chip_8910.c.obj)
                0x0081cd8c                osiDCacheCleanInvalidateAll
 .text.halSaveBlueScreenReg
                0x0081ce38      0x210 lib/libhal.a(hal_chip_armv7a.c.obj)
                0x0081ce38                halSaveBlueScreenReg
 .text.prvRamPhyPadCfg
                0x0081d048       0xb4 lib/libhal.a(hal_clock_init.c.obj)
 .text.prvRamDmcCfg
                0x0081d0fc       0xbc lib/libhal.a(hal_clock_init.c.obj)
 .text.prvDelayUS
                0x0081d1b8       0x14 lib/libhal.a(hal_clock_init.c.obj)
 .text._dmc400QosConfig
                0x0081d1cc      0x164 lib/libhal.a(hal_clock_init.c.obj)
 .text.halPsramPllTrainAds0
                0x0081d330       0x3c lib/libhal.a(hal_clock_init.c.obj)
 .text.halPsramPllTrainAds1
                0x0081d36c       0x3c lib/libhal.a(hal_clock_init.c.obj)
 .text.halWriteDllTrain
                0x0081d3a8       0x40 lib/libhal.a(hal_clock_init.c.obj)
 .text.halRamInit
                0x0081d3e8       0xb8 lib/libhal.a(hal_clock_init.c.obj)
                0x0081d3e8                halRamInit
 .text.halClockInit
                0x0081d4a0      0x23c lib/libhal.a(hal_clock_init.c.obj)
                0x0081d4a0                halClockInit
 .rodata        0x0081d6dc        0x8 lib/libhal.a(hal_clock_init.c.obj)
 .text.prvEfuseSetDouble
                0x0081d6e4       0x10 lib/libhal.a(hal_efuse_8910.c.obj)
 .text.halEfuseOpen
                0x0081d6f4       0x60 lib/libhal.a(hal_efuse_8910.c.obj)
                0x0081d6f4                halEfuseOpen
 .text.halEfuseClose
                0x0081d754       0x48 lib/libhal.a(hal_efuse_8910.c.obj)
                0x0081d754                halEfuseClose
 .text.halEfuseDoubleRead
                0x0081d79c       0x3c lib/libhal.a(hal_efuse_8910.c.obj)
                0x0081d79c                halEfuseDoubleRead
 .text.halHwspinlockAcquire
                0x0081d7d8       0x38 lib/libhal.a(hal_hwspinlock.c.obj)
                0x0081d7d8                halHwspinlockAcquire
 .text.halHwspinlockRelease
                0x0081d810       0x14 lib/libhal.a(hal_hwspinlock.c.obj)
                0x0081d810                halHwspinlockRelease
 .text.halHwspinlockReleaseInCritical
                0x0081d824       0x14 lib/libhal.a(hal_hwspinlock.c.obj)
                0x0081d824                halHwspinlockReleaseInCritical
 .rodata.str1.1
                0x0081d838       0x19 lib/libhal.a(hal_spi_flash.c.obj)
 *fill*         0x0081d851        0x3 
 .text.quec_spi_flash_props_init
                0x0081d854       0x20 lib/libhal_prop.a(ql_hal_spi_flash_prop.c.obj)
                0x0081d854                quec_spi_flash_props_init
 .text.quec_mipi_lcd_clk_set
                0x0081d874       0x14 lib/libhal_prop.a(ql_hal_spi_flash_prop.c.obj)
                0x0081d874                quec_mipi_lcd_clk_set
 .text.prvGetDescById
                0x0081d888       0x20 lib/libnvm.a(nvm_8910.c.obj)
 .text.nvmEncryptCalibItem.part.0
                0x0081d8a8       0x1a lib/libnvm.a(nvm_8910.c.obj)
 *fill*         0x0081d8c2        0x2 
 .text.prvWriteNvDirect.constprop.2
                0x0081d8c4       0x64 lib/libnvm.a(nvm_8910.c.obj)
 .text.prvReadNvDirect.constprop.3
                0x0081d928       0x3c lib/libnvm.a(nvm_8910.c.obj)
 .text.prvReadItem
                0x0081d964      0x100 lib/libnvm.a(nvm_8910.c.obj)
 .text.nvmReadItem
                0x0081da64        0x6 lib/libnvm.a(nvm_8910.c.obj)
                0x0081da64                nvmReadItem
 *fill*         0x0081da6a        0x2 
 .text.nvmReadCalibItemFlag
                0x0081da6c       0x88 lib/libnvm.a(nvm_8910.c.obj)
 .text.nvmReadFixedItem
                0x0081daf4        0x6 lib/libnvm.a(nvm_8910.c.obj)
                0x0081daf4                nvmReadFixedItem
 .text.nvmWriteFixedItem
                0x0081dafa        0x6 lib/libnvm.a(nvm_8910.c.obj)
                0x0081dafa                nvmWriteFixedItem
 .text.nvmWriteCalibItemFlag
                0x0081db00       0x84 lib/libnvm.a(nvm_8910.c.obj)
 .text.prvWriteItem
                0x0081db84      0x148 lib/libnvm.a(nvm_8910.c.obj)
 .text.nvmWriteItem
                0x0081dccc        0x6 lib/libnvm.a(nvm_8910.c.obj)
                0x0081dccc                nvmWriteItem
 *fill*         0x0081dcd2        0x2 
 .text.nvmClearRunning
                0x0081dcd4        0xc lib/libnvm.a(nvm_8910.c.obj)
                0x0081dcd4                nvmClearRunning
 .text.nvmReadPhasecheck
                0x0081dce0       0x1c lib/libnvm.a(nvm_8910.c.obj)
                0x0081dce0                nvmReadPhasecheck
 .text.nvmWritePhaseCheck
                0x0081dcfc       0x1c lib/libnvm.a(nvm_8910.c.obj)
                0x0081dcfc                nvmWritePhaseCheck
 .text.nvmClearPhaseCheck
                0x0081dd18        0xc lib/libnvm.a(nvm_8910.c.obj)
                0x0081dd18                nvmClearPhaseCheck
 .text.nvmReadFixedBin
                0x0081dd24       0xc0 lib/libnvm.a(nvm_8910.c.obj)
                0x0081dd24                nvmReadFixedBin
 .text.nvmWriteFixedBin
                0x0081dde4       0x54 lib/libnvm.a(nvm_8910.c.obj)
                0x0081dde4                nvmWriteFixedBin
 .rodata.gNvDesc
                0x0081de38      0x200 lib/libnvm.a(nvm_8910.c.obj)
 .rodata.nvmClearFactory.str1.1
                0x0081e038        0x9 lib/libnvm.a(nvm_8910.c.obj)
 .rodata.nvmInit.str1.1
                0x0081e038       0x15 lib/libnvm.a(nvm_8910.c.obj)
 .rodata.nvmReadCalibItemFlag.str1.1
                0x0081e04d       0x13 lib/libnvm.a(nvm_8910.c.obj)
 .rodata.nvmReadFixedBin.str1.1
                0x0081e060       0x1d lib/libnvm.a(nvm_8910.c.obj)
 .rodata.nvmReadPhasecheck.str1.1
                0x0081e07d       0x18 lib/libnvm.a(nvm_8910.c.obj)
 .rodata.prvRunningNvFileName.str1.1
                0x0081e095        0x2 lib/libnvm.a(nvm_8910.c.obj)
 .rodata.prvWriteNvDirect.constprop.2.str1.1
                0x0081e095       0x12 lib/libnvm.a(nvm_8910.c.obj)
 .rodata.str1.1
                0x0081e0a7      0x1d5 lib/libnvm.a(nvm_8910.c.obj)
                                0x1e3 (size before relaxing)
 .text.nvmMigration
                0x0081e27c      0x120 lib/libnvm.a(nvm_migration.c.obj)
                0x0081e27c                nvmMigration
 .rodata.nvmMigration.str1.1
                0x0081e39c       0xf9 lib/libnvm.a(nvm_migration.c.obj)
                                0x102 (size before relaxing)
 *fill*         0x0081e495        0x1 
 .text._peekInternal
                0x0081e496       0x40 lib/libosi_lib.a(osi_fifo.c.obj)
 .text.osiFifoInit
                0x0081e4d6       0x1c lib/libosi_lib.a(osi_fifo.c.obj)
                0x0081e4d6                osiFifoInit
 .text.osiFifoPut
                0x0081e4f2       0x68 lib/libosi_lib.a(osi_fifo.c.obj)
                0x0081e4f2                osiFifoPut
 .text.osiFifoGet
                0x0081e55a       0x38 lib/libosi_lib.a(osi_fifo.c.obj)
                0x0081e55a                osiFifoGet
 .text.osiFifoReset
                0x0081e592       0x1a lib/libosi_lib.a(osi_fifo.c.obj)
                0x0081e592                osiFifoReset
 .text._cacheDataIsRootDir
                0x0081e5ac       0x1c lib/libsffs_core.a(sffs.c.obj)
 .text._cacheSetDirty
                0x0081e5c8       0x38 lib/libsffs_core.a(sffs.c.obj)
 .text._pathFileName
                0x0081e600       0x12 lib/libsffs_core.a(sffs.c.obj)
 .text._blockAllocFree
                0x0081e612       0x5c lib/libsffs_core.a(sffs.c.obj)
 .text._blockIsFree.isra.12
                0x0081e66e       0x1a lib/libsffs_core.a(sffs.c.obj)
 .text._blockSetUsed
                0x0081e688       0x2e lib/libsffs_core.a(sffs.c.obj)
 .text._blockSetFree
                0x0081e6b6       0x30 lib/libsffs_core.a(sffs.c.obj)
 .text._isNodeOpened
                0x0081e6e6       0x24 lib/libsffs_core.a(sffs.c.obj)
 .text._getFileFromFd.isra.14
                0x0081e70a        0xe lib/libsffs_core.a(sffs.c.obj)
 .text._cacheFindNotBusyByState.isra.20
                0x0081e718       0x14 lib/libsffs_core.a(sffs.c.obj)
 .text._cacheFlush
                0x0081e72c       0x2a lib/libsffs_core.a(sffs.c.obj)
 .text._cacheFlushAll
                0x0081e756       0x1a lib/libsffs_core.a(sffs.c.obj)
 .text._cacheAllocForNode
                0x0081e770       0xe0 lib/libsffs_core.a(sffs.c.obj)
 .text._cacheAllocWithData
                0x0081e850        0x6 lib/libsffs_core.a(sffs.c.obj)
 *fill*         0x0081e856        0x2 
 .text._fileGetDataNode
                0x0081e858       0x94 lib/libsffs_core.a(sffs.c.obj)
 .text._cacheAllocForWrite
                0x0081e8ec        0x6 lib/libsffs_core.a(sffs.c.obj)
 *fill*         0x0081e8f2        0x2 
 .text._allocTablBlock
                0x0081e8f4       0x3c lib/libsffs_core.a(sffs.c.obj)
 .text._fileWriteAll
                0x0081e930      0x1ac lib/libsffs_core.a(sffs.c.obj)
 .text._dirRemoveChildNode
                0x0081eadc       0x58 lib/libsffs_core.a(sffs.c.obj)
 .text._dirAddChildNodeIfNotExist
                0x0081eb34       0x66 lib/libsffs_core.a(sffs.c.obj)
 .text.prvFileWriteAllNotExit
                0x0081eb9a       0x3e lib/libsffs_core.a(sffs.c.obj)
 .text.prvIsRootDirFull
                0x0081ebd8       0x42 lib/libsffs_core.a(sffs.c.obj)
 .text.prvIsRootDirEmpty
                0x0081ec1a       0x42 lib/libsffs_core.a(sffs.c.obj)
 .text._blockScanDir
                0x0081ec5c      0x214 lib/libsffs_core.a(sffs.c.obj)
 .text._findByPathInParent
                0x0081ee70       0x98 lib/libsffs_core.a(sffs.c.obj)
 .text._findByPath
                0x0081ef08       0x4c lib/libsffs_core.a(sffs.c.obj)
 .text._findParentByPath
                0x0081ef54       0x40 lib/libsffs_core.a(sffs.c.obj)
 .text._removeNode
                0x0081ef94       0x3c lib/libsffs_core.a(sffs.c.obj)
 .text._removeMultiTabl
                0x0081efd0       0x70 lib/libsffs_core.a(sffs.c.obj)
 .text._fileDecreaseSize
                0x0081f040      0x2ec lib/libsffs_core.a(sffs.c.obj)
 .text._moveNodeRecovery
                0x0081f32c      0x124 lib/libsffs_core.a(sffs.c.obj)
 .text._scanMoveRecovery
                0x0081f450       0x98 lib/libsffs_core.a(sffs.c.obj)
 .text.sffsFileBlockNeeded
                0x0081f4e8       0x4c lib/libsffs_core.a(sffs.c.obj)
                0x0081f4e8                sffsFileBlockNeeded
 .text.sffsMount
                0x0081f534      0x1fc lib/libsffs_core.a(sffs.c.obj)
                0x0081f534                sffsMount
 .text.sffsUnmount
                0x0081f730       0x14 lib/libsffs_core.a(sffs.c.obj)
                0x0081f730                sffsUnmount
 .text.sffsRemount
                0x0081f744       0x1c lib/libsffs_core.a(sffs.c.obj)
                0x0081f744                sffsRemount
 .text.sffsMakeFs
                0x0081f760       0x90 lib/libsffs_core.a(sffs.c.obj)
                0x0081f760                sffsMakeFs
 .text.sffsOpen
                0x0081f7f0      0x274 lib/libsffs_core.a(sffs.c.obj)
                0x0081f7f0                sffsOpen
 .text.sffsSfileWrite
                0x0081fa64      0x3f8 lib/libsffs_core.a(sffs.c.obj)
                0x0081fa64                sffsSfileWrite
 .text.sffsFileWrite
                0x0081fe5c      0x16c lib/libsffs_core.a(sffs.c.obj)
                0x0081fe5c                sffsFileWrite
 .text.sffsRead
                0x0081ffc8      0x128 lib/libsffs_core.a(sffs.c.obj)
                0x0081ffc8                sffsRead
 .text.sffsClose
                0x008200f0       0x4c lib/libsffs_core.a(sffs.c.obj)
                0x008200f0                sffsClose
 .text.sffsFstat
                0x0082013c       0x78 lib/libsffs_core.a(sffs.c.obj)
                0x0082013c                sffsFstat
 .text.sffsMkDir
                0x008201b4      0x14c lib/libsffs_core.a(sffs.c.obj)
                0x008201b4                sffsMkDir
 .text.sffsRmDir
                0x00820300       0xd8 lib/libsffs_core.a(sffs.c.obj)
                0x00820300                sffsRmDir
 .text.sffsUnlink
                0x008203d8       0xc4 lib/libsffs_core.a(sffs.c.obj)
                0x008203d8                sffsUnlink
 .text.sffsOpenDir
                0x0082049c       0x7a lib/libsffs_core.a(sffs.c.obj)
                0x0082049c                sffsOpenDir
 .text.sffsCloseDir
                0x00820516       0x3a lib/libsffs_core.a(sffs.c.obj)
                0x00820516                sffsCloseDir
 .text.sffsReadDirR
                0x00820550      0x11c lib/libsffs_core.a(sffs.c.obj)
                0x00820550                sffsReadDirR
 .text.sffsStatVfs
                0x0082066c       0x42 lib/libsffs_core.a(sffs.c.obj)
                0x0082066c                sffsStatVfs
 .text.sffsSetSfileReserveCount
                0x008206ae       0x14 lib/libsffs_core.a(sffs.c.obj)
                0x008206ae                sffsSetSfileReserveCount
 .rodata.sffsFileWrite.str1.1
                0x008206c2       0x24 lib/libsffs_core.a(sffs.c.obj)
 *(.rokeep)
                0x008206e6                __text_end = .
                0x00820700                . = ALIGN (0x20)
 *fill*         0x008206e6       0x1a 

.data           0x00820700      0xac0
                0x00820700                __data_start = .
 SORT_BY_NAME(*)(.sramdata .sramdata.*)
 SORT_BY_NAME(*)(.data .data.* .sdata .sdata.* .data1 .gnu.linkonce.d.*)
 .data._impure_ptr
                0x00820700        0x4 ../../components/newlib/armca5/libc.a(lib_a-impure.o)
                0x00820700                _impure_ptr
 *fill*         0x00820704        0x4 
 .data.impure_data
                0x00820708      0x428 ../../components/newlib/armca5/libc.a(lib_a-impure.o)
 .data.__global_locale
                0x00820b30      0x16c ../../components/newlib/armca5/libc.a(lib_a-locale.o)
                0x00820b30                __global_locale
 .data.quec_pff_sector_size
                0x00820c9c        0x4 lib/libboot_ex_fat_rdonly.a(pff_basic.c.obj)
                0x00820c9c                quec_pff_sector_size
 .data.quec_fota_stage
                0x00820ca0        0x9 lib/libboot_ex_ql.a(quec_boot_fota.c.obj)
                0x00820ca0                quec_fota_stage
 *fill*         0x00820ca9        0x3 
 .data.gPartInfo_extflash
                0x00820cac       0x70 lib/libboot_ex_spi6nor.a(quec_spi6_ext_norflash_cfg.c.obj)
                0x00820cac                gPartInfo_extflash
 .data.quec_skip_spi6_ext_nor_flash_init
                0x00820d1c        0x1 lib/libboot_ex_spi6nor.a(quec_spi6_ext_norflash_cfg.c.obj)
                0x00820d1c                quec_skip_spi6_ext_nor_flash_init
 *fill*         0x00820d1d        0x3 
 .data.gDrvSpiFlashCtx
                0x00820d20       0x80 lib/libbootloader.a(boot_spi_flash.c.obj)
 .data.gBootUarts
                0x00820da0       0x18 lib/libbootloader.a(boot_uart.c.obj)
 .data.gUdc20   0x00820db8      0x210 lib/libbootloader.a(boot_udc.c.obj)
 .data.gFsScenario
                0x00820fc8        0x1 lib/libfsmount.a(fs_mount.c.obj)
 *fill*         0x00820fc9        0x3 
 .data.gFupdateStageFileName
                0x00820fcc        0x4 lib/libfupdate_core.a(fupdate_common.c.obj)
                0x00820fcc                gFupdateStageFileName
 .data.ql_SpiFlashProps
                0x00820fd0      0x1cc lib/libhal_prop.a(ql_hal_spi_flash_prop.c.obj)
                0x00820fd0                ql_SpiFlashProps
 .data.ql_SpiFlashPropsLen
                0x0082119c        0x4 lib/libhal_prop.a(ql_hal_spi_flash_prop.c.obj)
                0x0082119c                ql_SpiFlashPropsLen
 .data.quec_nor_ext_mount_start_addr
                0x008211a0        0x4 lib/libhal_prop.a(ql_hal_spi_flash_prop.c.obj)
                0x008211a0                quec_nor_ext_mount_start_addr
 *(.rwkeep)
 .rwkeep        0x008211a4        0x8 lib/libhal.a(hal_chip_armv7a.c.obj)
                0x008211a4                gGdbRegAddress
                0x008211a8                gGdbCtxType
                0x008211ac                __data_end = .
                0x008211c0                . = ALIGN (0x20)
 *fill*         0x008211ac       0x14 

.lastflash      0x008211c0        0x0
                0x008211c0                . = ALIGN (0x20)

.bss            0x008211c0      0x9e0
                0x008211c0                __bss_start = .
 *(.srambss .srambss.*)
 *(.bss .bss.* COMMON .scommon .sbss .sbss.* .sbss2 .sbss2.* .gnu.linkonce.b.*)
 .bss.gSecureCtx
                0x008211c0       0x30 lib/libbootloader.a(boot_secure.c.obj)
 .bss.gDefaultHeap
                0x008211f0        0x4 lib/libbootloader.a(boot_mem.c.obj)
 .bss.gExtRamHeap
                0x008211f4        0xc lib/libbootloader.a(boot_mem.c.obj)
 .bss.gIramHeap
                0x00821200        0xc lib/libbootloader.a(boot_mem.c.obj)
 .bss.gBootVfsRegList
                0x0082120c        0x4 lib/libbootloader.a(boot_vfs.c.obj)
 .bss.quec_boot_start_param
                0x00821210        0x4 lib/libbootloader.a(boot_vfs.c.obj)
                0x00821210                quec_boot_start_param
 .bss.quec_header
                0x00821214        0x4 lib/libbootloader.a(boot_vfs.c.obj)
                0x00821214                quec_header
 .bss.gTimerCb  0x00821218        0x8 lib/libbootloader.a(boot_timer.c.obj)
 .bss.gTraceEnabled
                0x00821220        0x1 lib/libbootloader.a(boot_log.c.obj)
                0x00821220                gTraceEnabled
 *fill*         0x00821221        0x3 
 COMMON         0x00821224       0x54 lib/libbootloader.a(boot_log.c.obj)
                0x00821224                v_tra_pubModuleControl
                0x00821228                v_tra_categoryControl
                0x0082122c                gTraceSequence
                0x00821230                v_tra_lteModuleControl
                0x00821234                sxs_IoCtx
 COMMON         0x00821278      0x290 lib/libhal.a(hal_chip_armv7a.c.obj)
                0x00821278                gBlueScreenCp15
                0x0082134c                gBlueScreenRegs
 .bss.gSpiFlashProps
                0x00821508        0x4 lib/libhal.a(hal_spi_flash.c.obj)
 .bss.gSpiFlashPropsLen
                0x0082150c        0x4 lib/libhal.a(hal_spi_flash.c.obj)
 .bss.gCrc32TableInited
                0x00821510        0x1 lib/libboot_calclib_crc.a(crc32.c.obj)
 .bss.gCrc8Table
                0x00821511      0x100 lib/libboot_calclib_crc.a(crc32.c.obj)
 .bss.gCrc8TableInited
                0x00821611        0x1 lib/libboot_calclib_crc.a(crc32.c.obj)
 *fill*         0x00821612        0x2 
 .bss.vds_crc32_table
                0x00821614      0x400 lib/libboot_calclib_crc.a(crc32.c.obj)
                0x00821614                vds_crc32_table
 .bss.gBdevList
                0x00821a14        0x4 lib/libfsmount.a(fs_mount.c.obj)
                0x00821a14                gBdevList
 .bss.gPartInfo_ptr
                0x00821a18        0x4 lib/libfsmount.a(fs_mount.c.obj)
                0x00821a18                gPartInfo_ptr
 .bss.Calib_Changed_flag
                0x00821a1c        0x1 lib/libnvm.a(nvm_8910.c.obj)
                0x00821a1c                Calib_Changed_flag
 .bss.Calib_Write
                0x00821a1d        0x1 lib/libnvm.a(nvm_8910.c.obj)
                0x00821a1d                Calib_Write
 .bss.GSM_Calib_flag
                0x00821a1e        0x1 lib/libnvm.a(nvm_8910.c.obj)
                0x00821a1e                GSM_Calib_flag
 .bss.LTE_Calib_flag
                0x00821a1f        0x1 lib/libnvm.a(nvm_8910.c.obj)
                0x00821a1f                LTE_Calib_flag
 .bss.quec_partition_num
                0x00821a20        0x1 lib/libboot_ex_ql.a(quec_boot_fota.c.obj)
                0x00821a20                quec_partition_num
 *fill*         0x00821a21        0x3 
 .bss.bootfs    0x00821a24       0xb0 lib/libboot_ex_fat_rdonly.a(quec_boot_vfs.c.obj)
                0x00821a24                bootfs
 .bss.quec_boot_vfs_state
                0x00821ad4        0x2 lib/libboot_ex_fat_rdonly.a(quec_boot_vfs.c.obj)
                0x00821ad4                quec_boot_vfs_state
 *fill*         0x00821ad6        0x2 
 COMMON         0x00821ad8        0x8 lib/libboot_ex_fat_rdonly.a(quec_boot_vfs.c.obj)
                0x00821ad8                quec_boot_block_dev
 COMMON         0x00821ae0       0xaa lib/libboot_ex_fat_rdonly.a(pff_basic.c.obj)
                0x00821ae0                FatFs
                0x00821ae8                LfnBuf
 *fill*         0x00821b8a        0x2 
 .bss.quec_spi6_ext_nor_flash_capacity
                0x00821b8c        0x4 lib/libboot_ex_spi6nor.a(quec_spi6_ext_norflash_cfg.c.obj)
                0x00821b8c                quec_spi6_ext_nor_flash_capacity
 .bss.quec_spi6_ext_nor_flash_is_exist
                0x00821b90        0x1 lib/libboot_ex_spi6nor.a(quec_spi6_ext_norflash_cfg.c.obj)
                0x00821b90                quec_spi6_ext_nor_flash_is_exist
 .bss.quec_spi6_ext_norflash_mount_status
                0x00821b91        0x1 lib/libboot_ex_spi6nor.a(quec_spi6_ext_norflash_cfg.c.obj)
                0x00821b91                quec_spi6_ext_norflash_mount_status
                0x00821b92                __bss_end = .
                0x00821ba0                . = ALIGN (0x20)
 *fill*         0x00821b92        0xe 

.sys_stack      0x00821ba0     0x1800
                0x00821ba0                __sys_stack_start = .
                0x008233a0                . = (. + 0x1800)
 *fill*         0x00821ba0     0x1800 
                0x008233a0                __sys_stack_end = .
                0x008233a0                . = ALIGN (0x20)

.irq_stack      0x008233a0      0x800
                0x008233a0                __irq_stack_start = .
                0x00823ba0                . = (. + 0x800)
 *fill*         0x008233a0      0x800 
                0x00823ba0                __irq_stack_end = .
                0x00823ba0                . = ALIGN (0x20)

.blue_screen    0x00823ba0      0x600
                0x00823ba0                __blue_screen_start = .
                0x008241a0                . = (. + 0x600)
 *fill*         0x00823ba0      0x600 
                0x008241a0                __blue_screen_end = .
                0x008241a0                . = ALIGN (0x20)

.sram_heap      0x008241a0    0x17a60
                0x008241a0                __sram_heap_start = .
                0x0083bc00                . = ((ORIGIN (sram) + LENGTH (sram)) - 0x4400)
 *fill*         0x008241a0    0x17a60 
                0x0083bc00                __sram_heap_end = .
                0x0083bc00                . = ALIGN (0x20)

.mmu_ttbl2      0x0083bc00      0x400
                0x0083bc00                __mmu_ttbl2_start = .
                0x0083c000                . = (. + 0x400)
 *fill*         0x0083bc00      0x400 
                0x0083c000                __mmu_ttbl2_end = .
                0x0083c000                . = ALIGN (0x20)

.mmu_ttbl1      0x0083c000     0x4000
                0x0083c000                __mmu_ttbl1_start = .
                0x00840000                . = (. + 0x4000)
 *fill*         0x0083c000     0x4000 
                0x00840000                __mmu_ttbl1_end = .
                0x00840000                . = ALIGN (0x20)
                0x00000001                ASSERT (((__mmu_ttbl1_start % 0x4000) == 0x0), TTB L1 is not aligned)
                0x00810040                __flash_start = LOADADDR (.text)
                0x008211c0                __flash_end = ADDR (.lastflash)

.comment        0x00000000       0xf7
 *(.comment)
 .comment       0x00000000       0x7e components/bootloader/CMakeFiles/fdl2.dir/fdl2/fdl2_main.c.obj
                                 0x7f (size before relaxing)
 .comment       0x0000007e       0x7f lib/libbootloader.a(boot_platform_8910.c.obj)
 .comment       0x0000007e       0x7f lib/libbootloader.a(boot_secure.c.obj)
 .comment       0x0000007e       0x7f lib/libbootloader.a(boot_sffs_port.c.obj)
 .comment       0x0000007e       0x7f lib/libbootloader.a(boot_delay.c.obj)
 .comment       0x0000007e       0x7f lib/libbootloader.a(boot_mem.c.obj)
 .comment       0x0000007e       0x7f lib/libbootloader.a(boot_spi_flash.c.obj)
 .comment       0x0000007e       0x7f lib/libbootloader.a(boot_debuguart.c.obj)
 .comment       0x0000007e       0x7f lib/libbootloader.a(boot_trace.c.obj)
 .comment       0x0000007e       0x7f lib/libbootloader.a(boot_fdl.c.obj)
 .comment       0x0000007e       0x7f lib/libbootloader.a(boot_fdl_dnld.c.obj)
 .comment       0x0000007e       0x7f lib/libbootloader.a(boot_aes.c.obj)
 .comment       0x0000007e       0x7f lib/libbootloader.a(boot_vfs.c.obj)
 .comment       0x0000007e       0x7f lib/libbootloader.a(boot_irq.c.obj)
 .comment       0x0000007e       0x7f lib/libbootloader.a(boot_timer.c.obj)
 .comment       0x0000007e       0x7f lib/libbootloader.a(boot_uart.c.obj)
 .comment       0x0000007e       0x7f lib/libbootloader.a(boot_mmu.c.obj)
 .comment       0x0000007e       0x7f lib/libbootloader.a(boot_udc.c.obj)
 .comment       0x0000007e       0x7f lib/libbootloader.a(boot_usb_fdl_channel.c.obj)
 .comment       0x0000007e       0x7f lib/libbootloader.a(boot_override.c.obj)
 .comment       0x0000007e       0x7f lib/libbootloader.a(boot_adi_bus.c.obj)
 .comment       0x0000007e       0x7f lib/libbootloader.a(boot_log.c.obj)
 .comment       0x0000007e       0x7f lib/libcpio_parser.a(cpio_parser.c.obj)
 .comment       0x0000007e       0x7f lib/libhal.a(hal_clock_init.c.obj)
 .comment       0x0000007e       0x7f lib/libhal.a(hal_chip_8910.c.obj)
 .comment       0x0000007e       0x7f lib/libhal.a(hal_efuse_8910.c.obj)
 .comment       0x0000007e       0x7f lib/libhal.a(hal_delay.c.obj)
 .comment       0x0000007e       0x7f lib/libhal.a(hal_reg_apply.c.obj)
 .comment       0x0000007e       0x7f lib/libhal.a(hal_chip.c.obj)
 .comment       0x0000007e       0x7f lib/libhal.a(hal_chip_armv7a.c.obj)
 .comment       0x0000007e       0x7f lib/libhal.a(hal_hwspinlock.c.obj)
 .comment       0x0000007e       0x7f lib/libhal.a(hal_spi_flash.c.obj)
 .comment       0x0000007e       0x7f lib/libboot_calclib_crc.a(crc32.c.obj)
 .comment       0x0000007e       0x7f lib/libsffs_core.a(sffs.c.obj)
 .comment       0x0000007e       0x7f lib/libfsmount.a(fs_mount.c.obj)
 .comment       0x0000007e       0x7f lib/libbdev.a(block_device.c.obj)
 .comment       0x0000007e       0x7f lib/libbdev.a(partition_block_device.c.obj)
 .comment       0x0000007e       0x7f lib/libbdev_core.a(flash_block_device_v2.c.obj)
 .comment       0x0000007e       0x7f lib/libosi_lib.a(osi_fifo.c.obj)
 .comment       0x0000007e       0x7f lib/libnvm.a(nvm_8910.c.obj)
 .comment       0x0000007e       0x7f lib/libnvm.a(nvm_migration.c.obj)
 .comment       0x0000007e       0x7f lib/libbt_nv.a(bt_nv.c.obj)
 .comment       0x0000007e       0x79 ../../components/newlib/armca5/libc.a(lib_a-impure.o)
                                 0x7a (size before relaxing)
 .comment       0x000000f7       0x7a ../../components/newlib/armca5/libc.a(lib_a-memcmp.o)
 .comment       0x000000f7       0x7a ../../components/newlib/armca5/libc.a(lib_a-memcpy-stub.o)
 .comment       0x000000f7       0x7a ../../components/newlib/armca5/libc.a(lib_a-memset.o)
 .comment       0x000000f7       0x7a ../../components/newlib/armca5/libc.a(lib_a-snprintf.o)
 .comment       0x000000f7       0x7a ../../components/newlib/armca5/libc.a(lib_a-strcat.o)
 .comment       0x000000f7       0x7a ../../components/newlib/armca5/libc.a(lib_a-strchr.o)
 .comment       0x000000f7       0x7a ../../components/newlib/armca5/libc.a(lib_a-strcpy.o)
 .comment       0x000000f7       0x7a ../../components/newlib/armca5/libc.a(lib_a-strdup.o)
 .comment       0x000000f7       0x7a ../../components/newlib/armca5/libc.a(lib_a-strdup_r.o)
 .comment       0x000000f7       0x7a ../../components/newlib/armca5/libc.a(lib_a-strncmp.o)
 .comment       0x000000f7       0x7a ../../components/newlib/armca5/libc.a(lib_a-strrchr.o)
 .comment       0x000000f7       0x7a ../../components/newlib/armca5/libc.a(lib_a-svfprintf.o)
 .comment       0x000000f7       0x7a ../../components/newlib/armca5/libc.a(lib_a-dtoa.o)
 .comment       0x000000f7       0x7a ../../components/newlib/armca5/libc.a(lib_a-getreent.o)
 .comment       0x000000f7       0x7a ../../components/newlib/armca5/libc.a(lib_a-localeconv.o)
 .comment       0x000000f7       0x7a ../../components/newlib/armca5/libc.a(lib_a-locale.o)
 .comment       0x000000f7       0x7a ../../components/newlib/armca5/libc.a(lib_a-mbtowc_r.o)
 .comment       0x000000f7       0x7a ../../components/newlib/armca5/libc.a(lib_a-mprec.o)
 .comment       0x000000f7       0x7a ../../components/newlib/armca5/libc.a(lib_a-s_frexp.o)
 .comment       0x000000f7       0x7a ../../components/newlib/armca5/libc.a(lib_a-strncpy.o)
 .comment       0x000000f7       0x7a ../../components/newlib/armca5/libc.a(lib_a-svfiprintf.o)
 .comment       0x000000f7       0x7a ../../components/newlib/armca5/libc.a(lib_a-wctomb_r.o)
 .comment       0x000000f7       0x7a ../../components/newlib/armca5/libc.a(lib_a-ctype_.o)
 .comment       0x000000f7       0x7a ../../components/newlib/armca5/libc.a(lib_a-memmove.o)
 .comment       0x000000f7       0x7f lib/libfupdate_core.a(fupdate_common.c.obj)
 .comment       0x000000f7       0x7f lib/libboot_ex_ql.a(quec_boot_fota.c.obj)
 .comment       0x000000f7       0x7f lib/libboot_ex_fat_rdonly.a(quec_boot_pff_rdonly.c.obj)
 .comment       0x000000f7       0x7f lib/libboot_ex_fat_rdonly.a(quec_boot_vfs.c.obj)
 .comment       0x000000f7       0x7f lib/libboot_ex_fat_rdonly.a(pff_rdonly.c.obj)
 .comment       0x000000f7       0x7f lib/libboot_ex_fat_rdonly.a(quec_boot_block_device.c.obj)
 .comment       0x000000f7       0x7f lib/libboot_ex_fat_rdonly.a(diskio.c.obj)
 .comment       0x000000f7       0x7f lib/libboot_ex_fat_rdonly.a(pff_basic.c.obj)
 .comment       0x000000f7       0x7f lib/libboot_ex_spi6nor.a(quec_spi6_ext_norflash_cfg.c.obj)
 .comment       0x000000f7       0x7f lib/libhal_prop.a(ql_hal_spi_flash_prop.c.obj)
 .comment       0x000000f7       0x7f lib/libfs_partinfo.a(ql_fs_part_info.c.obj)

.ARM.attributes
                0x00000000       0x3d
 *(.ARM.attributes)
 .ARM.attributes
                0x00000000       0x3d components/bootloader/CMakeFiles/fdl2.dir/fdl2/fdl2_main.c.obj
 .ARM.attributes
                0x0000003d       0x2b components/bootloader/CMakeFiles/fdl2.dir/calibparam.bin.S.obj
 .ARM.attributes
                0x00000068       0x3d lib/libbootloader.a(boot_platform_8910.c.obj)
 .ARM.attributes
                0x000000a5       0x3d lib/libbootloader.a(boot_secure.c.obj)
 .ARM.attributes
                0x000000e2       0x2b lib/libbootloader.a(boot_entry_v7a.S.obj)
 .ARM.attributes
                0x0000010d       0x3d lib/libbootloader.a(boot_sffs_port.c.obj)
 .ARM.attributes
                0x0000014a       0x3d lib/libbootloader.a(boot_delay.c.obj)
 .ARM.attributes
                0x00000187       0x3d lib/libbootloader.a(boot_mem.c.obj)
 .ARM.attributes
                0x000001c4       0x3d lib/libbootloader.a(boot_spi_flash.c.obj)
 .ARM.attributes
                0x00000201       0x3d lib/libbootloader.a(boot_debuguart.c.obj)
 .ARM.attributes
                0x0000023e       0x3d lib/libbootloader.a(boot_trace.c.obj)
 .ARM.attributes
                0x0000027b       0x3d lib/libbootloader.a(boot_fdl.c.obj)
 .ARM.attributes
                0x000002b8       0x3d lib/libbootloader.a(boot_fdl_dnld.c.obj)
 .ARM.attributes
                0x000002f5       0x3d lib/libbootloader.a(boot_aes.c.obj)
 .ARM.attributes
                0x00000332       0x3d lib/libbootloader.a(boot_vfs.c.obj)
 .ARM.attributes
                0x0000036f       0x3d lib/libbootloader.a(boot_irq.c.obj)
 .ARM.attributes
                0x000003ac       0x3d lib/libbootloader.a(boot_timer.c.obj)
 .ARM.attributes
                0x000003e9       0x3d lib/libbootloader.a(boot_uart.c.obj)
 .ARM.attributes
                0x00000426       0x3d lib/libbootloader.a(boot_mmu.c.obj)
 .ARM.attributes
                0x00000463       0x3d lib/libbootloader.a(boot_udc.c.obj)
 .ARM.attributes
                0x000004a0       0x3d lib/libbootloader.a(boot_usb_fdl_channel.c.obj)
 .ARM.attributes
                0x000004dd       0x3d lib/libbootloader.a(boot_override.c.obj)
 .ARM.attributes
                0x0000051a       0x3d lib/libbootloader.a(boot_adi_bus.c.obj)
 .ARM.attributes
                0x00000557       0x3d lib/libbootloader.a(boot_log.c.obj)
 .ARM.attributes
                0x00000594       0x3d lib/libcpio_parser.a(cpio_parser.c.obj)
 .ARM.attributes
                0x000005d1       0x3d lib/libhal.a(hal_clock_init.c.obj)
 .ARM.attributes
                0x0000060e       0x3d lib/libhal.a(hal_chip_8910.c.obj)
 .ARM.attributes
                0x0000064b       0x3d lib/libhal.a(hal_efuse_8910.c.obj)
 .ARM.attributes