Archive member included to satisfy reference by file (symbol)

lib/libql_app_nw.a(nw_demo.c.obj)
                              components/ql-application/init/CMakeFiles/APPIMAGE_APP.dir/ql_init.c.obj (ql_nw_app_init)
lib/libql_app_nw.a(datacall_demo.c.obj)
                              components/ql-application/init/CMakeFiles/APPIMAGE_APP.dir/ql_init.c.obj (ql_datacall_app_init)
lib/libql_app_peripheral.a(ql_pin_cfg.c.obj)
                              components/ql-application/init/CMakeFiles/APPIMAGE_APP.dir/ql_init.c.obj (ql_pin_cfg_map)
lib/libql_app_power.a(power_demo.c.obj)
                              components/ql-application/init/CMakeFiles/APPIMAGE_APP.dir/ql_init.c.obj (ql_power_app_init)
lib/libql_app_mqtt.a(mqtt_demo.c.obj)
                              components/ql-application/init/CMakeFiles/APPIMAGE_APP.dir/ql_init.c.obj (ql_mqtt_app_init)
lib/libql_app_mqtt.a(gpio_DIDO.c.obj)
                              components/ql-application/init/CMakeFiles/APPIMAGE_APP.dir/ql_init.c.obj (ql_gpio_app_dido_init)
lib/libql_app_mqtt.a(gpio_int_KEY.c.obj)
                              lib/libql_app_mqtt.a(gpio_DIDO.c.obj) (b)
lib/libql_app_mqtt.a(I2C_RTC_LCD.c.obj)
                              lib/libql_app_mqtt.a(gpio_int_KEY.c.obj) (lcd_clear)
lib/libql_app_mqtt.a(rs232_UART.c.obj)
                              components/ql-application/init/CMakeFiles/APPIMAGE_APP.dir/ql_init.c.obj (ql_uart_rs232_init)
lib/libql_app_mqtt.a(rs485_METER.c.obj)
                              components/ql-application/init/CMakeFiles/APPIMAGE_APP.dir/ql_init.c.obj (ql_rs485_app_meter_init)
lib/libql_app_mqtt.a(spi_flash_at25ff.c.obj)
                              components/ql-application/init/CMakeFiles/APPIMAGE_APP.dir/ql_init.c.obj (ql_spi_flash_init)
lib/libql_app_mqtt.a(json_parser_sp.c.obj)
                              lib/libql_app_mqtt.a(mqtt_demo.c.obj) (parse_JSON_frame)
lib/libql_app_mqtt.a(cJSON.c.obj)
                              lib/libql_app_mqtt.a(json_parser_sp.c.obj) (cJSON_Delete)
lib/libql_app_mqtt.a(configuration.c.obj)
                              lib/libql_app_mqtt.a(spi_flash_at25ff.c.obj) (ExtFlash_update_EPROM_General)
lib/libql_app_mqtt.a(dlms_meter.c.obj)
                              lib/libql_app_mqtt.a(rs232_UART.c.obj) (init_DLMS)
lib/libql_app_mqtt.a(OTA.c.obj)
                              lib/libql_app_mqtt.a(json_parser_sp.c.obj) (ql_fota_http_app_init1)
lib/libql_app_mqtt.a(sms.c.obj)
                              lib/libql_app_mqtt.a(dlms_meter.c.obj) (SMSAlarmType)
../../components/newlib/armca5/libm.a(lib_a-cosf.o)
                              lib/libql_app_mqtt.a(gpio_DIDO.c.obj) (cosf)
../../components/newlib/armca5/libm.a(lib_a-math_errf.o)
                              ../../components/newlib/armca5/libm.a(lib_a-cosf.o) (__math_invalidf)
../../components/newlib/armca5/libm.a(lib_a-pow.o)
                              lib/libql_app_mqtt.a(cJSON.c.obj) (pow)
../../components/newlib/armca5/libm.a(lib_a-s_atan.o)
                              lib/libql_app_mqtt.a(gpio_DIDO.c.obj) (atan)
../../components/newlib/armca5/libm.a(lib_a-s_cos.o)
                              lib/libql_app_mqtt.a(gpio_DIDO.c.obj) (cos)
../../components/newlib/armca5/libm.a(lib_a-s_fabs.o)
                              ../../components/newlib/armca5/libm.a(lib_a-s_atan.o) (fabs)
../../components/newlib/armca5/libm.a(lib_a-sf_tan.o)
                              lib/libql_app_mqtt.a(gpio_DIDO.c.obj) (tanf)
../../components/newlib/armca5/libm.a(lib_a-sincosf_data.o)
                              ../../components/newlib/armca5/libm.a(lib_a-cosf.o) (__inv_pio4)
../../components/newlib/armca5/libm.a(lib_a-sinf.o)
                              lib/libql_app_mqtt.a(gpio_DIDO.c.obj) (sinf)
../../components/newlib/armca5/libm.a(lib_a-s_sin.o)
                              lib/libql_app_mqtt.a(gpio_DIDO.c.obj) (sin)
../../components/newlib/armca5/libm.a(lib_a-wf_acos.o)
                              lib/libql_app_mqtt.a(gpio_DIDO.c.obj) (acosf)
../../components/newlib/armca5/libm.a(lib_a-wf_asin.o)
                              lib/libql_app_mqtt.a(gpio_DIDO.c.obj) (asinf)
../../components/newlib/armca5/libm.a(lib_a-ef_acos.o)
                              ../../components/newlib/armca5/libm.a(lib_a-wf_acos.o) (__ieee754_acosf)
../../components/newlib/armca5/libm.a(lib_a-ef_asin.o)
                              ../../components/newlib/armca5/libm.a(lib_a-wf_asin.o) (__ieee754_asinf)
../../components/newlib/armca5/libm.a(lib_a-ef_rem_pio2.o)
                              ../../components/newlib/armca5/libm.a(lib_a-sf_tan.o) (__ieee754_rem_pio2f)
../../components/newlib/armca5/libm.a(lib_a-ef_sqrt.o)
                              ../../components/newlib/armca5/libm.a(lib_a-ef_acos.o) (__ieee754_sqrtf)
../../components/newlib/armca5/libm.a(lib_a-e_rem_pio2.o)
                              ../../components/newlib/armca5/libm.a(lib_a-s_cos.o) (__ieee754_rem_pio2)
[...]
Memory Configuration

Name             Origin             Length             Attributes
flash            0x60250000         0x00120000         xr
ram              0x80fa0000         0x00020000         xrw
*default*        0x00000000         0xffffffff

Linker script and memory map

LOAD lib/core_stub.o
LOAD components/ql-application/init/CMakeFiles/APPIMAGE_APP.dir/ql_init.c.obj
LOAD ../../components/newlib/armca5/libc.a
LOAD ../../components/newlib/armca5/libm.a
LOAD ../../prebuilts/win32/gcc-arm-none-eabi/bin/../lib/gcc/arm-none-eabi/7.2.1/thumb/v7-ar/fpv3/hard/libgcc.a
LOAD lib/libql_app_nw.a
LOAD lib/libql_app_peripheral.a
LOAD lib/libql_app_osi.a
LOAD lib/libql_app_dev.a
LOAD lib/libql_app_sim.a
LOAD lib/libql_app_power.a
LOAD lib/libql_app_usb.a
LOAD lib/libql_app_mqtt.a
LOAD lib/libql_app_ntp.a
LOAD lib/libql_app_file.a
LOAD lib/libql_app_sms.a
LOAD lib/libql_app_spi.a
LOAD lib/libql_app_spi_nor_flash.a
LOAD lib/libql_app_spi6_ext_nor_flash.a
LOAD lib/libql_app_spi_nand_flash.a
LOAD lib/libql_app_decoder.a
LOAD ../../components/newlib/armca5/libql_api_decoder.a
LOAD ../../components/newlib/armca5/libm.a
LOAD lib/libql_app_img_at.a
LOAD lib/libql_app_rtc.a
LOAD lib/libql_app_virt_at.a
LOAD lib/libql_app_http_fota.a
LOAD lib/libql_app_ftp_fota.a
LOAD lib/libql_app_i2c.a
LOAD lib/libql_app_peripheral.a
LOAD ../../components/newlib/armca5/libc.a
LOAD ../../components/newlib/armca5/libm.a
LOAD ../../prebuilts/win32/gcc-arm-none-eabi/bin/../lib/gcc/arm-none-eabi/7.2.1/thumb/v7-ar/fpv3/hard/libgcc.a
                0x00000000                PROVIDE (appimg_get_param, 0x0)
                0x00000000                PROVIDE (appimg_set_param, 0x0)
                0x60250000                . = ORIGIN (flash)
                0x60250000                __flash_start = .

.imageheader    0x60250000       0x80
                0x60250000        0x4 LONG 0x41505032
                0x60250004        0x4 LONG 0x0
                0x60250008        0x4 LONG 0x0
 *(.rodata.core_stub.header)
 .rodata.core_stub.header
                0x6025000c       0x14 lib/core_stub.o
                0x6025000c                gAppImageCoreHeader
                0x60250020        0x4 LONG 0x2
                0x60250024        0x4 LONG 0x80 (__corestub_load_start - __flash_start)
                0x60250028        0x4 LONG 0x358 (__corestub_end - __corestub_start)
                0x6025002c        0x4 LONG 0x80fa0000 __corestub_start
                0x60250030        0x4 LONG 0x4
                0x60250034        0x4 LONG 0x640 (__text_load_start - __flash_start)
                0x60250038        0x4 LONG 0x1d2e0 (__text_end - __text_start)
                0x6025003c        0x4 LONG 0x60250640 __text_start
                0x60250040        0x4 LONG 0x4
                0x60250044        0x4 LONG 0x1d940 (__init_array_load_start - __flash_start)
                0x60250048        0x4 LONG 0x0 (__init_array_end - __init_array_start)
                0x6025004c        0x4 LONG 0x6026d940 __init_array_start
                0x60250050        0x4 LONG 0x1
                0x60250054        0x4 LONG 0x3e0 (__data_load_start - __flash_start)
                0x60250058        0x4 LONG 0x25c (__data_end - __data_start)
                0x6025005c        0x4 LONG 0x80fa0360 __data_start
                0x60250060        0x4 LONG 0x3
                0x60250064        0x4 LONG 0x0
                0x60250068        0x4 LONG 0x5c83 (__bss_end - __bss_start)
                0x6025006c        0x4 LONG 0x80fa05c0 __bss_start
                0x60250070        0x4 LONG 0x0
                0x60250074        0x4 LONG 0x0
                0x60250078        0x4 LONG 0x0
                0x6025007c        0x4 LONG 0x0
                0x00000001                ASSERT ((SIZEOF (.imageheader) == 0x80), invalid app image header)
                0x80fa0000                . = ORIGIN (ram)
                0x80fa0000                __ram_start = .

.corestub       0x80fa0000      0x360 load address 0x60250080
                0x80fa0000                __corestub_start = .
 *(.text.core_stub.*)
 .text.core_stub.__getreent
                0x80fa0000        0x8 lib/core_stub.o
                0x80fa0000                __getreent
 .text.core_stub.calloc
                0x80fa0008        0x8 lib/core_stub.o
                0x80fa0008                calloc
 .text.core_stub.free
                0x80fa0010        0x8 lib/core_stub.o
                0x80fa0010                free
 .text.core_stub.ip4addr_ntoa
                0x80fa0018        0x8 lib/core_stub.o
                0x80fa0018                ip4addr_ntoa
 .text.core_stub.ip4addr_ntoa_r
                0x80fa0020        0x8 lib/core_stub.o
                0x80fa0020                ip4addr_ntoa_r
 .text.core_stub.ip6addr_ntoa
                0x80fa0028        0x8 lib/core_stub.o
                0x80fa0028                ip6addr_ntoa
 .text.core_stub.malloc
                0x80fa0030        0x8 lib/core_stub.o
                0x80fa0030                malloc
 .text.core_stub.osiTracePrintf
                0x80fa0038        0x8 lib/core_stub.o
                0x80fa0038                osiTracePrintf
 .text.core_stub.ql_I2cInit
                0x80fa0040        0x8 lib/core_stub.o
                0x80fa0040                ql_I2cInit
 .text.core_stub.ql_I2cRead
                0x80fa0048        0x8 lib/core_stub.o
                0x80fa0048                ql_I2cRead
 .text.core_stub.ql_I2cWrite
                0x80fa0050        0x8 lib/core_stub.o
                0x80fa0050                ql_I2cWrite
 .text.core_stub.ql_autosleep_enable
                0x80fa0058        0x8 lib/core_stub.o
                0x80fa0058                ql_autosleep_enable
 .text.core_stub.ql_bind_sim_and_profile
                0x80fa0060        0x8 lib/core_stub.o
                0x80fa0060                ql_bind_sim_and_profile
 .text.core_stub.ql_datacall_get_sim_profile_is_active
                0x80fa0068        0x8 lib/core_stub.o
                0x80fa0068                ql_datacall_get_sim_profile_is_active
 .text.core_stub.ql_datacall_register_cb
                0x80fa0070        0x8 lib/core_stub.o
                0x80fa0070                ql_datacall_register_cb
 .text.core_stub.ql_datacall_unregister_cb
                0x80fa0078        0x8 lib/core_stub.o
                0x80fa0078                ql_datacall_unregister_cb
 .text.core_stub.ql_dev_cfg_wdt
                0x80fa0080        0x8 lib/core_stub.o
                0x80fa0080                ql_dev_cfg_wdt
 .text.core_stub.ql_dev_get_firmware_version
                0x80fa0088        0x8 lib/core_stub.o
                0x80fa0088                ql_dev_get_firmware_version
 .text.core_stub.ql_dev_get_imei
                0x80fa0090        0x8 lib/core_stub.o
                0x80fa0090                ql_dev_get_imei
 .text.core_stub.ql_event_try_wait
                0x80fa0098        0x8 lib/core_stub.o
                0x80fa0098                ql_event_try_wait
 .text.core_stub.ql_event_wait
                0x80fa00a0        0x8 lib/core_stub.o
                0x80fa00a0                ql_event_wait
 .text.core_stub.ql_fclose
                0x80fa00a8        0x8 lib/core_stub.o
                0x80fa00a8                ql_fclose
 .text.core_stub.ql_fopen
                0x80fa00b0        0x8 lib/core_stub.o
                0x80fa00b0                ql_fopen
 .text.core_stub.ql_fota_file_reset
                0x80fa00b8        0x8 lib/core_stub.o
                0x80fa00b8                ql_fota_file_reset
 .text.core_stub.ql_fota_get_result
                0x80fa00c0        0x8 lib/core_stub.o
                0x80fa00c0                ql_fota_get_result
 .text.core_stub.ql_fota_image_verify
                0x80fa00c8        0x8 lib/core_stub.o
                0x80fa00c8                ql_fota_image_verify
 .text.core_stub.ql_fs_free_size
                0x80fa00d0        0x8 lib/core_stub.o
                0x80fa00d0                ql_fs_free_size
 .text.core_stub.ql_fsize
                0x80fa00d8        0x8 lib/core_stub.o
                0x80fa00d8                ql_fsize
 .text.core_stub.ql_fwrite
                0x80fa00e0        0x8 lib/core_stub.o
                0x80fa00e0                ql_fwrite
 .text.core_stub.ql_get_data_call_info
                0x80fa00e8        0x8 lib/core_stub.o
                0x80fa00e8                ql_get_data_call_info
 .text.core_stub.ql_gpio_deinit
                0x80fa00f0        0x8 lib/core_stub.o
                0x80fa00f0                ql_gpio_deinit
 .text.core_stub.ql_gpio_get_level
                0x80fa00f8        0x8 lib/core_stub.o
                0x80fa00f8                ql_gpio_get_level
 .text.core_stub.ql_gpio_init
                0x80fa0100        0x8 lib/core_stub.o
                0x80fa0100                ql_gpio_init
 .text.core_stub.ql_gpio_set_direction
                0x80fa0108        0x8 lib/core_stub.o
                0x80fa0108                ql_gpio_set_direction
 .text.core_stub.ql_gpio_set_level
                0x80fa0110        0x8 lib/core_stub.o
                0x80fa0110                ql_gpio_set_level
 .text.core_stub.ql_httpc_getinfo
                0x80fa0118        0x8 lib/core_stub.o
                0x80fa0118                ql_httpc_getinfo
 .text.core_stub.ql_httpc_new
                0x80fa0120        0x8 lib/core_stub.o
                0x80fa0120                ql_httpc_new
 .text.core_stub.ql_httpc_perform
                0x80fa0128        0x8 lib/core_stub.o
                0x80fa0128                ql_httpc_perform
 .text.core_stub.ql_httpc_release
                0x80fa0130        0x8 lib/core_stub.o
                0x80fa0130                ql_httpc_release
 .text.core_stub.ql_httpc_setopt
                0x80fa0138        0x8 lib/core_stub.o
                0x80fa0138                ql_httpc_setopt
 .text.core_stub.ql_int_disable
                0x80fa0140        0x8 lib/core_stub.o
                0x80fa0140                ql_int_disable
 .text.core_stub.ql_int_enable
                0x80fa0148        0x8 lib/core_stub.o
                0x80fa0148                ql_int_enable
 .text.core_stub.ql_int_register
                0x80fa0150        0x8 lib/core_stub.o
                0x80fa0150                ql_int_register
 .text.core_stub.ql_lpm_wakelock_unlock
                0x80fa0158        0x8 lib/core_stub.o
                0x80fa0158                ql_lpm_wakelock_unlock
 .text.core_stub.ql_mqtt_client_deinit
                0x80fa0160        0x8 lib/core_stub.o
                0x80fa0160                ql_mqtt_client_deinit
 .text.core_stub.ql_mqtt_client_init
                0x80fa0168        0x8 lib/core_stub.o
                0x80fa0168                ql_mqtt_client_init
 .text.core_stub.ql_mqtt_client_is_connected
                0x80fa0170        0x8 lib/core_stub.o
                0x80fa0170                ql_mqtt_client_is_connected
 .text.core_stub.ql_mqtt_connect
                0x80fa0178        0x8 lib/core_stub.o
                0x80fa0178                ql_mqtt_connect
 .text.core_stub.ql_mqtt_disconnect
                0x80fa0180        0x8 lib/core_stub.o
                0x80fa0180                ql_mqtt_disconnect
 .text.core_stub.ql_mqtt_publish
                0x80fa0188        0x8 lib/core_stub.o
                0x80fa0188                ql_mqtt_publish
 .text.core_stub.ql_mqtt_set_inpub_callback
                0x80fa0190        0x8 lib/core_stub.o
                0x80fa0190                ql_mqtt_set_inpub_callback
 .text.core_stub.ql_mqtt_sub_unsub
                0x80fa0198        0x8 lib/core_stub.o
                0x80fa0198                ql_mqtt_sub_unsub
 .text.core_stub.ql_network_register_wait
                0x80fa01a0        0x8 lib/core_stub.o
                0x80fa01a0                ql_network_register_wait
 .text.core_stub.ql_nw_get_cell_info
                0x80fa01a8        0x8 lib/core_stub.o
                0x80fa01a8                ql_nw_get_cell_info
 .text.core_stub.ql_nw_get_cell_info_async
                0x80fa01b0        0x8 lib/core_stub.o
                0x80fa01b0                ql_nw_get_cell_info_async
 .text.core_stub.ql_nw_get_csq
                0x80fa01b8        0x8 lib/core_stub.o
                0x80fa01b8                ql_nw_get_csq
 .text.core_stub.ql_nw_get_emm_gmm_cause
                0x80fa01c0        0x8 lib/core_stub.o
                0x80fa01c0                ql_nw_get_emm_gmm_cause
 .text.core_stub.ql_nw_get_esm_sm_cause
                0x80fa01c8        0x8 lib/core_stub.o
                0x80fa01c8                ql_nw_get_esm_sm_cause
 .text.core_stub.ql_nw_get_jamdet_config
                0x80fa01d0        0x8 lib/core_stub.o
                0x80fa01d0                ql_nw_get_jamdet_config
 .text.core_stub.ql_nw_get_jamdet_status
                0x80fa01d8        0x8 lib/core_stub.o
                0x80fa01d8                ql_nw_get_jamdet_status
 .text.core_stub.ql_nw_get_mode
                0x80fa01e0        0x8 lib/core_stub.o
                0x80fa01e0                ql_nw_get_mode
 .text.core_stub.ql_nw_get_nitz_time_info
                0x80fa01e8        0x8 lib/core_stub.o
                0x80fa01e8                ql_nw_get_nitz_time_info
 .text.core_stub.ql_nw_get_operator_name
                0x80fa01f0        0x8 lib/core_stub.o
                0x80fa01f0                ql_nw_get_operator_name
 .text.core_stub.ql_nw_get_reg_status
                0x80fa01f8        0x8 lib/core_stub.o
                0x80fa01f8                ql_nw_get_reg_status
 .text.core_stub.ql_nw_get_selection
                0x80fa0200        0x8 lib/core_stub.o
                0x80fa0200                ql_nw_get_selection
 .text.core_stub.ql_nw_get_signal_strength
                0x80fa0208        0x8 lib/core_stub.o
                0x80fa0208                ql_nw_get_signal_strength
 .text.core_stub.ql_nw_register_cb
                0x80fa0210        0x8 lib/core_stub.o
                0x80fa0210                ql_nw_register_cb
 .text.core_stub.ql_nw_set_jamdet_mode
                0x80fa0218        0x8 lib/core_stub.o
                0x80fa0218                ql_nw_set_jamdet_mode
 .text.core_stub.ql_pin_set_func
                0x80fa0220        0x8 lib/core_stub.o
                0x80fa0220                ql_pin_set_func
 .text.core_stub.ql_power_down
                0x80fa0228        0x8 lib/core_stub.o
                0x80fa0228                ql_power_down
 .text.core_stub.ql_power_reset
                0x80fa0230        0x8 lib/core_stub.o
                0x80fa0230                ql_power_reset
 .text.core_stub.ql_remove
                0x80fa0238        0x8 lib/core_stub.o
                0x80fa0238                ql_remove
 .text.core_stub.ql_rtos_event_send
                0x80fa0240        0x8 lib/core_stub.o
                0x80fa0240                ql_rtos_event_send
 .text.core_stub.ql_rtos_semaphore_create
                0x80fa0248        0x8 lib/core_stub.o
                0x80fa0248                ql_rtos_semaphore_create
 .text.core_stub.ql_rtos_semaphore_delete
                0x80fa0250        0x8 lib/core_stub.o
                0x80fa0250                ql_rtos_semaphore_delete
 .text.core_stub.ql_rtos_semaphore_release
                0x80fa0258        0x8 lib/core_stub.o
                0x80fa0258                ql_rtos_semaphore_release
 .text.core_stub.ql_rtos_semaphore_wait
                0x80fa0260        0x8 lib/core_stub.o
                0x80fa0260                ql_rtos_semaphore_wait
 .text.core_stub.ql_rtos_task_create
                0x80fa0268        0x8 lib/core_stub.o
                0x80fa0268                ql_rtos_task_create
 .text.core_stub.ql_rtos_task_delete
                0x80fa0270        0x8 lib/core_stub.o
                0x80fa0270                ql_rtos_task_delete
 .text.core_stub.ql_rtos_task_sleep_ms
                0x80fa0278        0x8 lib/core_stub.o
                0x80fa0278                ql_rtos_task_sleep_ms
 .text.core_stub.ql_rtos_task_sleep_s
                0x80fa0280        0x8 lib/core_stub.o
                0x80fa0280                ql_rtos_task_sleep_s
 .text.core_stub.ql_set_data_call_asyn_mode
                0x80fa0288        0x8 lib/core_stub.o
                0x80fa0288                ql_set_data_call_asyn_mode
 .text.core_stub.ql_sim_get_card_status
                0x80fa0290        0x8 lib/core_stub.o
                0x80fa0290                ql_sim_get_card_status
 .text.core_stub.ql_sleep_register_cb
                0x80fa0298        0x8 lib/core_stub.o
                0x80fa0298                ql_sleep_register_cb
 .text.core_stub.ql_sms_callback_register
                0x80fa02a0        0x8 lib/core_stub.o
                0x80fa02a0                ql_sms_callback_register
 .text.core_stub.ql_sms_get_center_address
                0x80fa02a8        0x8 lib/core_stub.o
                0x80fa02a8                ql_sms_get_center_address
 .text.core_stub.ql_sms_get_init_status
                0x80fa02b0        0x8 lib/core_stub.o
                0x80fa02b0                ql_sms_get_init_status
 .text.core_stub.ql_sms_send_msg
                0x80fa02b8        0x8 lib/core_stub.o
                0x80fa02b8                ql_sms_send_msg
 .text.core_stub.ql_sms_set_code_mode
                0x80fa02c0        0x8 lib/core_stub.o
                0x80fa02c0                ql_sms_set_code_mode
 .text.core_stub.ql_spi_cs_high
                0x80fa02c8        0x8 lib/core_stub.o
                0x80fa02c8                ql_spi_cs_high
 .text.core_stub.ql_spi_cs_low
                0x80fa02d0        0x8 lib/core_stub.o
                0x80fa02d0                ql_spi_cs_low
 .text.core_stub.ql_spi_init
                0x80fa02d8        0x8 lib/core_stub.o
                0x80fa02d8                ql_spi_init
 .text.core_stub.ql_spi_read
                0x80fa02e0        0x8 lib/core_stub.o
                0x80fa02e0                ql_spi_read
 .text.core_stub.ql_spi_release
                0x80fa02e8        0x8 lib/core_stub.o
                0x80fa02e8                ql_spi_release
 .text.core_stub.ql_spi_write
                0x80fa02f0        0x8 lib/core_stub.o
                0x80fa02f0                ql_spi_write
 .text.core_stub.ql_start_data_call
                0x80fa02f8        0x8 lib/core_stub.o
                0x80fa02f8                ql_start_data_call
 .text.core_stub.ql_stop_data_call
                0x80fa0300        0x8 lib/core_stub.o
                0x80fa0300                ql_stop_data_call
 .text.core_stub.ql_uart_get_dcbconfig
                0x80fa0308        0x8 lib/core_stub.o
                0x80fa0308                ql_uart_get_dcbconfig
 .text.core_stub.ql_uart_get_tx_fifo_status
                0x80fa0310        0x8 lib/core_stub.o
                0x80fa0310                ql_uart_get_tx_fifo_status
 .text.core_stub.ql_uart_open
                0x80fa0318        0x8 lib/core_stub.o
                0x80fa0318                ql_uart_open
 .text.core_stub.ql_uart_read
                0x80fa0320        0x8 lib/core_stub.o
                0x80fa0320                ql_uart_read
 .text.core_stub.ql_uart_register_cb
                0x80fa0328        0x8 lib/core_stub.o
                0x80fa0328                ql_uart_register_cb
 .text.core_stub.ql_uart_set_dcbconfig
                0x80fa0330        0x8 lib/core_stub.o
                0x80fa0330                ql_uart_set_dcbconfig
 .text.core_stub.ql_uart_write
                0x80fa0338        0x8 lib/core_stub.o
                0x80fa0338                ql_uart_write
 .text.core_stub.ql_usb_bind_hotplug_cb
                0x80fa0340        0x8 lib/core_stub.o
                0x80fa0340                ql_usb_bind_hotplug_cb
 .text.core_stub.ql_wakeup_register_cb
                0x80fa0348        0x8 lib/core_stub.o
                0x80fa0348                ql_wakeup_register_cb
 .text.core_stub.realloc
                0x80fa0350        0x8 lib/core_stub.o
                0x80fa0350                realloc
                0x80fa0358                __corestub_end = .
                0x80fa0360                . = ALIGN (0x20)
 *fill*         0x80fa0358        0x8 
                0x60250080                __corestub_load_start = LOADADDR (.corestub)

.data           0x80fa0360      0x260 load address 0x602503e0
                0x80fa0360                __data_start = .
 *(.data .data.* .gnu.linkonce.d.*)
 .data.MqttSubTopic
                0x80fa0360       0x64 lib/libql_app_mqtt.a(mqtt_demo.c.obj)
                0x80fa0360                MqttSubTopic
 .data.card_status
                0x80fa03c4        0x1 lib/libql_app_mqtt.a(mqtt_demo.c.obj)
                0x80fa03c4                card_status
 .data.tsIsFirstTime.19817
                0x80fa03c5        0x1 lib/libql_app_mqtt.a(mqtt_demo.c.obj)
 .data.DOname   0x80fa03c6        0xf lib/libql_app_mqtt.a(I2C_RTC_LCD.c.obj)
                0x80fa03c6                DOname
 .data.Displaycnt.9629
                0x80fa03d5        0x1 lib/libql_app_mqtt.a(I2C_RTC_LCD.c.obj)
 .data.DLMS_init_flag
                0x80fa03d6        0x1 lib/libql_app_mqtt.a(rs232_UART.c.obj)
                0x80fa03d6                DLMS_init_flag
 *fill*         0x80fa03d7        0x1 
 .data.global_hooks
                0x80fa03d8        0xc lib/libql_app_mqtt.a(cJSON.c.obj)
 .data.flag_flashUpdateEPROM_General
                0x80fa03e4        0x1 lib/libql_app_mqtt.a(configuration.c.obj)
                0x80fa03e4                flag_flashUpdateEPROM_General
 .data.flag_flashUpdateEPROM_General_WaitCounter
                0x80fa03e5        0x1 lib/libql_app_mqtt.a(configuration.c.obj)
                0x80fa03e5                flag_flashUpdateEPROM_General_WaitCounter
 .data.flag_flashUpdateEPROM_PermanentData
                0x80fa03e6        0x1 lib/libql_app_mqtt.a(configuration.c.obj)
                0x80fa03e6                flag_flashUpdateEPROM_PermanentData
 .data.flag_flashUpdateEPROM_PermanentData_WaitCounter
                0x80fa03e7        0x1 lib/libql_app_mqtt.a(configuration.c.obj)
                0x80fa03e7                flag_flashUpdateEPROM_PermanentData_WaitCounter
 .data.flag_flashUpdateEPROM_Schedule
                0x80fa03e8        0x1 lib/libql_app_mqtt.a(configuration.c.obj)
                0x80fa03e8                flag_flashUpdateEPROM_Schedule
 .data.flag_flashUpdateEPROM_Schedule_WaitCounter
                0x80fa03e9        0x1 lib/libql_app_mqtt.a(configuration.c.obj)
                0x80fa03e9                flag_flashUpdateEPROM_Schedule_WaitCounter
 .data.pro_APN  0x80fa03ea       0x1e lib/libql_app_mqtt.a(configuration.c.obj)
                0x80fa03ea                pro_APN
 .data.pro_MQTT_Broker_IP
                0x80fa0408       0x1e lib/libql_app_mqtt.a(configuration.c.obj)
                0x80fa0408                pro_MQTT_Broker_IP
 *fill*         0x80fa0426        0x2 
 .data.pro_MQTT_Broker_Port
                0x80fa0428        0x4 lib/libql_app_mqtt.a(configuration.c.obj)
                0x80fa0428                pro_MQTT_Broker_Port
 .data.pro_MQTT_Client_ID
                0x80fa042c       0x1e lib/libql_app_mqtt.a(configuration.c.obj)
                0x80fa042c                pro_MQTT_Client_ID
 .data.ReceiveTimer
                0x80fa044a        0x1 lib/libql_app_mqtt.a(dlms_meter.c.obj)
                0x80fa044a                ReceiveTimer
 .data.__fdlib_version
                0x80fa044b        0x1 ../../components/newlib/armca5/libm.a(lib_a-s_lib_ver.o)
                0x80fa044b                __fdlib_version
 .data.numempty
                0x80fa044c        0x2 ../../components/newlib/armca5/libc.a(lib_a-lnumeric.o)
 *fill*         0x80fa044e        0x2 
 .data.__global_locale
                0x80fa0450      0x16c ../../components/newlib/armca5/libc.a(lib_a-locale.o)
                0x80fa0450                __global_locale
                0x80fa05bc                __data_end = .
                0x80fa05c0                . = ALIGN (0x20)
 *fill*         0x80fa05bc        0x4 
                0x602503e0                __data_load_start = LOADADDR (.data)

.igot.plt       0x60250640        0x0
 .igot.plt      0x60250640        0x0 lib/core_stub.o

.bss            0x80fa05c0     0x5ca0
                0x80fa05c0                __bss_start = .
 *(.bss .bss.* COMMON .scommon .sbss .sbss.* .sbss2 .sbss2.* .gnu.linkonce.b.*)
 .bss.nw_task   0x80fa05c0        0x4 lib/libql_app_nw.a(nw_demo.c.obj)
                0x80fa05c0                nw_task
 COMMON         0x80fa05c4        0x1 lib/libql_app_nw.a(nw_demo.c.obj)
                0x80fa05c4                csq_sim
 *fill*         0x80fa05c5        0x3 
 .bss.datacall_ctx
                0x80fa05c8       0xa8 lib/libql_app_nw.a(datacall_demo.c.obj)
                0x80fa05c8                datacall_ctx
 .bss.datacall_task
                0x80fa0670        0x4 lib/libql_app_nw.a(datacall_demo.c.obj)
                0x80fa0670                datacall_task
 .bss.ql_data_reg_sem
                0x80fa0674        0x8 lib/libql_app_nw.a(datacall_demo.c.obj)
                0x80fa0674                ql_data_reg_sem
 .bss.power_task
                0x80fa067c        0x4 lib/libql_app_power.a(power_demo.c.obj)
                0x80fa067c                power_task
 COMMON         0x80fa0680        0x8 lib/libql_app_power.a(power_demo.c.obj)
                0x80fa0680                wake_lock_1
                0x80fa0684                wake_lock_2
 .bss.IMEI      0x80fa0688       0x40 lib/libql_app_mqtt.a(mqtt_demo.c.obj)
                0x80fa0688                IMEI
 .bss.MQTT_send_OTA_status
                0x80fa06c8        0x4 lib/libql_app_mqtt.a(mqtt_demo.c.obj)
                0x80fa06c8                MQTT_send_OTA_status
 .bss.b_mqtt_message_received
                0x80fa06cc        0x1 lib/libql_app_mqtt.a(mqtt_demo.c.obj)
                0x80fa06cc                b_mqtt_message_received
 *fill*         0x80fa06cd        0x3 
 .bss.client_info
                0x80fa06d0       0x20 lib/libql_app_mqtt.a(mqtt_demo.c.obj)
                0x80fa06d0                client_info
 .bss.fInternetEnabled
                0x80fa06f0        0x1 lib/libql_app_mqtt.a(mqtt_demo.c.obj)
                0x80fa06f0                fInternetEnabled
 .bss.fMQTTClintInt
                0x80fa06f1        0x1 lib/libql_app_mqtt.a(mqtt_demo.c.obj)
                0x80fa06f1                fMQTTClintInt
 .bss.fNetworkRegistered
                0x80fa06f2        0x1 lib/libql_app_mqtt.a(mqtt_demo.c.obj)
                0x80fa06f2                fNetworkRegistered
 .bss.fSubscribe
                0x80fa06f3        0x1 lib/libql_app_mqtt.a(mqtt_demo.c.obj)
                0x80fa06f3                fSubscribe
 .bss.flag_modem_MQTT_Reconnect
                0x80fa06f4        0x1 lib/libql_app_mqtt.a(mqtt_demo.c.obj)
                0x80fa06f4                flag_modem_MQTT_Reconnect
 .bss.gStopHistoricalDataStore
                0x80fa06f5        0x1 lib/libql_app_mqtt.a(mqtt_demo.c.obj)
                0x80fa06f5                gStopHistoricalDataStore
 *fill*         0x80fa06f6        0x2 
 .bss.mqtt_connected
                0x80fa06f8        0x4 lib/libql_app_mqtt.a(mqtt_demo.c.obj)
                0x80fa06f8                mqtt_connected
 .bss.mqtt_semp
                0x80fa06fc        0x4 lib/libql_app_mqtt.a(mqtt_demo.c.obj)
 .bss.mqtt_task
                0x80fa0700        0x4 lib/libql_app_mqtt.a(mqtt_demo.c.obj)
 .bss.tsOld_hour.19818
                0x80fa0704        0x1 lib/libql_app_mqtt.a(mqtt_demo.c.obj)
 .bss.tsOld_minute.19816
                0x80fa0705        0x1 lib/libql_app_mqtt.a(mqtt_demo.c.obj)
 .bss.version_buf
                0x80fa0706       0x40 lib/libql_app_mqtt.a(mqtt_demo.c.obj)
                0x80fa0706                version_buf
 *fill*         0x80fa0746        0x2 
 COMMON         0x80fa0748      0xcc0 lib/libql_app_mqtt.a(mqtt_demo.c.obj)
                0x80fa0748                mqtt_cli
                0x80fa074c                fMQTTpublishCount
                0x80fa0750                ACK_string
                0x80fa0754                MqttPubBuf
                0x80fa0f3c                fMQTTreceivedCount
                0x80fa0f40                mqtt_recv_buf
                0x80fa1340                MQTT_Client_URL
 .bss.RUN_Timer
                0x80fa1408        0xc lib/libql_app_mqtt.a(gpio_DIDO.c.obj)
                0x80fa1408                RUN_Timer
 .bss.gTimeInfo
                0x80fa1414        0xc lib/libql_app_mqtt.a(gpio_DIDO.c.obj)
                0x80fa1414                gTimeInfo
 .bss.tPmpOnStatus
                0x80fa1420        0x1 lib/libql_app_mqtt.a(gpio_DIDO.c.obj)
                0x80fa1420                tPmpOnStatus
 *fill*         0x80fa1421        0x3 
 COMMON         0x80fa1424       0x91 lib/libql_app_mqtt.a(gpio_DIDO.c.obj)
                0x80fa1424                DO_Final_value
                0x80fa1427                Schedule_astro
                0x80fa146f                Old_DI_Final_value
                0x80fa148d                DI_Final_value
                0x80fa14ab                tPmpOnStatus_relay
                0x80fa14b0                count_DO
                0x80fa14b4                flag_timezone_sign
 .bss.ql_intsel_flg
                0x80fa14b5        0x1 lib/libql_app_mqtt.a(gpio_int_KEY.c.obj)
                0x80fa14b5                ql_intsel_flg
 *fill*         0x80fa14b6        0x2 
 COMMON         0x80fa14b8       0xc6 lib/libql_app_mqtt.a(gpio_int_KEY.c.obj)
                0x80fa14b8                PFValueLow
                0x80fa14bc                b
                0x80fa14c1                KEYPAD_DATA_IN
                0x80fa14c2                PROGSET
                0x80fa14c3                FlagswitchInt1
                0x80fa14c4                PROG
                0x80fa14c5                ENTER
                0x80fa14c6                FlagswitchInt3
                0x80fa14c7                dispDecimal
                0x80fa14f9                Menu_refresh
                0x80fa14fa                keybit
                0x80fa14fc                KBPage
                0x80fa1538                keybyte
                0x80fa1539                disp_buffer
                0x80fa156b                FlagswitchInt4
                0x80fa156c                FlagswitchInt2
                0x80fa156d                DOWN
                0x80fa1570                PFValueHigh
                0x80fa1574                Key_refresh
                0x80fa1575                Disp_refresh
                0x80fa1578                L_port
                0x80fa157c                UP
                0x80fa157d                Fact_def
 .bss.CommPosition
                0x80fa157e        0x1 lib/libql_app_mqtt.a(I2C_RTC_LCD.c.obj)
                0x80fa157e                CommPosition
 *fill*         0x80fa157f        0x1 
 .bss.i2c_RTC_task.9380
                0x80fa1580        0x4 lib/libql_app_mqtt.a(I2C_RTC_LCD.c.obj)
 .bss.keypad_initialized
                0x80fa1584        0x1 lib/libql_app_mqtt.a(I2C_RTC_LCD.c.obj)
                0x80fa1584                keypad_initialized
 .bss.lcd_intialized
                0x80fa1585        0x1 lib/libql_app_mqtt.a(I2C_RTC_LCD.c.obj)
                0x80fa1585                lcd_intialized
 .bss.rtc_intialized
                0x80fa1586        0x1 lib/libql_app_mqtt.a(I2C_RTC_LCD.c.obj)
                0x80fa1586                rtc_intialized
 *fill*         0x80fa1587        0x1 
 COMMON         0x80fa1588      0x65c lib/libql_app_mqtt.a(I2C_RTC_LCD.c.obj)
                0x80fa1588                prog_page_count
                0x80fa158c                EPROM4HISTORY
                0x80fa15a0                disp_buffer2
                0x80fa1668                update_time
                0x80fa1674                Setup_cd
                0x80fa1679                ssecond
                0x80fa167a                disp_buffer1
                0x80fa1742                sdate
                0x80fa1743                Setup_log
                0x80fa1748                sminute
                0x80fa1749                Setup_rd
                0x80fa174e                GPRSLiveIPbuf
                0x80fa1762                Setup_ID
                0x80fa1767                syear
                0x80fa1768                Alarm_MO
                0x80fa1776                shour
                0x80fa1777                Pcbplc_Display
                0x80fa1778                rtc_time
                0x80fa1784                GPRSPort
                0x80fa1789                smonth
                0x80fa178a                OldSecomdRec
                0x80fa178b                MAXSMS_ID
                0x80fa1790                dispStr
                0x80fa1990                Meter_reset
                0x80fa1994                Deci
                0x80fa19a4                d
                0x80fa19a8                GPRSLiveIPbufVar
                0x80fa19bc                modbusminute
                0x80fa19bd                OldclearSecomdRec
                0x80fa19be                CommaStr
 .bss.ProductionMode
                0x80fa1be4        0x1 lib/libql_app_mqtt.a(rs232_UART.c.obj)
                0x80fa1be4                ProductionMode
 *fill*         0x80fa1be5        0x1 
 COMMON         0x80fa1be6     0x1002 lib/libql_app_mqtt.a(rs232_UART.c.obj)
                0x80fa1be6                SerialTXBuffer
                0x80fa23e6                Rec_char
                0x80fa23e8                cim_recv_buff
 .bss.rs485_task
                0x80fa2be8        0x4 lib/libql_app_mqtt.a(rs485_METER.c.obj)
                0x80fa2be8                rs485_task
 *fill*         0x80fa2bec       0x14 
 COMMON         0x80fa2c00      0x640 lib/libql_app_mqtt.a(spi_flash_at25ff.c.obj)
                0x80fa2c00                spi_demo_write
                0x80fa2c04                g_flashRunTimeParaSturct
                0x80fa2e04                ram_buff
                0x80fa2e24                spi_demo_read
                0x80fa2e40                g_inbuf
                0x80fa3040                g_outbuf
 .bss.OTA_flag  0x80fa3240        0x1 lib/libql_app_mqtt.a(json_parser_sp.c.obj)
                0x80fa3240                OTA_flag
 .bss.flagMQTTPubGetLograte
                0x80fa3241        0x1 lib/libql_app_mqtt.a(json_parser_sp.c.obj)
                0x80fa3241                flagMQTTPubGetLograte
 .bss.flagMQTTPubGetMode
                0x80fa3242        0x1 lib/libql_app_mqtt.a(json_parser_sp.c.obj)
                0x80fa3242                flagMQTTPubGetMode
 .bss.flagMQTTPubHistoryData
                0x80fa3243        0x1 lib/libql_app_mqtt.a(json_parser_sp.c.obj)
                0x80fa3243                flagMQTTPubHistoryData
 .bss.flagMQTTPubSchedule
                0x80fa3244        0x1 lib/libql_app_mqtt.a(json_parser_sp.c.obj)
                0x80fa3244                flagMQTTPubSchedule
 .bss.flagMqttPubLogData
                0x80fa3245        0x1 lib/libql_app_mqtt.a(json_parser_sp.c.obj)
                0x80fa3245                flagMqttPubLogData
 .bss.flagSERIAL_ID_First
                0x80fa3246        0x1 lib/libql_app_mqtt.a(json_parser_sp.c.obj)
                0x80fa3246                flagSERIAL_ID_First
 .bss.flagSERIAL_ID_afterPowerCycle
                0x80fa3247        0x1 lib/libql_app_mqtt.a(json_parser_sp.c.obj)
                0x80fa3247                flagSERIAL_ID_afterPowerCycle
 .bss.flagSERIAL_TestMethod_1_ACK
                0x80fa3248        0x1 lib/libql_app_mqtt.a(json_parser_sp.c.obj)
                0x80fa3248                flagSERIAL_TestMethod_1_ACK
 .bss.flagSERIAL_TestMethod_1_Result
                0x80fa3249        0x1 lib/libql_app_mqtt.a(json_parser_sp.c.obj)
                0x80fa3249                flagSERIAL_TestMethod_1_Result
 .bss.flagSERIAL_TestMethod_2_ACK
                0x80fa324a        0x1 lib/libql_app_mqtt.a(json_parser_sp.c.obj)
                0x80fa324a                flagSERIAL_TestMethod_2_ACK
 .bss.flagSERIAL_TestMethod_2_Result
                0x80fa324b        0x1 lib/libql_app_mqtt.a(json_parser_sp.c.obj)
                0x80fa324b                flagSERIAL_TestMethod_2_Result
 COMMON         0x80fa324c     0x20cd lib/libql_app_mqtt.a(json_parser_sp.c.obj)
                0x80fa324c                pubScheduleBlock
                0x80fa324d                rtcdate
                0x80fa3261                mBinPath
                0x80fa3364                gFinalAnaValF
                0x80fa5304                current_cmd
                0x80fa5305                rtctime
 *fill*         0x80fa5319        0x3 
 .bss.global_error
                0x80fa531c        0x8 lib/libql_app_mqtt.a(cJSON.c.obj)
 .bss.DO_Opration
                0x80fa5324        0x1 lib/libql_app_mqtt.a(configuration.c.obj)
                0x80fa5324                DO_Opration
 .bss.DO_Opration_count
                0x80fa5325        0x1 lib/libql_app_mqtt.a(configuration.c.obj)
                0x80fa5325                DO_Opration_count
 .bss.proTestRequest
                0x80fa5326        0x2 lib/libql_app_mqtt.a(configuration.c.obj)
                0x80fa5326                proTestRequest
 .bss.pro_DO_DI_TestFinish
                0x80fa5328        0x1 lib/libql_app_mqtt.a(configuration.c.obj)
                0x80fa5328                pro_DO_DI_TestFinish
 *fill*         0x80fa5329        0x7 
 COMMON         0x80fa5330      0xdad lib/libql_app_mqtt.a(configuration.c.obj)
                0x80fa5330                EPROM_General
                0x80fa5940                print
                0x80fa5a40                pro_DO_State
                0x80fa5a44                EPROM_Schedule
                0x80fa605c                EPROM_PermanentData
                0x80fa60b2                pro_DI_State
                0x80fa60b8                Fream_id
                0x80fa60bc                Config
 *fill*         0x80fa60dd        0x1 
 .bss.write_len
                0x80fa60de        0x2 lib/libql_app_mqtt.a(dlms_meter.c.obj)
                0x80fa60de                write_len
 COMMON         0x80fa60e0       0x50 lib/libql_app_mqtt.a(dlms_meter.c.obj)
                0x80fa60e0                DLMS_Status
                0x80fa60e1                aTolhi
                0x80fa60ed                OldaTollo
                0x80fa60f9                Check_Count_hi
                0x80fa6105                Check_Count_lo
                0x80fa6114                myData
                0x80fa6118                OldaTolhi
                0x80fa6124                aTollo
 .bss.fota_http_semp
                0x80fa6130        0x4 lib/libql_app_mqtt.a(OTA.c.obj)
                0x80fa6130                fota_http_semp
 .bss.fota_http_task
                0x80fa6134        0x4 lib/libql_app_mqtt.a(OTA.c.obj)
                0x80fa6134                fota_http_task
 .bss.sms_init_sem
                0x80fa6138        0x4 lib/libql_app_mqtt.a(sms.c.obj)
                0x80fa6138                sms_init_sem
 .bss.sms_list_sem
                0x80fa613c        0x4 lib/libql_app_mqtt.a(sms.c.obj)
                0x80fa613c                sms_list_sem
 .bss.sms_task  0x80fa6140        0x4 lib/libql_app_mqtt.a(sms.c.obj)
                0x80fa6140                sms_task
 COMMON         0x80fa6144       0xff lib/libql_app_mqtt.a(sms.c.obj)
                0x80fa6144                send_buffer
                0x80fa6242                SMSAlarmType
                0x80fa6243                __bss_end = .
                0x80fa6260                . = ALIGN (0x20)
 *fill*         0x80fa6243       0x1d 
                0x60250640                . = ((LOADADDR (.corestub) + SIZEOF (.corestub)) + SIZEOF (.data))

.text           0x60250640    0x1d2e0
                0x60250640                __text_start = .
 *(.text .text.* .gnu.linkonce.t.* .rdata .rodata .rodata.* .gnu.linkonce.r.* .glue_7 .glue_7t .vfp11_veneer .v4_bx)
 .glue_7        0x60250640        0x0 linker stubs
 .glue_7t       0x60250640        0x0 linker stubs
 .vfp11_veneer  0x60250640        0x0 linker stubs
 .v4_bx         0x60250640        0x0 linker stubs
 .text.ql_init_demo_thread
                0x60250640       0x60 components/ql-application/init/CMakeFiles/APPIMAGE_APP.dir/ql_init.c.obj
 .text.ql_pin_cfg_init
                0x602506a0       0x6c components/ql-application/init/CMakeFiles/APPIMAGE_APP.dir/ql_init.c.obj
                0x602506a0                ql_pin_cfg_init
 .text.appimg_enter
                0x6025070c       0x98 components/ql-application/init/CMakeFiles/APPIMAGE_APP.dir/ql_init.c.obj
                0x6025070c                appimg_enter
 .text.appimg_exit
                0x602507a4       0x1c components/ql-application/init/CMakeFiles/APPIMAGE_APP.dir/ql_init.c.obj
                0x602507a4                appimg_exit
 .rodata.__FUNCTION__.9768
                0x602507c0       0x10 components/ql-application/init/CMakeFiles/APPIMAGE_APP.dir/ql_init.c.obj
 .rodata.__FUNCTION__.9775
                0x602507d0       0x14 components/ql-application/init/CMakeFiles/APPIMAGE_APP.dir/ql_init.c.obj
 .rodata.__FUNCTION__.9781
                0x602507e4        0xd components/ql-application/init/CMakeFiles/APPIMAGE_APP.dir/ql_init.c.obj
 .rodata.__FUNCTION__.9785
                0x602507f1        0xc components/ql-application/init/CMakeFiles/APPIMAGE_APP.dir/ql_init.c.obj
 .rodata.appimg_enter.str1.1
                0x602507fd       0x5e components/ql-application/init/CMakeFiles/APPIMAGE_APP.dir/ql_init.c.obj
 .rodata.appimg_exit.str1.1
                0x6025085b       0x1d components/ql-application/init/CMakeFiles/APPIMAGE_APP.dir/ql_init.c.obj
 .rodata.ql_init_demo_thread.str1.1
                0x60250878       0x31 components/ql-application/init/CMakeFiles/APPIMAGE_APP.dir/ql_init.c.obj
 .rodata.ql_pin_cfg_init.str1.1
                0x602508a9       0x1c components/ql-application/init/CMakeFiles/APPIMAGE_APP.dir/ql_init.c.obj
 *fill*         0x602508c5        0x3 
 .text.ql_nw_cause_print
                0x602508c8       0x60 lib/libql_app_nw.a(nw_demo.c.obj)
 .text.ql_nw_notify_cb
                0x60250928      0x1ac lib/libql_app_nw.a(nw_demo.c.obj)
                0x60250928                ql_nw_notify_cb
 .text.nw_app_thread
                0x60250ad4      0x438 lib/libql_app_nw.a(nw_demo.c.obj)
 .text.ql_nw_app_init
                0x60250f0c       0x50 lib/libql_app_nw.a(nw_demo.c.obj)
                0x60250f0c                ql_nw_app_init
 .rodata        0x60250f5c       0x28 lib/libql_app_nw.a(nw_demo.c.obj)
 .rodata.__FUNCTION__.15032
                0x60250f84       0x12 lib/libql_app_nw.a(nw_demo.c.obj)
 .rodata.__FUNCTION__.15043
                0x60250f96       0x10 lib/libql_app_nw.a(nw_demo.c.obj)
 .rodata.__FUNCTION__.15079
                0x60250fa6        0xe lib/libql_app_nw.a(nw_demo.c.obj)
 .rodata.__FUNCTION__.15098
                0x60250fb4        0xf lib/libql_app_nw.a(nw_demo.c.obj)
 .rodata.nw_app_thread.str1.1
                0x60250fc3      0x3d3 lib/libql_app_nw.a(nw_demo.c.obj)
 .rodata.ql_nw_app_init.str1.1
                0x60251396       0x2d lib/libql_app_nw.a(nw_demo.c.obj)
 .rodata.ql_nw_cause_print.str1.1
                0x602513c3       0x17 lib/libql_app_nw.a(nw_demo.c.obj)
 .rodata.ql_nw_notify_cb.str1.1
                0x602513da      0x212 lib/libql_app_nw.a(nw_demo.c.obj)
 .rodata.str1.1
                0x602515ec       0x2a lib/libql_app_nw.a(nw_demo.c.obj)
                                 0x34 (size before relaxing)
 *fill*         0x60251616        0x2 
 .text.ql_datacall_ind_callback
                0x60251618       0xa8 lib/libql_app_nw.a(datacall_demo.c.obj)
                0x60251618                ql_datacall_ind_callback
 .text.datacall_app_thread
                0x602516c0      0x3a4 lib/libql_app_nw.a(datacall_demo.c.obj)
 .text.ql_nw_ind_callback
                0x60251a64       0x50 lib/libql_app_nw.a(datacall_demo.c.obj)
                0x60251a64                ql_nw_ind_callback
 .text.ql_datacall_app_init
                0x60251ab4       0x50 lib/libql_app_nw.a(datacall_demo.c.obj)
                0x60251ab4                ql_datacall_app_init
 .rodata.__FUNCTION__.15035
                0x60251b04       0x13 lib/libql_app_nw.a(datacall_demo.c.obj)
 .rodata.__FUNCTION__.15043
                0x60251b17       0x19 lib/libql_app_nw.a(datacall_demo.c.obj)
 .rodata.__FUNCTION__.15059
                0x60251b30       0x14 lib/libql_app_nw.a(datacall_demo.c.obj)
 .rodata.__FUNCTION__.15070
                0x60251b44       0x15 lib/libql_app_nw.a(datacall_demo.c.obj)
 .rodata.datacall_app_thread.str1.1
                0x60251b59      0x320 lib/libql_app_nw.a(datacall_demo.c.obj)
 .rodata.ql_datacall_app_init.str1.1
                0x60251e79       0x39 lib/libql_app_nw.a(datacall_demo.c.obj)
 .rodata.ql_datacall_ind_callback.str1.1
                0x60251eb2       0x4b lib/libql_app_nw.a(datacall_demo.c.obj)
 .rodata.ql_nw_ind_callback.str1.1
                0x60251efd       0x4b lib/libql_app_nw.a(datacall_demo.c.obj)
 .rodata.ql_pin_cfg_map
                0x60251f48      0x17a lib/libql_app_peripheral.a(ql_pin_cfg.c.obj)
                0x60251f48                ql_pin_cfg_map
 .text.ql_enter_sleep_cb
                0x602520c2        0x2 lib/libql_app_power.a(power_demo.c.obj)
                0x602520c2                ql_enter_sleep_cb
 .text.ql_power_demo_thread
                0x602520c4      0x10c lib/libql_app_power.a(power_demo.c.obj)
 .text.usb_hotplug_cb
                0x602521d0       0x2c lib/libql_app_power.a(power_demo.c.obj)
                0x602521d0                usb_hotplug_cb
 .text.ql_exit_sleep_cb
                0x602521fc        0x2 lib/libql_app_power.a(power_demo.c.obj)
                0x602521fc                ql_exit_sleep_cb
 *fill*         0x602521fe        0x2 
 .text.ql_power_app_init
                0x60252200       0x50 lib/libql_app_power.a(power_demo.c.obj)
                0x60252200                ql_power_app_init
 .rodata.__FUNCTION__.8315
                0x60252250        0xf lib/libql_app_power.a(power_demo.c.obj)
 .rodata.__FUNCTION__.8322
                0x6025225f       0x15 lib/libql_app_power.a(power_demo.c.obj)
 .rodata.__FUNCTION__.8340
                0x60252274       0x12 lib/libql_app_power.a(power_demo.c.obj)
 .rodata.ql_power_app_init.str1.1
                0x60252286       0x3b lib/libql_app_power.a(power_demo.c.obj)
 .rodata.ql_power_demo_thread.str1.1
                0x602522c1       0xbf lib/libql_app_power.a(power_demo.c.obj)
 .rodata.usb_hotplug_cb.str1.1
                0x60252380       0x38 lib/libql_app_power.a(power_demo.c.obj)
 .text.mqtt_state_exception_cb
                0x602523b8       0x30 lib/libql_app_mqtt.a(mqtt_demo.c.obj)
 .text.mqtt_received_result_cb
                0x602523e8       0x30 lib/libql_app_mqtt.a(mqtt_demo.c.obj)
 .text.mqtt_connect_result_cb
                0x60252418       0x4c lib/libql_app_mqtt.a(mqtt_demo.c.obj)
 .text.mqtt_disconnect_result_cb
                0x60252464       0x58 lib/libql_app_mqtt.a(mqtt_demo.c.obj)
 .text.mqtt_requst_result_cb
                0x602524bc       0x3c lib/libql_app_mqtt.a(mqtt_demo.c.obj)
 .text.mqtt_inpub_data_cb
                0x602524f8       0x60 lib/libql_app_mqtt.a(mqtt_demo.c.obj)
 .text.ql_mqtt_app_init
                0x60252558       0x4c lib/libql_app_mqtt.a(mqtt_demo.c.obj)
                0x60252558                ql_mqtt_app_init
 .text.Ethernet_MQTT_PUB_Routine
                0x602525a4      0x164 lib/libql_app_mqtt.a(mqtt_demo.c.obj)
                0x602525a4                Ethernet_MQTT_PUB_Routine
 .text.IsLogRateMatched
                0x60252708       0x78 lib/libql_app_mqtt.a(mqtt_demo.c.obj)
                0x60252708                IsLogRateMatched
 .text.ExtFlash_WriteHistoricalData
                0x60252780       0x64 lib/libql_app_mqtt.a(mqtt_demo.c.obj)
                0x60252780                ExtFlash_WriteHistoricalData
 .text.ExtFlash_Read_RuntimePara
                0x602527e4       0x68 lib/libql_app_mqtt.a(mqtt_demo.c.obj)
                0x602527e4                ExtFlash_Read_RuntimePara
 .text.ExtFlash_ReadHistoricalDataLogFromFlash
                0x6025284c       0x2c lib/libql_app_mqtt.a(mqtt_demo.c.obj)
                0x6025284c                ExtFlash_ReadHistoricalDataLogFromFlash
 .text.correctionIP
                0x60252878       0xa0 lib/libql_app_mqtt.a(mqtt_demo.c.obj)
                0x60252878                correctionIP
 .text.fillMQttClient
                0x60252918      0x118 lib/libql_app_mqtt.a(mqtt_demo.c.obj)
 .text.mqtt_app_thread
                0x60252a30      0x5dc lib/libql_app_mqtt.a(mqtt_demo.c.obj)
 .rodata.Ethernet_MQTT_PUB_Routine.str1.1
                0x6025300c       0xe0 lib/libql_app_mqtt.a(mqtt_demo.c.obj)
 .rodata.__FUNCTION__.19744
                0x602530ec       0x18 lib/libql_app_mqtt.a(mqtt_demo.c.obj)
 .rodata.__FUNCTION__.19750
                0x60253104       0x17 lib/libql_app_mqtt.a(mqtt_demo.c.obj)
 .rodata.__FUNCTION__.19756
                0x6025311b       0x16 lib/libql_app_mqtt.a(mqtt_demo.c.obj)
 .rodata.__FUNCTION__.19762
                0x60253131       0x18 lib/libql_app_mqtt.a(mqtt_demo.c.obj)
 .rodata.__FUNCTION__.19771
                0x60253149       0x13 lib/libql_app_mqtt.a(mqtt_demo.c.obj)
 .rodata.__FUNCTION__.19777
                0x6025315c       0x1a lib/libql_app_mqtt.a(mqtt_demo.c.obj)
 .rodata.__FUNCTION__.19782
                0x60253176        0xf lib/libql_app_mqtt.a(mqtt_demo.c.obj)
 .rodata.__FUNCTION__.19795
                0x60253185       0x10 lib/libql_app_mqtt.a(mqtt_demo.c.obj)
 .rodata.__FUNCTION__.19806
                0x60253195       0x11 lib/libql_app_mqtt.a(mqtt_demo.c.obj)
 .rodata.__FUNCTION__.19811
                0x602531a6       0x1a lib/libql_app_mqtt.a(mqtt_demo.c.obj)
 .rodata.fillMQttClient.str1.1
                0x602531c0       0x85 lib/libql_app_mqtt.a(mqtt_demo.c.obj)
                                 0x86 (size before relaxing)
 .rodata.mqtt_app_thread.str1.1
                0x60253245      0x489 lib/libql_app_mqtt.a(mqtt_demo.c.obj)
 .rodata.mqtt_connect_result_cb.str1.1
                0x602536ce       0x19 lib/libql_app_mqtt.a(mqtt_demo.c.obj)
 .rodata.mqtt_disconnect_result_cb.str1.1
                0x602536e7       0x33 lib/libql_app_mqtt.a(mqtt_demo.c.obj)
 .rodata.mqtt_inpub_data_cb.str1.1
                0x6025371a       0x32 lib/libql_app_mqtt.a(mqtt_demo.c.obj)
 .rodata.mqtt_received_result_cb.str1.1
                0x6025374c       0x16 lib/libql_app_mqtt.a(mqtt_demo.c.obj)
 .rodata.mqtt_state_exception_cb.str1.1
                0x60253762       0x2f lib/libql_app_mqtt.a(mqtt_demo.c.obj)
 .rodata.ql_mqtt_app_init.str1.1
                0x60253791       0x2c lib/libql_app_mqtt.a(mqtt_demo.c.obj)
 *fill*         0x602537bd        0x3 
 .text.DO_On_Off.part.0
                0x602537c0       0x24 lib/libql_app_mqtt.a(gpio_DIDO.c.obj)
 .text._ql_gpio_dido_init
                0x602537e4       0x30 lib/libql_app_mqtt.a(gpio_DIDO.c.obj)
                0x602537e4                _ql_gpio_dido_init
 .text.DO_On_Off
                0x60253814       0x40 lib/libql_app_mqtt.a(gpio_DIDO.c.obj)
                0x60253814                DO_On_Off
 .text.ScanDI   0x60253854      0x110 lib/libql_app_mqtt.a(gpio_DIDO.c.obj)
                0x60253854                ScanDI
 .text.pro_checkDIDOState
                0x60253964      0x15c lib/libql_app_mqtt.a(gpio_DIDO.c.obj)
                0x60253964                pro_checkDIDOState
 .text.ql_gpio_app_dido_init
                0x60253ac0       0x4c lib/libql_app_mqtt.a(gpio_DIDO.c.obj)
                0x60253ac0                ql_gpio_app_dido_init
 .text.UpdateRunTimer
                0x60253b0c       0xdc lib/libql_app_mqtt.a(gpio_DIDO.c.obj)
                0x60253b0c                UpdateRunTimer
 .text.ManualModeOperations
                0x60253be8      0x140 lib/libql_app_mqtt.a(gpio_DIDO.c.obj)
                0x60253be8                ManualModeOperations
 .text.ScheduleModeOperations
                0x60253d28      0x278 lib/libql_app_mqtt.a(gpio_DIDO.c.obj)
                0x60253d28                ScheduleModeOperations
 .text.AstroModeOperations
                0x60253fa0      0x2d0 lib/libql_app_mqtt.a(gpio_DIDO.c.obj)
                0x60253fa0                AstroModeOperations
 .text.check_timer_DO_onoff_Mode
                0x60254270      0x2ec lib/libql_app_mqtt.a(gpio_DIDO.c.obj)
                0x60254270                check_timer_DO_onoff_Mode
 .text.Sync_RTC_datetime
                0x6025455c       0x7c lib/libql_app_mqtt.a(gpio_DIDO.c.obj)
                0x6025455c                Sync_RTC_datetime
 .text.bcdToDec
                0x602545d8       0x12 lib/libql_app_mqtt.a(gpio_DIDO.c.obj)
                0x602545d8                bcdToDec
 *fill*         0x602545ea        0x6 
 .text.Calculate_SunsetSunrise
                0x602545f0      0x320 lib/libql_app_mqtt.a(gpio_DIDO.c.obj)
                0x602545f0                Calculate_SunsetSunrise
 .text.get_offset_UTC
                0x60254910       0x30 lib/libql_app_mqtt.a(gpio_DIDO.c.obj)
                0x60254910                get_offset_UTC
 .text.Get_Astro_time
                0x60254940      0x13c lib/libql_app_mqtt.a(gpio_DIDO.c.obj)
                0x60254940                Get_Astro_time
 .text.ql_gpio_dido_thread
                0x60254a7c      0x134 lib/libql_app_mqtt.a(gpio_DIDO.c.obj)
 .rodata.AstroModeOperations.str1.1
                0x60254bb0       0x2f lib/libql_app_mqtt.a(gpio_DIDO.c.obj)
 .rodata.ManualModeOperations.str1.1
                0x60254bdf       0x32 lib/libql_app_mqtt.a(gpio_DIDO.c.obj)
 .rodata.ScanDI.str1.1
                0x60254c11      0x12c lib/libql_app_mqtt.a(gpio_DIDO.c.obj)
 .rodata.ScheduleModeOperations.str1.1
                0x60254d3d       0xa7 lib/libql_app_mqtt.a(gpio_DIDO.c.obj)
 .rodata.UpdateRunTimer.str1.1
                0x60254de4       0xb1 lib/libql_app_mqtt.a(gpio_DIDO.c.obj)
 .rodata.__FUNCTION__.9793
                0x60254e95        0x7 lib/libql_app_mqtt.a(gpio_DIDO.c.obj)
 .rodata.__FUNCTION__.9827
                0x60254e9c       0x14 lib/libql_app_mqtt.a(gpio_DIDO.c.obj)
 .rodata.__FUNCTION__.9838
                0x60254eb0       0x16 lib/libql_app_mqtt.a(gpio_DIDO.c.obj)
 .rodata.__FUNCTION__.9843
                0x60254ec6       0x1a lib/libql_app_mqtt.a(gpio_DIDO.c.obj)
 .rodata.__FUNCTION__.9851
                0x60254ee0        0xf lib/libql_app_mqtt.a(gpio_DIDO.c.obj)
 .rodata.__FUNCTION__.9856
                0x60254eef       0x15 lib/libql_app_mqtt.a(gpio_DIDO.c.obj)
 .rodata.__FUNCTION__.9867
                0x60254f04       0x17 lib/libql_app_mqtt.a(gpio_DIDO.c.obj)
 .rodata.__FUNCTION__.9882
                0x60254f1b       0x14 lib/libql_app_mqtt.a(gpio_DIDO.c.obj)
 .rodata._ql_gpio_cfg
                0x60254f2f       0x34 lib/libql_app_mqtt.a(gpio_DIDO.c.obj)
 .rodata.check_timer_DO_onoff_Mode.str1.1
                0x60254f63      0x11e lib/libql_app_mqtt.a(gpio_DIDO.c.obj)
 .rodata.ql_gpio_app_dido_init.str1.1
                0x60255081       0x3c lib/libql_app_mqtt.a(gpio_DIDO.c.obj)
 .rodata.ql_gpio_dido_thread.str1.1
                0x602550bd       0x35 lib/libql_app_mqtt.a(gpio_DIDO.c.obj)
 *fill*         0x602550f2        0x2 
 .text._gpioint_callback04
                0x602550f4       0x64 lib/libql_app_mqtt.a(gpio_int_KEY.c.obj)
 .text._gpioint_callback03
                0x60255158       0x64 lib/libql_app_mqtt.a(gpio_int_KEY.c.obj)
 .text._gpioint_callback02
                0x602551bc       0x64 lib/libql_app_mqtt.a(gpio_int_KEY.c.obj)
 .text._gpioint_callback01
                0x60255220       0x64 lib/libql_app_mqtt.a(gpio_int_KEY.c.obj)
 .text.initialParameter
                0x60255284       0xbc lib/libql_app_mqtt.a(gpio_int_KEY.c.obj)
                0x60255284                initialParameter
 .text.ql_gpioint_demo_thread
                0x60255340      0x17c lib/libql_app_mqtt.a(gpio_int_KEY.c.obj)
 .text.ql_gpioint_app_key_init
                0x602554bc       0x4c lib/libql_app_mqtt.a(gpio_int_KEY.c.obj)
                0x602554bc                ql_gpioint_app_key_init
 .text.KeyPROGONLY
                0x60255508       0x5c lib/libql_app_mqtt.a(gpio_int_KEY.c.obj)
                0x60255508                KeyPROGONLY
 .text.KeyPROG  0x60255564       0x44 lib/libql_app_mqtt.a(gpio_int_KEY.c.obj)
                0x60255564                KeyPROG
 .text.KeyDOWN  0x602555a8      0x8dc lib/libql_app_mqtt.a(gpio_int_KEY.c.obj)
                0x602555a8                KeyDOWN
 .text.KeyUP    0x60255e84      0x858 lib/libql_app_mqtt.a(gpio_int_KEY.c.obj)
                0x60255e84                KeyUP
 .text.KeyENTER
                0x602566dc      0x360 lib/libql_app_mqtt.a(gpio_int_KEY.c.obj)
                0x602566dc                KeyENTER
 .text.keyboard
                0x60256a3c       0xec lib/libql_app_mqtt.a(gpio_int_KEY.c.obj)
                0x60256a3c                keyboard
 .text.check_key
                0x60256b28       0xdc lib/libql_app_mqtt.a(gpio_int_KEY.c.obj)
                0x60256b28                check_key
 .rodata.KeyDOWN.str1.1
                0x60256c04      0x110 lib/libql_app_mqtt.a(gpio_int_KEY.c.obj)
 .rodata.KeyENTER.str1.1
                0x60256d14       0x1b lib/libql_app_mqtt.a(gpio_int_KEY.c.obj)
                                 0x24 (size before relaxing)
 .rodata.KeyPROGONLY.str1.1
                0x60256d2f       0x26 lib/libql_app_mqtt.a(gpio_int_KEY.c.obj)
 .rodata.__FUNCTION__.8839
                0x60256d55       0x14 lib/libql_app_mqtt.a(gpio_int_KEY.c.obj)
 .rodata.__FUNCTION__.8844
                0x60256d69       0x14 lib/libql_app_mqtt.a(gpio_int_KEY.c.obj)
 .rodata.__FUNCTION__.8849
                0x60256d7d       0x14 lib/libql_app_mqtt.a(gpio_int_KEY.c.obj)
 .rodata.__FUNCTION__.8854
                0x60256d91       0x14 lib/libql_app_mqtt.a(gpio_int_KEY.c.obj)
 .rodata.__FUNCTION__.8861
                0x60256da5       0x17 lib/libql_app_mqtt.a(gpio_int_KEY.c.obj)
 .rodata.__FUNCTION__.8869
                0x60256dbc       0x18 lib/libql_app_mqtt.a(gpio_int_KEY.c.obj)
 .rodata.__FUNCTION__.8873
                0x60256dd4        0xa lib/libql_app_mqtt.a(gpio_int_KEY.c.obj)
 .rodata.__FUNCTION__.8877
                0x60256dde        0x9 lib/libql_app_mqtt.a(gpio_int_KEY.c.obj)
 .rodata.__FUNCTION__.8881
                0x60256de7        0xc lib/libql_app_mqtt.a(gpio_int_KEY.c.obj)
 .rodata.__FUNCTION__.8888
                0x60256df3        0x8 lib/libql_app_mqtt.a(gpio_int_KEY.c.obj)
 .rodata.__FUNCTION__.8892
                0x60256dfb        0x6 lib/libql_app_mqtt.a(gpio_int_KEY.c.obj)
 .rodata._gpioint_callback01.str1.1
                0x60256e01       0x29 lib/libql_app_mqtt.a(gpio_int_KEY.c.obj)
 .rodata._gpioint_callback02.str1.1
                0x60256e2a       0x26 lib/libql_app_mqtt.a(gpio_int_KEY.c.obj)
 .rodata._gpioint_callback03.str1.1
                0x60256e50       0x2b lib/libql_app_mqtt.a(gpio_int_KEY.c.obj)
 .rodata._gpioint_callback04.str1.1
                0x60256e7b       0x54 lib/libql_app_mqtt.a(gpio_int_KEY.c.obj)
 .rodata.check_key.str1.1
                0x60256ecf       0x8d lib/libql_app_mqtt.a(gpio_int_KEY.c.obj)
 .rodata.keyboard.str1.1
                0x60256f5c       0x98 lib/libql_app_mqtt.a(gpio_int_KEY.c.obj)
 .rodata.ql_gpioint_app_key_init.str1.1
                0x60256ff4       0x46 lib/libql_app_mqtt.a(gpio_int_KEY.c.obj)
 .rodata.ql_gpioint_demo_thread.str1.1
                0x6025703a       0x7b lib/libql_app_mqtt.a(gpio_int_KEY.c.obj)
 *fill*         0x602570b5        0x3 
 .text.lcd_write_command
                0x602570b8       0x58 lib/libql_app_mqtt.a(I2C_RTC_LCD.c.obj)
                0x602570b8                lcd_write_command
 .text.lcd_write_data
                0x60257110       0x4c lib/libql_app_mqtt.a(I2C_RTC_LCD.c.obj)
                0x60257110                lcd_write_data
 .text.lcd_clear
                0x6025715c       0x14 lib/libql_app_mqtt.a(I2C_RTC_LCD.c.obj)
                0x6025715c                lcd_clear
 .text.lcd_set_cursor
                0x60257170       0x10 lib/libql_app_mqtt.a(I2C_RTC_LCD.c.obj)
                0x60257170                lcd_set_cursor
 .text.lcd_display_string
                0x60257180       0x16 lib/libql_app_mqtt.a(I2C_RTC_LCD.c.obj)
                0x60257180                lcd_display_string
 *fill*         0x60257196        0x2 
 .text.lcd_initialize
                0x60257198       0x88 lib/libql_app_mqtt.a(I2C_RTC_LCD.c.obj)
                0x60257198                lcd_initialize
 .text.RTC_enable_real_time_clock_mode
                0x60257220       0x54 lib/libql_app_mqtt.a(I2C_RTC_LCD.c.obj)
                0x60257220                RTC_enable_real_time_clock_mode
 .text.ql_i2c_RTC_thread
                0x60257274      0x544 lib/libql_app_mqtt.a(I2C_RTC_LCD.c.obj)
                0x60257274                ql_i2c_RTC_thread
 .text.ql_i2c_RTC_LCD_init
                0x602577b8       0x84 lib/libql_app_mqtt.a(I2C_RTC_LCD.c.obj)
                0x602577b8                ql_i2c_RTC_LCD_init
 .text.DispAt   0x6025783c       0x38 lib/libql_app_mqtt.a(I2C_RTC_LCD.c.obj)
                0x6025783c                DispAt
 .text.Case1EnterCout
                0x60257874      0x3bc lib/libql_app_mqtt.a(I2C_RTC_LCD.c.obj)
                0x60257874                Case1EnterCout
 .text.Case1pro_page
                0x60257c30      0x49c lib/libql_app_mqtt.a(I2C_RTC_LCD.c.obj)
                0x60257c30                Case1pro_page
 .text.Case3schedule_page
                0x602580cc      0x1d8 lib/libql_app_mqtt.a(I2C_RTC_LCD.c.obj)
                0x602580cc                Case3schedule_page
 .text.Case2setpoint_page
                0x602582a4      0x31c lib/libql_app_mqtt.a(I2C_RTC_LCD.c.obj)
                0x602582a4                Case2setpoint_page
 .text.Case4alarm_page
                0x602585c0      0x520 lib/libql_app_mqtt.a(I2C_RTC_LCD.c.obj)
                0x602585c0                Case4alarm_page
 .text.Case5timer_page
                0x60258ae0       0x88 lib/libql_app_mqtt.a(I2C_RTC_LCD.c.obj)
                0x60258ae0                Case5timer_page
 .text.Case6Energy_page
                0x60258b68       0xc0 lib/libql_app_mqtt.a(I2C_RTC_LCD.c.obj)
                0x60258b68                Case6Energy_page
 .text.Case7version_page
                0x60258c28       0x88 lib/libql_app_mqtt.a(I2C_RTC_LCD.c.obj)
                0x60258c28                Case7version_page
 .text.Case8do_page
                0x60258cb0       0xd8 lib/libql_app_mqtt.a(I2C_RTC_LCD.c.obj)
                0x60258cb0                Case8do_page
 .text.Case9mode_page
                0x60258d88       0xb8 lib/libql_app_mqtt.a(I2C_RTC_LCD.c.obj)
                0x60258d88                Case9mode_page
 .text.Case10maxsms_page
                0x60258e40      0x180 lib/libql_app_mqtt.a(I2C_RTC_LCD.c.obj)
                0x60258e40                Case10maxsms_page
 .text.Case11gprs_page
                0x60258fc0      0x1a8 lib/libql_app_mqtt.a(I2C_RTC_LCD.c.obj)
                0x60258fc0                Case11gprs_page
 .text.Disp_prog_menu
                0x60259168       0xa0 lib/libql_app_mqtt.a(I2C_RTC_LCD.c.obj)
                0x60259168                Disp_prog_menu
 .text.DisplayRTU
                0x60259208      0x1bc lib/libql_app_mqtt.a(I2C_RTC_LCD.c.obj)
                0x60259208                DisplayRTU
 .text.Disp_main_menu
                0x602593c4      0x2a0 lib/libql_app_mqtt.a(I2C_RTC_LCD.c.obj)
                0x602593c4                Disp_main_menu
 .text.ql_i2c_LCD_thread
                0x60259664      0x2b4 lib/libql_app_mqtt.a(I2C_RTC_LCD.c.obj)
                0x60259664                ql_i2c_LCD_thread
 .rodata        0x60259918       0x12 lib/libql_app_mqtt.a(I2C_RTC_LCD.c.obj)
 .rodata.Case10maxsms_page.str1.1
                0x6025992a       0x70 lib/libql_app_mqtt.a(I2C_RTC_LCD.c.obj)
 .rodata.Case11gprs_page.str1.1
                0x6025999a       0xa6 lib/libql_app_mqtt.a(I2C_RTC_LCD.c.obj)
 .rodata.Case1EnterCout.str1.1
                0x60259a40      0x138 lib/libql_app_mqtt.a(I2C_RTC_LCD.c.obj)
                                0x13f (size before relaxing)
 .rodata.Case1pro_page.str1.1
                0x60259b78      0x24c lib/libql_app_mqtt.a(I2C_RTC_LCD.c.obj)
                                0x25d (size before relaxing)
 .rodata.Case2setpoint_page.str1.1
                0x60259dc4      0x13c lib/libql_app_mqtt.a(I2C_RTC_LCD.c.obj)
 .rodata.Case3schedule_page.str1.1
                0x60259f00       0xe5 lib/libql_app_mqtt.a(I2C_RTC_LCD.c.obj)
 .rodata.Case4alarm_page.str1.1
                0x60259fe5      0x163 lib/libql_app_mqtt.a(I2C_RTC_LCD.c.obj)
                                0x17e (size before relaxing)
 .rodata.Case5timer_page.str1.1
                0x6025a148       0x33 lib/libql_app_mqtt.a(I2C_RTC_LCD.c.obj)
 .rodata.Case6Energy_page.str1.1
                0x6025a17b       0x66 lib/libql_app_mqtt.a(I2C_RTC_LCD.c.obj)
 .rodata.Case7version_page.str1.1
                0x6025a1e1       0x48 lib/libql_app_mqtt.a(I2C_RTC_LCD.c.obj)
 .rodata.Case8do_page.str1.1
                0x6025a229       0x99 lib/libql_app_mqtt.a(I2C_RTC_LCD.c.obj)
 .rodata.Case9mode_page.str1.1
                0x6025a2c2       0x74 lib/libql_app_mqtt.a(I2C_RTC_LCD.c.obj)
                                 0x84 (size before relaxing)
 .rodata.Disp_main_menu.str1.1
                0x6025a336      0x13a lib/libql_app_mqtt.a(I2C_RTC_LCD.c.obj)
                                0x13d (size before relaxing)
 .rodata.DisplayRTU.str1.1
                0x6025a470      0x10a lib/libql_app_mqtt.a(I2C_RTC_LCD.c.obj)
                                0x10b (size before relaxing)
 .rodata.RTC_enable_real_time_clock_mode.str1.1
                0x6025a57a       0x3d lib/libql_app_mqtt.a(I2C_RTC_LCD.c.obj)
 .rodata.Stop_enable_RTC.str1.1
                0x6025a5b7       0x27 lib/libql_app_mqtt.a(I2C_RTC_LCD.c.obj)
 .rodata.__FUNCTION__.9311
                0x6025a5de       0x12 lib/libql_app_mqtt.a(I2C_RTC_LCD.c.obj)
 .rodata.__FUNCTION__.9318
                0x6025a5f0        0xf lib/libql_app_mqtt.a(I2C_RTC_LCD.c.obj)
 .rodata.__FUNCTION__.9353
                0x6025a5ff       0x12 lib/libql_app_mqtt.a(I2C_RTC_LCD.c.obj)
 .rodata.__FUNCTION__.9364
                0x6025a611       0x20 lib/libql_app_mqtt.a(I2C_RTC_LCD.c.obj)
 .rodata.__FUNCTION__.9373
                0x6025a631       0x12 lib/libql_app_mqtt.a(I2C_RTC_LCD.c.obj)
 .rodata.__FUNCTION__.9381
                0x6025a643       0x14 lib/libql_app_mqtt.a(I2C_RTC_LCD.c.obj)
 .rodata.__FUNCTION__.9432
                0x6025a657        0xf lib/libql_app_mqtt.a(I2C_RTC_LCD.c.obj)
 .rodata.__FUNCTION__.9472
                0x6025a666       0x13 lib/libql_app_mqtt.a(I2C_RTC_LCD.c.obj)
 .rodata.lcd_initialize.str1.1
                0x6025a679       0x21 lib/libql_app_mqtt.a(I2C_RTC_LCD.c.obj)
 .rodata.lcd_write_command.str1.1
                0x6025a69a       0x29 lib/libql_app_mqtt.a(I2C_RTC_LCD.c.obj)
 .rodata.ql_i2c_LCD_thread.str1.1
                0x6025a6c3      0x12f lib/libql_app_mqtt.a(I2C_RTC_LCD.c.obj)
 .rodata.ql_i2c_RTC_LCD_init.str1.1
                0x6025a7f2       0x72 lib/libql_app_mqtt.a(I2C_RTC_LCD.c.obj)
 .rodata.ql_i2c_RTC_thread.str1.1
                0x6025a864      0x15a lib/libql_app_mqtt.a(I2C_RTC_LCD.c.obj)
 *fill*         0x6025a9be        0x2 
 .text.ql_uart_notify_cb
                0x6025a9c0      0x124 lib/libql_app_mqtt.a(rs232_UART.c.obj)
                0x6025a9c0                ql_uart_notify_cb
 .text.ql_uart_rs232_init
                0x6025aae4       0x4c lib/libql_app_mqtt.a(rs232_UART.c.obj)
                0x6025aae4                ql_uart_rs232_init
 .text.parshingDataForProductionMode
                0x6025ab30      0x14c lib/libql_app_mqtt.a(rs232_UART.c.obj)
                0x6025ab30                parshingDataForProductionMode
 .text.CalculateBulbFailure
                0x6025ac7c      0x204 lib/libql_app_mqtt.a(rs232_UART.c.obj)
                0x6025ac7c                CalculateBulbFailure
 .text.ql_uart_rs232_thread
                0x6025ae80      0x14c lib/libql_app_mqtt.a(rs232_UART.c.obj)
 .rodata.CalculateBulbFailure.str1.1
                0x6025afcc       0x5e lib/libql_app_mqtt.a(rs232_UART.c.obj)
 .rodata.__FUNCTION__.9231
                0x6025b02a       0x12 lib/libql_app_mqtt.a(rs232_UART.c.obj)
 .rodata.__FUNCTION__.9249
                0x6025b03c       0x15 lib/libql_app_mqtt.a(rs232_UART.c.obj)
 .rodata.__FUNCTION__.9258
                0x6025b051       0x13 lib/libql_app_mqtt.a(rs232_UART.c.obj)
 .rodata.__FUNCTION__.9264
                0x6025b064       0x1e lib/libql_app_mqtt.a(rs232_UART.c.obj)
 .rodata.__FUNCTION__.9276
                0x6025b082       0x15 lib/libql_app_mqtt.a(rs232_UART.c.obj)
 .rodata.parshingDataForProductionMode.str1.1
                0x6025b097       0x86 lib/libql_app_mqtt.a(rs232_UART.c.obj)
 .rodata.ql_uart_notify_cb.str1.1
                0x6025b11d       0xa0 lib/libql_app_mqtt.a(rs232_UART.c.obj)
 .rodata.ql_uart_rs232_init.str1.1
                0x6025b1bd       0x39 lib/libql_app_mqtt.a(rs232_UART.c.obj)
 .rodata.ql_uart_rs232_thread.str1.1
                0x6025b1f6       0x46 lib/libql_app_mqtt.a(rs232_UART.c.obj)
 .text.ql_rs485_notify_cb
                0x6025b23c       0x80 lib/libql_app_mqtt.a(rs485_METER.c.obj)
                0x6025b23c                ql_rs485_notify_cb
 .text.ql_rs485_init
                0x6025b2bc       0x94 lib/libql_app_mqtt.a(rs485_METER.c.obj)
                0x6025b2bc                ql_rs485_init
 .text.ql_rs485_write
                0x6025b350       0x3e lib/libql_app_mqtt.a(rs485_METER.c.obj)
                0x6025b350                ql_rs485_write
 *fill*         0x6025b38e        0x2 
 .text.ql_rs485_meter_thread
                0x6025b390      0x370 lib/libql_app_mqtt.a(rs485_METER.c.obj)
 .text.ql_rs485_app_meter_init
                0x6025b700       0x50 lib/libql_app_mqtt.a(rs485_METER.c.obj)
                0x6025b700                ql_rs485_app_meter_init
 .rodata        0x6025b750      0x100 lib/libql_app_mqtt.a(rs485_METER.c.obj)
 .rodata.__FUNCTION__.9317
                0x6025b850       0x13 lib/libql_app_mqtt.a(rs485_METER.c.obj)
 .rodata.__FUNCTION__.9328
                0x6025b863        0xe lib/libql_app_mqtt.a(rs485_METER.c.obj)
 .rodata.__FUNCTION__.9360
                0x6025b871       0x16 lib/libql_app_mqtt.a(rs485_METER.c.obj)
 .rodata.__FUNCTION__.9366
                0x6025b887       0x18 lib/libql_app_mqtt.a(rs485_METER.c.obj)
 .rodata.ql_rs485_app_meter_init.str1.1
                0x6025b89f       0x3a lib/libql_app_mqtt.a(rs485_METER.c.obj)
 .rodata.ql_rs485_init.str1.1
                0x6025b8d9       0x80 lib/libql_app_mqtt.a(rs485_METER.c.obj)
 .rodata.ql_rs485_meter_thread.str1.1
                0x6025b959      0x295 lib/libql_app_mqtt.a(rs485_METER.c.obj)
                                0x2a1 (size before relaxing)
 .rodata.ql_rs485_notify_cb.str1.1
                0x6025bbee       0x68 lib/libql_app_mqtt.a(rs485_METER.c.obj)
 *fill*         0x6025bc56        0x2 
 .text.at25dfx_send_command
                0x6025bc58       0x7c lib/libql_app_mqtt.a(spi_flash_at25ff.c.obj)
 .text.at25dfx_enable_write
                0x6025bcd4       0x1a lib/libql_app_mqtt.a(spi_flash_at25ff.c.obj)
 *fill*         0x6025bcee        0x2 
 .text.ql_spi_flash_init
                0x6025bcf0       0x50 lib/libql_app_mqtt.a(spi_flash_at25ff.c.obj)
                0x6025bcf0                ql_spi_flash_init
 .text.at25dfx_mem_check
                0x6025bd40       0x68 lib/libql_app_mqtt.a(spi_flash_at25ff.c.obj)
                0x6025bd40                at25dfx_mem_check
 .text.at25dfx_read_status
                0x6025bda8       0x1c lib/libql_app_mqtt.a(spi_flash_at25ff.c.obj)
                0x6025bda8                at25dfx_read_status
 .text.at25dfx_wait_ready
                0x6025bdc4       0x1e lib/libql_app_mqtt.a(spi_flash_at25ff.c.obj)
 *fill*         0x6025bde2        0x2 
 .text.at25dfx_protect_chip
                0x6025bde4       0x2c lib/libql_app_mqtt.a(spi_flash_at25ff.c.obj)
                0x6025bde4                at25dfx_protect_chip
 .text.ql_spi_flash_task_pthread
                0x6025be10      0x21c lib/libql_app_mqtt.a(spi_flash_at25ff.c.obj)
 .text.at25dfx_erase_block_4K
                0x6025c02c       0xb4 lib/libql_app_mqtt.a(spi_flash_at25ff.c.obj)
                0x6025c02c                at25dfx_erase_block_4K
 .text.at25dfx_write
                0x6025c0e0       0xfc lib/libql_app_mqtt.a(spi_flash_at25ff.c.obj)
                0x6025c0e0                at25dfx_write
 .text.at25dfx_read
                0x6025c1dc       0x50 lib/libql_app_mqtt.a(spi_flash_at25ff.c.obj)
                0x6025c1dc                at25dfx_read
 .rodata.__FUNCTION__.8969
                0x6025c22c       0x1a lib/libql_app_mqtt.a(spi_flash_at25ff.c.obj)
 .rodata.__FUNCTION__.8977
                0x6025c246       0x12 lib/libql_app_mqtt.a(spi_flash_at25ff.c.obj)
 .rodata.__FUNCTION__.8983
                0x6025c258       0x15 lib/libql_app_mqtt.a(spi_flash_at25ff.c.obj)
 .rodata.__FUNCTION__.9007
                0x6025c26d       0x12 lib/libql_app_mqtt.a(spi_flash_at25ff.c.obj)
 .rodata.__FUNCTION__.9037
                0x6025c27f       0x15 lib/libql_app_mqtt.a(spi_flash_at25ff.c.obj)
 .rodata.__FUNCTION__.9064
                0x6025c294       0x17 lib/libql_app_mqtt.a(spi_flash_at25ff.c.obj)
 .rodata.__FUNCTION__.9076
                0x6025c2ab        0xe lib/libql_app_mqtt.a(spi_flash_at25ff.c.obj)
 .rodata.__FUNCTION__.9090
                0x6025c2b9        0xd lib/libql_app_mqtt.a(spi_flash_at25ff.c.obj)
 .rodata.at25dfx_erase_block_64K.str1.1
                0x6025c2c6       0x33 lib/libql_app_mqtt.a(spi_flash_at25ff.c.obj)
 .rodata.at25dfx_mem_check.str1.1
                0x6025c2f9       0x5c lib/libql_app_mqtt.a(spi_flash_at25ff.c.obj)
 .rodata.at25dfx_protect_chip.str1.1
                0x6025c355       0x34 lib/libql_app_mqtt.a(spi_flash_at25ff.c.obj)
 .rodata.at25dfx_read.str1.1
                0x6025c389       0x34 lib/libql_app_mqtt.a(spi_flash_at25ff.c.obj)
 .rodata.at25dfx_send_command.str1.1
                0x6025c3bd       0x35 lib/libql_app_mqtt.a(spi_flash_at25ff.c.obj)
 .rodata.at25dfx_write.str1.1
                0x6025c3f2       0x63 lib/libql_app_mqtt.a(spi_flash_at25ff.c.obj)
 .rodata.ql_spi_flash_init.str1.1
                0x6025c455       0x3a lib/libql_app_mqtt.a(spi_flash_at25ff.c.obj)
 .rodata.ql_spi_flash_task_pthread.str1.1
                0x6025c48f      0x160 lib/libql_app_mqtt.a(spi_flash_at25ff.c.obj)
 *fill*         0x6025c5ef        0x1 
 .text.parse_JSON_frame
                0x6025c5f0      0x988 lib/libql_app_mqtt.a(json_parser_sp.c.obj)
                0x6025c5f0                parse_JSON_frame
 .text.buildProIdFrameJson
                0x6025cf78       0xc8 lib/libql_app_mqtt.a(json_parser_sp.c.obj)
                0x6025cf78                buildProIdFrameJson
 .text.buildTestMethodAckJson
                0x6025d040       0xb8 lib/libql_app_mqtt.a(json_parser_sp.c.obj)
                0x6025d040                buildTestMethodAckJson
 .text.buildTestMethodResultJson
                0x6025d0f8      0x300 lib/libql_app_mqtt.a(json_parser_sp.c.obj)
                0x6025d0f8                buildTestMethodResultJson
 .text.buildLograteDataJson
                0x6025d3f8      0x1ac lib/libql_app_mqtt.a(json_parser_sp.c.obj)
                0x6025d3f8                buildLograteDataJson
 .text.buildGetScheduleJson
                0x6025d5a4      0x14c lib/libql_app_mqtt.a(json_parser_sp.c.obj)
                0x6025d5a4                buildGetScheduleJson
 .text.buildGetModeResponseJson
                0x6025d6f0       0x98 lib/libql_app_mqtt.a(json_parser_sp.c.obj)
                0x6025d6f0                buildGetModeResponseJson
 .text.buildGetLograteResponseJson
                0x6025d788       0x94 lib/libql_app_mqtt.a(json_parser_sp.c.obj)
                0x6025d788                buildGetLograteResponseJson
 .rodata.__FUNCTION__.15266
                0x6025d81c       0x11 lib/libql_app_mqtt.a(json_parser_sp.c.obj)
 .rodata.buildLograteDataJson.str1.1
                0x6025d82d       0x4d lib/libql_app_mqtt.a(json_parser_sp.c.obj)
                                 0x52 (size before relaxing)
 .rodata.buildProIdFrameJson.str1.1
                0x6025d87a       0x17 lib/libql_app_mqtt.a(json_parser_sp.c.obj)
                                 0x1d (size before relaxing)
 .rodata.buildTestMethodAckJson.str1.1
                0x6025d891       0x10 lib/libql_app_mqtt.a(json_parser_sp.c.obj)
 .rodata.buildTestMethodResultJson.str1.1
                0x6025d8a1       0xa7 lib/libql_app_mqtt.a(json_parser_sp.c.obj)
                                 0xae (size before relaxing)
 .rodata.parse_JSON_frame.str1.1
                0x6025d948      0x254 lib/libql_app_mqtt.a(json_parser_sp.c.obj)
                                0x26e (size before relaxing)
 .text.parse_hex4
                0x6025db9c       0x42 lib/libql_app_mqtt.a(cJSON.c.obj)
 *fill*         0x6025dbde        0x2 
 .text.parse_string
                0x6025dbe0      0x1c8 lib/libql_app_mqtt.a(cJSON.c.obj)
 .text.buffer_skip_whitespace
                0x6025dda8       0x30 lib/libql_app_mqtt.a(cJSON.c.obj)
 .text.get_array_item
                0x6025ddd8       0x10 lib/libql_app_mqtt.a(cJSON.c.obj)
 .text.update_offset
                0x6025dde8       0x18 lib/libql_app_mqtt.a(cJSON.c.obj)
 .text.ensure   0x6025de00       0x82 lib/libql_app_mqtt.a(cJSON.c.obj)
 *fill*         0x6025de82        0x2 
 .text.get_object_item
                0x6025de84       0x80 lib/libql_app_mqtt.a(cJSON.c.obj)
 .text.add_item_to_array
                0x6025df04       0x2a lib/libql_app_mqtt.a(cJSON.c.obj)
 *fill*         0x6025df2e        0x2 
 .text.print_string_ptr
                0x6025df30      0x124 lib/libql_app_mqtt.a(cJSON.c.obj)
 .text.cJSON_New_Item.isra.5
                0x6025e054       0x18 lib/libql_app_mqtt.a(cJSON.c.obj)
 .text.cJSON_strdup.isra.1.constprop.15
                0x6025e06c       0x2c lib/libql_app_mqtt.a(cJSON.c.obj)
 .text.add_item_to_object.constprop.11
                0x6025e098       0x54 lib/libql_app_mqtt.a(cJSON.c.obj)
 .text.cJSON_Delete
                0x6025e0ec       0x44 lib/libql_app_mqtt.a(cJSON.c.obj)
                0x6025e0ec                cJSON_Delete
 .text.parse_value
                0x6025e130      0x2e4 lib/libql_app_mqtt.a(cJSON.c.obj)
 .text.reverse  0x6025e414       0x20 lib/libql_app_mqtt.a(cJSON.c.obj)
                0x6025e414                reverse
 .text.intToStr
                0x6025e434       0x5e lib/libql_app_mqtt.a(cJSON.c.obj)
                0x6025e434                intToStr
 .text.Shift_array_byPosition
                0x6025e492       0x14 lib/libql_app_mqtt.a(cJSON.c.obj)
                0x6025e492                Shift_array_byPosition
 *fill*         0x6025e4a6        0x2 
 .text.print_value
                0x6025e4a8      0x3c8 lib/libql_app_mqtt.a(cJSON.c.obj)
 .text.cJSON_ParseWithLengthOpts
                0x6025e870       0xdc lib/libql_app_mqtt.a(cJSON.c.obj)
                0x6025e870                cJSON_ParseWithLengthOpts
 .text.cJSON_ParseWithOpts
                0x6025e94c       0x20 lib/libql_app_mqtt.a(cJSON.c.obj)
                0x6025e94c                cJSON_ParseWithOpts
 .text.cJSON_Parse
                0x6025e96c        0x8 lib/libql_app_mqtt.a(cJSON.c.obj)
                0x6025e96c                cJSON_Parse
 .text.cJSON_PrintPreallocated
                0x6025e974       0x4c lib/libql_app_mqtt.a(cJSON.c.obj)
                0x6025e974                cJSON_PrintPreallocated
 .text.cJSON_GetArraySize
                0x6025e9c0       0x10 lib/libql_app_mqtt.a(cJSON.c.obj)
                0x6025e9c0                cJSON_GetArraySize
 .text.cJSON_GetArrayItem
                0x6025e9d0        0xc lib/libql_app_mqtt.a(cJSON.c.obj)
                0x6025e9d0                cJSON_GetArrayItem
 .text.cJSON_GetObjectItem
                0x6025e9dc        0x6 lib/libql_app_mqtt.a(cJSON.c.obj)
                0x6025e9dc                cJSON_GetObjectItem
 .text.cJSON_GetObjectItemCaseSensitive
                0x6025e9e2        0x6 lib/libql_app_mqtt.a(cJSON.c.obj)
                0x6025e9e2                cJSON_GetObjectItemCaseSensitive
 .text.cJSON_HasObjectItem
                0x6025e9e8        0xe lib/libql_app_mqtt.a(cJSON.c.obj)
                0x6025e9e8                cJSON_HasObjectItem
 .text.cJSON_AddItemToArray
                0x6025e9f6        0x4 lib/libql_app_mqtt.a(cJSON.c.obj)
                0x6025e9f6                cJSON_AddItemToArray
 .text.cJSON_AddItemToObject
                0x6025e9fa        0x6 lib/libql_app_mqtt.a(cJSON.c.obj)
                0x6025e9fa                cJSON_AddItemToObject
 .text.cJSON_CreateNumber
                0x6025ea00       0x6c lib/libql_app_mqtt.a(cJSON.c.obj)
                0x6025ea00                cJSON_CreateNumber
 .text.cJSON_AddNumberToObject
                0x6025ea6c       0x28 lib/libql_app_mqtt.a(cJSON.c.obj)
                0x6025ea6c                cJSON_AddNumberToObject
 .text.cJSON_CreateString
                0x6025ea94       0x30 lib/libql_app_mqtt.a(cJSON.c.obj)
                0x6025ea94                cJSON_CreateString
 .text.cJSON_AddStringToObject
                0x6025eac4       0x2a lib/libql_app_mqtt.a(cJSON.c.obj)
                0x6025eac4                cJSON_AddStringToObject
 *fill*         0x6025eaee        0x2 
 .text.cJSON_CreateArray
                0x6025eaf0       0x18 lib/libql_app_mqtt.a(cJSON.c.obj)
                0x6025eaf0                cJSON_CreateArray
 .text.cJSON_CreateObject
                0x6025eb08       0x18 lib/libql_app_mqtt.a(cJSON.c.obj)
                0x6025eb08                cJSON_CreateObject
 .text.cJSON_IsString
                0x6025eb20        0xe lib/libql_app_mqtt.a(cJSON.c.obj)
                0x6025eb20                cJSON_IsString
 .text.cJSON_IsArray
                0x6025eb2e        0xe lib/libql_app_mqtt.a(cJSON.c.obj)
                0x6025eb2e                cJSON_IsArray
 .text.cJSON_IsObject
                0x6025eb3c        0xe lib/libql_app_mqtt.a(cJSON.c.obj)
                0x6025eb3c                cJSON_IsObject
 .rodata.cJSON_ParseWithLengthOpts.str1.1
                0x6025eb4a        0x4 lib/libql_app_mqtt.a(cJSON.c.obj)
 .rodata.parse_value.str1.1
                0x6025eb4e        0xb lib/libql_app_mqtt.a(cJSON.c.obj)
                                 0x10 (size before relaxing)
 .rodata.print_string_ptr.str1.1
                0x6025eb59        0x9 lib/libql_app_mqtt.a(cJSON.c.obj)
 .rodata.print_value.str1.1
                0x6025eb62        0x9 lib/libql_app_mqtt.a(cJSON.c.obj)
 *fill*         0x6025eb6b        0x1 
 .text.WriteLog.constprop.0
                0x6025eb6c       0x24 lib/libql_app_mqtt.a(configuration.c.obj)
 .text.calculateCheckSumOfStruct
                0x6025eb90       0x1c lib/libql_app_mqtt.a(configuration.c.obj)
                0x6025eb90                calculateCheckSumOfStruct
 .text.ExtFlash_update_EPROM_General
                0x6025ebac       0x38 lib/libql_app_mqtt.a(configuration.c.obj)
                0x6025ebac                ExtFlash_update_EPROM_General
 .text.ExtFlash_Read_EPROM_General
                0x6025ebe4      0x540 lib/libql_app_mqtt.a(configuration.c.obj)
                0x6025ebe4                ExtFlash_Read_EPROM_General
 .text.ExtFlash_update_EPROM_Schedule
                0x6025f124       0x28 lib/libql_app_mqtt.a(configuration.c.obj)
                0x6025f124                ExtFlash_update_EPROM_Schedule
 .text.ExtFlash_Read_EPROM_Schedule
                0x6025f14c      0x108 lib/libql_app_mqtt.a(configuration.c.obj)
                0x6025f14c                ExtFlash_Read_EPROM_Schedule
 .text.ExtFlash_update_EPROM_PermanentData
                0x6025f254       0x24 lib/libql_app_mqtt.a(configuration.c.obj)
                0x6025f254                ExtFlash_update_EPROM_PermanentData
 .text.ExtFlash_Read_EPROM_PermanentData
                0x6025f278       0xe0 lib/libql_app_mqtt.a(configuration.c.obj)
                0x6025f278                ExtFlash_Read_EPROM_PermanentData
 .text.lwgsmi_parse_number
                0x6025f358       0x76 lib/libql_app_mqtt.a(configuration.c.obj)
                0x6025f358                lwgsmi_parse_number
 .text.lwgsmi_parse_ip
                0x6025f3ce       0x72 lib/libql_app_mqtt.a(configuration.c.obj)
                0x6025f3ce                lwgsmi_parse_ip
 .text.syncExtFlashVariableWithPCBPLCVariable
                0x6025f440      0x23c lib/libql_app_mqtt.a(configuration.c.obj)
                0x6025f440                syncExtFlashVariableWithPCBPLCVariable
 .rodata.ExtFlash_Read_EPROM_General.str1.1
                0x6025f67c       0xfd lib/libql_app_mqtt.a(configuration.c.obj)
                                0x10b (size before relaxing)
 .rodata.ExtFlash_Read_EPROM_PermanentData.str1.1
                0x6025f779       0xd3 lib/libql_app_mqtt.a(configuration.c.obj)
 .rodata.ExtFlash_Read_EPROM_Schedule.str1.1
                0x6025f84c       0xc4 lib/libql_app_mqtt.a(configuration.c.obj)
 .rodata.WriteLog.constprop.0.str1.1
                0x6025f910       0x19 lib/libql_app_mqtt.a(configuration.c.obj)
 .rodata.__FUNCTION__.9080
                0x6025f929        0x9 lib/libql_app_mqtt.a(configuration.c.obj)
 *fill*         0x6025f932        0x2 
 .text.fillGprsBuffer
                0x6025f934       0x3c lib/libql_app_mqtt.a(dlms_meter.c.obj)
                0x6025f934                fillGprsBuffer
 .text.init_DLMS
                0x6025f970      0x158 lib/libql_app_mqtt.a(dlms_meter.c.obj)
                0x6025f970                init_DLMS
 .text.DLMS_Current_L1
                0x6025fac8       0xbc lib/libql_app_mqtt.a(dlms_meter.c.obj)
                0x6025fac8                DLMS_Current_L1
 .text.DLMS_Voltage_L1
                0x6025fb84       0xc4 lib/libql_app_mqtt.a(dlms_meter.c.obj)
                0x6025fb84                DLMS_Voltage_L1
 .text.DLMS_Current_L2
                0x6025fc48       0xbc lib/libql_app_mqtt.a(dlms_meter.c.obj)
                0x6025fc48                DLMS_Current_L2
 .text.DLMS_Voltage_L2
                0x6025fd04       0xc4 lib/libql_app_mqtt.a(dlms_meter.c.obj)
                0x6025fd04                DLMS_Voltage_L2
 .text.DLMS_Current_L3
                0x6025fdc8       0xbc lib/libql_app_mqtt.a(dlms_meter.c.obj)
                0x6025fdc8                DLMS_Current_L3
 .text.DLMS_Voltage_L3
                0x6025fe84       0xc4 lib/libql_app_mqtt.a(dlms_meter.c.obj)
                0x6025fe84                DLMS_Voltage_L3
 .text.DLMS_Power_Factor
                0x6025ff48       0xdc lib/libql_app_mqtt.a(dlms_meter.c.obj)
                0x6025ff48                DLMS_Power_Factor
 .text.DLMS_Active_Power
                0x60260024       0xc4 lib/libql_app_mqtt.a(dlms_meter.c.obj)
                0x60260024                DLMS_Active_Power
 .text.DLMS_Frequency
                0x602600e8       0xbc lib/libql_app_mqtt.a(dlms_meter.c.obj)
                0x602600e8                DLMS_Frequency
 .text.DLMS_Cum_Energy
                0x602601a4       0xc4 lib/libql_app_mqtt.a(dlms_meter.c.obj)
                0x602601a4                DLMS_Cum_Energy
 .text.DLMS_Current_1PHASE
                0x60260268       0xbc lib/libql_app_mqtt.a(dlms_meter.c.obj)
                0x60260268                DLMS_Current_1PHASE
 .text.DLMS_Voltage_1PHASE
                0x60260324       0xb8 lib/libql_app_mqtt.a(dlms_meter.c.obj)
                0x60260324                DLMS_Voltage_1PHASE
 .text.DLMS_Power_Factor_1PHASE
                0x602603dc       0xdc lib/libql_app_mqtt.a(dlms_meter.c.obj)
                0x602603dc                DLMS_Power_Factor_1PHASE
 .text.DLMS_Active_Power_1PHASE
                0x602604b8       0xc4 lib/libql_app_mqtt.a(dlms_meter.c.obj)
                0x602604b8                DLMS_Active_Power_1PHASE
 .text.DLMS_Frequency_1PHASE
                0x6026057c       0xb8 lib/libql_app_mqtt.a(dlms_meter.c.obj)
                0x6026057c                DLMS_Frequency_1PHASE
 .text.DLMS_Cum_Energy_1PHASE
                0x60260634       0xd4 lib/libql_app_mqtt.a(dlms_meter.c.obj)
                0x60260634                DLMS_Cum_Energy_1PHASE
 .text.DLMS_Current_1PHASE1
                0x60260708       0xbc lib/libql_app_mqtt.a(dlms_meter.c.obj)
                0x60260708                DLMS_Current_1PHASE1
 .text.DLMS_Voltage_1PHASE1
                0x602607c4       0xb8 lib/libql_app_mqtt.a(dlms_meter.c.obj)
                0x602607c4                DLMS_Voltage_1PHASE1
 .text.DLMS_Get_data
                0x6026087c      0x234 lib/libql_app_mqtt.a(dlms_meter.c.obj)
                0x6026087c                DLMS_Get_data
 .text.Check_AnaLog_parameter
                0x60260ab0      0x36c lib/libql_app_mqtt.a(dlms_meter.c.obj)
                0x60260ab0                Check_AnaLog_parameter
 .rodata.Check_AnaLog_parameter.str1.1
                0x60260e1c       0x5b lib/libql_app_mqtt.a(dlms_meter.c.obj)
 .rodata.DLMS_Active_Power.str1.1
                0x60260e77       0x67 lib/libql_app_mqtt.a(dlms_meter.c.obj)
 .rodata.DLMS_Active_Power_1PHASE.str1.1
                0x60260ede       0x37 lib/libql_app_mqtt.a(dlms_meter.c.obj)
 .rodata.DLMS_Cum_Energy.str1.1
                0x60260f15       0x65 lib/libql_app_mqtt.a(dlms_meter.c.obj)
 .rodata.DLMS_Cum_Energy_1PHASE.str1.1
                0x60260f7a       0x5f lib/libql_app_mqtt.a(dlms_meter.c.obj)
 .rodata.DLMS_Current_1PHASE.str1.1
                0x60260fd9       0x62 lib/libql_app_mqtt.a(dlms_meter.c.obj)
 .rodata.DLMS_Current_1PHASE1.str1.1
                0x6026103b       0x37 lib/libql_app_mqtt.a(dlms_meter.c.obj)
 .rodata.DLMS_Current_L1.str1.1
                0x60261072       0x65 lib/libql_app_mqtt.a(dlms_meter.c.obj)
 .rodata.DLMS_Current_L2.str1.1
                0x602610d7       0x65 lib/libql_app_mqtt.a(dlms_meter.c.obj)
 .rodata.DLMS_Current_L3.str1.1
                0x6026113c       0x65 lib/libql_app_mqtt.a(dlms_meter.c.obj)
 .rodata.DLMS_Frequency.str1.1
                0x602611a1       0x64 lib/libql_app_mqtt.a(dlms_meter.c.obj)
 .rodata.DLMS_Frequency_1PHASE.str1.1
                0x60261205       0x37 lib/libql_app_mqtt.a(dlms_meter.c.obj)
 .rodata.DLMS_Get_data.str1.1
                0x6026123c       0x55 lib/libql_app_mqtt.a(dlms_meter.c.obj)
 .rodata.DLMS_Power_Factor.str1.1
                0x60261291       0x67 lib/libql_app_mqtt.a(dlms_meter.c.obj)
 .rodata.DLMS_Power_Factor_1PHASE.str1.1
                0x602612f8       0x37 lib/libql_app_mqtt.a(dlms_meter.c.obj)
 .rodata.DLMS_Voltage_1PHASE.str1.1
                0x6026132f       0x62 lib/libql_app_mqtt.a(dlms_meter.c.obj)
 .rodata.DLMS_Voltage_1PHASE1.str1.1
                0x60261391       0x37 lib/libql_app_mqtt.a(dlms_meter.c.obj)
 .rodata.DLMS_Voltage_L1.str1.1
                0x602613c8       0x65 lib/libql_app_mqtt.a(dlms_meter.c.obj)
 .rodata.DLMS_Voltage_L2.str1.1
                0x6026142d       0x65 lib/libql_app_mqtt.a(dlms_meter.c.obj)
 .rodata.DLMS_Voltage_L3.str1.1
                0x60261492       0x65 lib/libql_app_mqtt.a(dlms_meter.c.obj)
 .rodata.__FUNCTION__.9286
                0x602614f7        0xa lib/libql_app_mqtt.a(dlms_meter.c.obj)
 .rodata.__FUNCTION__.9289
                0x60261501        0xe lib/libql_app_mqtt.a(dlms_meter.c.obj)
 .rodata.__FUNCTION__.9298
                0x6026150f       0x10 lib/libql_app_mqtt.a(dlms_meter.c.obj)
 .rodata.__FUNCTION__.9307
                0x6026151f       0x10 lib/libql_app_mqtt.a(dlms_meter.c.obj)
 .rodata.__FUNCTION__.9316
                0x6026152f       0x10 lib/libql_app_mqtt.a(dlms_meter.c.obj)
 .rodata.__FUNCTION__.9325
                0x6026153f       0x10 lib/libql_app_mqtt.a(dlms_meter.c.obj)
 .rodata.__FUNCTION__.9334
                0x6026154f       0x10 lib/libql_app_mqtt.a(dlms_meter.c.obj)
 .rodata.__FUNCTION__.9343
                0x6026155f       0x10 lib/libql_app_mqtt.a(dlms_meter.c.obj)
 .rodata.__FUNCTION__.9356
                0x6026156f       0x12 lib/libql_app_mqtt.a(dlms_meter.c.obj)
 .rodata.__FUNCTION__.9365
                0x60261581       0x12 lib/libql_app_mqtt.a(dlms_meter.c.obj)
 .rodata.__FUNCTION__.9374
                0x60261593        0xf lib/libql_app_mqtt.a(dlms_meter.c.obj)
 .rodata.__FUNCTION__.9383
                0x602615a2       0x10 lib/libql_app_mqtt.a(dlms_meter.c.obj)
 .rodata.__FUNCTION__.9403
                0x602615b2       0x14 lib/libql_app_mqtt.a(dlms_meter.c.obj)
 .rodata.__FUNCTION__.9412
                0x602615c6       0x14 lib/libql_app_mqtt.a(dlms_meter.c.obj)
 .rodata.__FUNCTION__.9425
                0x602615da       0x19 lib/libql_app_mqtt.a(dlms_meter.c.obj)
 .rodata.__FUNCTION__.9434
                0x602615f3       0x19 lib/libql_app_mqtt.a(dlms_meter.c.obj)
 .rodata.__FUNCTION__.9443
                0x6026160c       0x16 lib/libql_app_mqtt.a(dlms_meter.c.obj)
 .rodata.__FUNCTION__.9452
                0x60261622       0x17 lib/libql_app_mqtt.a(dlms_meter.c.obj)
 .rodata.__FUNCTION__.9461
                0x60261639       0x15 lib/libql_app_mqtt.a(dlms_meter.c.obj)
 .rodata.__FUNCTION__.9470
                0x6026164e       0x15 lib/libql_app_mqtt.a(dlms_meter.c.obj)
 .rodata.__FUNCTION__.9484
                0x60261663       0x17 lib/libql_app_mqtt.a(dlms_meter.c.obj)
 .rodata.fillGprsBuffer.str1.1
                0x6026167a        0x4 lib/libql_app_mqtt.a(dlms_meter.c.obj)
 .rodata.init_DLMS.str1.1
                0x6026167e      0x160 lib/libql_app_mqtt.a(dlms_meter.c.obj)
 *fill*         0x602617de        0x2 
 .text.fota_http_get_fileszie
                0x602617e0       0x48 lib/libql_app_mqtt.a(OTA.c.obj)
 .text.fota_http_info_cfg
                0x60261828       0xc8 lib/libql_app_mqtt.a(OTA.c.obj)
 .text.fota_http_close_fd.isra.0
                0x602618f0       0x16 lib/libql_app_mqtt.a(OTA.c.obj)
 *fill*         0x60261906        0x2 
 .text.fota_http_write_response_data
                0x60261908      0x2ac lib/libql_app_mqtt.a(OTA.c.obj)
 .text.fota_dload_file_clran
                0x60261bb4       0x9c lib/libql_app_mqtt.a(OTA.c.obj)
                0x60261bb4                fota_dload_file_clran
 .text.fota_http_event_cb
                0x60261c50      0x1b0 lib/libql_app_mqtt.a(OTA.c.obj)
 .text.fota_http_init