Archive member included to satisfy reference by file (symbol)

lib/libbootloader.a(boot_platform_8910.c.obj)
                              (--whole-archive)
lib/libbootloader.a(boot_secure.c.obj)
                              (--whole-archive)
lib/libbootloader.a(boot_entry_v7a.S.obj)
                              (--whole-archive)
lib/libbootloader.a(boot_sffs_port.c.obj)
                              (--whole-archive)
lib/libbootloader.a(boot_delay.c.obj)
                              (--whole-archive)
lib/libbootloader.a(boot_mem.c.obj)
                              (--whole-archive)
lib/libbootloader.a(boot_spi_flash.c.obj)
                              (--whole-archive)
lib/libbootloader.a(boot_debuguart.c.obj)
                              (--whole-archive)
lib/libbootloader.a(boot_trace.c.obj)
                              (--whole-archive)
lib/libbootloader.a(boot_fdl.c.obj)
                              (--whole-archive)
lib/libbootloader.a(boot_fdl_dnld.c.obj)
                              (--whole-archive)
lib/libbootloader.a(boot_aes.c.obj)
                              (--whole-archive)
lib/libbootloader.a(boot_vfs.c.obj)
                              (--whole-archive)
lib/libbootloader.a(boot_irq.c.obj)
                              (--whole-archive)
lib/libbootloader.a(boot_timer.c.obj)
                              (--whole-archive)
lib/libbootloader.a(boot_uart.c.obj)
                              (--whole-archive)
lib/libbootloader.a(boot_uart_cmn.c.obj)
                              (--whole-archive)
lib/libbootloader.a(boot_mmu.c.obj)
                              (--whole-archive)
lib/libbootloader.a(boot_uimage.c.obj)
                              (--whole-archive)
lib/libbootloader.a(boot_udc.c.obj)
                              (--whole-archive)
lib/libbootloader.a(boot_usb_fdl_channel.c.obj)
                              (--whole-archive)
lib/libbootloader.a(boot_pdl.c.obj)
                              (--whole-archive)
lib/libbootloader.a(boot_pdl_uimage.c.obj)
                              (--whole-archive)
lib/libbootloader.a(boot_lcd.c.obj)
                              (--whole-archive)
lib/libbootloader.a(boot_unity.c.obj)
                              (--whole-archive)
lib/libbootloader.a(boot_override.c.obj)
                              (--whole-archive)
lib/libbootloader.a(boot_adi_bus.c.obj)
                              (--whole-archive)
lib/libbootloader.a(boot_log.c.obj)
                              (--whole-archive)
lib/libhal.a(hal_clock_init.c.obj)
                              components/bootloader/CMakeFiles/boot2.dir/boot/boot2_start_8910.c.obj (halRamInit)
lib/libhal.a(hal_chip_8910.c.obj)
                              lib/libbootloader.a(boot_usb_fdl_channel.c.obj) (osiDCacheClean)
lib/libhal.a(hal_pmu_8910.c.obj)
                              lib/libbootloader.a(boot_unity.c.obj) (halPmuExtFlashPowerOn)
lib/libhal.a(hal_efuse_8910.c.obj)
                              lib/libbootloader.a(boot_secure.c.obj) (halEfuseOpen)
lib/libhal.a(hal_delay.c.obj)
                              components/bootloader/CMakeFiles/boot2.dir/boot/boot2_start_8910.c.obj (osiDelayUS)
lib/libhal.a(hal_reg_apply.c.obj)
                              lib/libhal.a(hal_clock_init.c.obj) (halApplyRegisters)
lib/libhal.a(hal_chip.c.obj)  lib/libbootloader.a(boot_uart.c.obj) (halCalcDivider20)
lib/libhal.a(hal_chip_armv7a.c.obj)
                              lib/libbootloader.a(boot_platform_8910.c.obj) (halSaveBlueScreenReg)
lib/libhal.a(hal_hwspinlock.c.obj)
                              lib/libhal.a(hal_efuse_8910.c.obj) (halHwspinlockAcquire)
lib/libhal.a(hal_spi_flash.c.obj)
                              lib/libbootloader.a(boot_spi_flash.c.obj) (halSpiFlashChipErase)
lib/libhal.a(hal_gpio.c.obj)  lib/libhal.a(hal_pmu_8910.c.obj) (halGpioSetOutput)
lib/libosi_lib.a(osi_fifo.c.obj)
                              lib/libbootloader.a(boot_usb_fdl_channel.c.obj) (osiFifoInit)
lib/libfupdate_core.a(fupdate_bootloader.c.obj)
                              components/bootloader/CMakeFiles/boot2.dir/boot/boot2_start_8910.c.obj (fupdateGetUpdatingType)
lib/libfupdate_core.a(fupdate_common.c.obj)
                              lib/libfupdate_core.a(fupdate_bootloader.c.obj) (fupdateBlockedFname)
lib/libfsmount.a(fs_mount.c.obj)
                              lib/libbootloader.a(boot_fdl_dnld.c.obj) (fsMountFsPath)
lib/libsffs_core.a(sffs.c.obj)
                              lib/libbootloader.a(boot_vfs.c.obj) (sffsMount)
lib/libsffs_core.a(lzmar.c.obj)
                              lib/libfupdate_core.a(fupdate_bootloader.c.obj) (lzmarCompress)
lib/libsffs_core.a(LzmaEnc.c.obj)
                              lib/libsffs_core.a(lzmar.c.obj) (LzmaEncode)
lib/libsffs_core.a(LzmaDec.c.obj)
                              lib/libsffs_core.a(lzmar.c.obj) (LzmaDecode2)
lib/libsffs_core.a(LzFind.c.obj)
                              lib/libsffs_core.a(LzmaEnc.c.obj) (MatchFinder_Construct)
[...]
Memory Configuration

Name             Origin             Length             Attributes
sram             0x00810040         0x0002ffc0         xrw
*default*        0x00000000         0xffffffff

Linker script and memory map

LOAD components/bootloader/CMakeFiles/boot2.dir/boot/boot2_start_8910.c.obj
LOAD lib/libbootloader.a
START GROUP
LOAD lib/libhal.a
LOAD lib/libosi_lib.a
LOAD lib/libfupdate_core.a
LOAD lib/libfupdate_security_boot.a
LOAD lib/libfsmount.a
LOAD lib/libsffs_core.a
LOAD lib/libbdev.a
LOAD lib/libbdev_core.a
LOAD lib/libboot_ex_ql.a
END GROUP
LOAD ../../components/newlib/armca5/libc.a
LOAD ../../prebuilts/win32/gcc-arm-none-eabi/bin/../lib/gcc/arm-none-eabi/7.2.1/thumb/v7-ar/fpv3/hard/libgcc.a
LOAD lib/libboot_calclib_crc.a
LOAD lib/libboot_ex_fat_rdonly.a
LOAD lib/libboot_ex_sdmmc.a
LOAD lib/libboot_ex_spi6nor.a
LOAD lib/libboot_ex_ql_pin.a
LOAD ../../components/libs/boot_encrypt/libboot_encrypt.a
LOAD lib/libcalclib.a
LOAD lib/libhal.a
LOAD lib/libdriver.a
LOAD lib/libhal_prop.a
LOAD lib/libdriver_lcd.a
LOAD lib/liboql_core_boot_virt_func.a
LOAD lib/libdriver_camera.a
LOAD lib/libhal.a
LOAD lib/libdriver.a
LOAD lib/libhal_prop.a
LOAD lib/libdriver_lcd.a
LOAD lib/liboql_core_boot_virt_func.a
LOAD lib/libdriver_camera.a
LOAD lib/libfs_partinfo.a

.text           0x00810040     0xdf40
                0x00810040                __text_start = .
 *(BOOT_ENTRY)
 BOOT_ENTRY     0x00810040      0x25c lib/libbootloader.a(boot_entry_v7a.S.obj)
                0x00810040                Vectors
                0x008101e4                bootEntry
                0x00810260                bootJumpImageEntry
 SORT_BY_NAME(*)(.sramboottext .sramboottext.*)
 .sramboottext  0x0081029c       0x6c lib/libhal.a(hal_delay.c.obj)
                0x0081029c                osiDelayLoops
                0x008102a8                osiDelayUS
                0x008102c8                osiDebugEvent
                0x008102fc                osiHWTick16K
 .sramboottext  0x00810308       0x56 lib/libhal.a(hal_reg_apply.c.obj)
                0x00810308                halApplyRegisters
                0x0081033a                halApplyRegisterList
 SORT_BY_NAME(*)(.sramtext .sramtext.*)
 .sramtext      0x0081035e       0x1e lib/libhal.a(hal_chip_8910.c.obj)
                0x0081035e                uxPortSetInterruptMaskFromISR
                0x0081035e                vPortDisableInterrupts
                0x0081035e                uxPortEnterCritical
                0x0081035e                osiEnterCritical
                0x0081035e                osiIrqSave
                0x0081036e                osiExitCritical
                0x0081036e                osiIrqRestore
                0x0081036e                vPortExitCritical
                0x0081036e                vPortClearInterruptMaskFromISR
 SORT_BY_NAME(*)(.ramtext .ramtext.*)
 .ramtext.osi_log.430
                0x0081037c       0x98 lib/libbootloader.a(boot_log.c.obj)
 .ramtext.osi_log.521
                0x00810414       0x24 lib/libbootloader.a(boot_log.c.obj)
                0x00810414                osiTraceBasic
                0x00810414                boot_osiTraceBasic
 .ramtext.osi_log.535
                0x00810438       0x24 lib/libbootloader.a(boot_log.c.obj)
                0x00810438                osiTraceIdBasic
                0x00810438                boot_osiTraceIdBasic
 .ramtext.flashhal.989
                0x0081045c       0xe4 lib/libhal.a(hal_spi_flash.c.obj)
                0x0081045c                halSpiFlashCmd
 .ramtext.flashhal.245
                0x00810540       0x20 lib/libhal.a(hal_spi_flash.c.obj)
 .ramtext.flashhal.313
                0x00810560       0x14 lib/libhal.a(hal_spi_flash.c.obj)
 .ramtext.flashhal.329
                0x00810574       0x24 lib/libhal.a(hal_spi_flash.c.obj)
 .ramtext.flashhal.239
                0x00810598       0x16 lib/libhal.a(hal_spi_flash.c.obj)
 .ramtext.flashhal.509
                0x008105ae        0xa lib/libhal.a(hal_spi_flash.c.obj)
 .ramtext.flashhal.498
                0x008105b8        0xa lib/libhal.a(hal_spi_flash.c.obj)
 .ramtext.flashhal.487
                0x008105c2        0xa lib/libhal.a(hal_spi_flash.c.obj)
 .ramtext.flashhal.907
                0x008105cc       0x1a lib/libhal.a(hal_spi_flash.c.obj)
                0x008105cc                halSpiFlashErase
 .ramtext.flashhal.227
                0x008105e6       0x12 lib/libhal.a(hal_spi_flash.c.obj)
 .ramtext.flashhal.346
                0x008105f8       0x18 lib/libhal.a(hal_spi_flash.c.obj)
 .ramtext.flashhal.397
                0x00810610       0x24 lib/libhal.a(hal_spi_flash.c.obj)
 .ramtext.flashhal.476
                0x00810634        0xc lib/libhal.a(hal_spi_flash.c.obj)
                0x00810634                halSpiFlashPageProgram
 .ramtext.flashhal.370
                0x00810640       0x64 lib/libhal.a(hal_spi_flash.c.obj)
 .ramtext.flashhal.1068
                0x008106a4        0xa lib/libhal.a(hal_spi_flash.c.obj)
                0x008106a4                halSpiFlashWriteEnable
 *fill*         0x008106ae        0x2 
 .ramtext.flashhal.414
                0x008106b0      0x184 lib/libhal.a(hal_spi_flash.c.obj)
                0x008106b0                halSpiFlashPrepareEraseProgram
 .ramtext.flashhal.450
                0x00810834       0x6c lib/libhal.a(hal_spi_flash.c.obj)
                0x00810834                halSpiFlashFinishEraseProgram
 .ramtext.flashhal.1076
                0x008108a0        0xa lib/libhal.a(hal_spi_flash.c.obj)
                0x008108a0                halSpiFlashWriteDisable
 .ramtext.flashhal.1084
                0x008108aa        0xa lib/libhal.a(hal_spi_flash.c.obj)
                0x008108aa                halSpiFlashResetEnable
 .ramtext.flashhal.1092
                0x008108b4        0xa lib/libhal.a(hal_spi_flash.c.obj)
                0x008108b4                halSpiFlashReset
 .ramtext.flashhal.1100
                0x008108be       0x1a lib/libhal.a(hal_spi_flash.c.obj)
                0x008108be                halSpiFlashReadSR
 .ramtext.flashhal.1136
                0x008108d8       0x26 lib/libhal.a(hal_spi_flash.c.obj)
                0x008108d8                halSpiFlashIsWipFinished
 .ramtext.flashhal.1149
                0x008108fe       0x10 lib/libhal.a(hal_spi_flash.c.obj)
                0x008108fe                halSpiFlashWaitWipFinish
 .ramtext.flashhal.1108
                0x0081090e       0x6c lib/libhal.a(hal_spi_flash.c.obj)
                0x0081090e                halSpiFlashWriteSR
 *fill*         0x0081097a        0x2 
 .ramtext.flashhal.1272
                0x0081097c      0x18c lib/libhal.a(hal_spi_flash.c.obj)
                0x0081097c                halSpiFlashStatusCheck
 .ramtext.flashhal.1385
                0x00810b08      0x10c lib/libhal.a(hal_spi_flash.c.obj)
                0x00810b08                halSpiFlashInit
 .ramtext.flashhal.103
                0x00810c14       0x44 lib/libhal.a(hal_spi_flash.c.obj)
 .ramtext.flashhal.126
                0x00810c58       0x44 lib/libhal.a(hal_spi_flash.c.obj)
 .ramtext.flashhal.149
                0x00810c9c       0x44 lib/libhal.a(hal_spi_flash.c.obj)
 .ramtext.flashhal.172
                0x00810ce0       0x3c lib/libhal.a(hal_spi_flash.c.obj)
 .ramtext.flashhal.63
                0x00810d1c       0x34 lib/libhal.a(hal_spi_flash.c.obj)
 .ramtext.flashhal.82
                0x00810d50       0x3c lib/libhal.a(hal_spi_flash.c.obj)
 SORT_BY_NAME(*)(.text .text.* .gnu.linkonce.t.* .rdata .rodata .rodata.* .rodata1 .gnu.linkonce.r.*)
 .text.__getreent
                0x00810d8c        0xc ../../components/newlib/armca5/libc.a(lib_a-getreent.o)
                0x00810d8c                __getreent
 .text.memcmp   0x00810d98       0x5c ../../components/newlib/armca5/libc.a(lib_a-memcmp.o)
                0x00810d98                memcmp
 .text.memcpy   0x00810df4       0xc8 ../../components/newlib/armca5/libc.a(lib_a-memcpy-stub.o)
                0x00810df4                memcpy
 .text.memmove  0x00810ebc       0xd4 ../../components/newlib/armca5/libc.a(lib_a-memmove.o)
                0x00810ebc                memmove
 .text.memset   0x00810f90       0xa8 ../../components/newlib/armca5/libc.a(lib_a-memset.o)
                0x00810f90                memset
 .text.strchr   0x00811038       0xd0 ../../components/newlib/armca5/libc.a(lib_a-strchr.o)
                0x00811038                strchr
 .text.strcpy   0x00811108       0xc4 ../../components/newlib/armca5/libc.a(lib_a-strcpy.o)
                0x00811108                strcpy
 .text.strdup   0x008111cc       0x14 ../../components/newlib/armca5/libc.a(lib_a-strdup.o)
                0x008111cc                strdup
 .text._strdup_r
                0x008111e0       0x24 ../../components/newlib/armca5/libc.a(lib_a-strdup_r.o)
                0x008111e0                _strdup_r
 *fill*         0x00811204       0x3c 
 .text          0x00811240       0xdc ../../components/newlib/armca5/libc.a(lib_a-strlen.o)
                0x00811240                strlen
 .text.strncmp  0x0081131c       0x84 ../../components/newlib/armca5/libc.a(lib_a-strncmp.o)
                0x0081131c                strncmp
 .text.strrchr  0x008113a0       0x24 ../../components/newlib/armca5/libc.a(lib_a-strrchr.o)
                0x008113a0                strrchr
 *fill*         0x008113c4        0x4 
 .text          0x008113c8      0x2b0 ../../prebuilts/win32/gcc-arm-none-eabi/bin/../lib/gcc/arm-none-eabi/7.2.1/thumb/v7-ar/fpv3/hard/libgcc.a(_divsi3.o)
                0x008113c8                __divsi3
                0x008113c8                __aeabi_idiv
                0x0081165c                __aeabi_idivmod
 .text          0x00811678        0x4 ../../prebuilts/win32/gcc-arm-none-eabi/bin/../lib/gcc/arm-none-eabi/7.2.1/thumb/v7-ar/fpv3/hard/libgcc.a(_dvmd_tls.o)
                0x00811678                __aeabi_idiv0
                0x00811678                __aeabi_ldiv0
 *fill*         0x0081167c        0x4 
 .text          0x00811680      0x278 ../../prebuilts/win32/gcc-arm-none-eabi/bin/../lib/gcc/arm-none-eabi/7.2.1/thumb/v7-ar/fpv3/hard/libgcc.a(_udivsi3.o)
                0x00811680                __aeabi_uidiv
                0x00811680                __udivsi3
                0x008118dc                __aeabi_uidivmod
 .text.prvFirmwareUpdateProgress
                0x008118f8       0x20 components/bootloader/CMakeFiles/boot2.dir/boot/boot2_start_8910.c.obj
 .text.prvFirmwareUpdatePreProgress
                0x00811918       0x4c components/bootloader/CMakeFiles/boot2.dir/boot/boot2_start_8910.c.obj
 .text.bootStart
                0x00811964      0x25c components/bootloader/CMakeFiles/boot2.dir/boot/boot2_start_8910.c.obj
                0x00811964                bootStart
 .rodata.bootStart.str1.1
                0x00811bc0        0xc components/bootloader/CMakeFiles/boot2.dir/boot/boot2_start_8910.c.obj
 .rodata.prvFirmwareUpdatePreProgress.str1.1
                0x00811bcc       0x5a components/bootloader/CMakeFiles/boot2.dir/boot/boot2_start_8910.c.obj
 .rodata.prvFirmwareUpdateProgress.str1.1
                0x00811c26       0x15 components/bootloader/CMakeFiles/boot2.dir/boot/boot2_start_8910.c.obj
 *fill*         0x00811c3b        0x1 
 .text.blockDeviceRead
                0x00811c3c        0xc lib/libbdev.a(block_device.c.obj)
                0x00811c3c                blockDeviceRead
 .text.blockDeviceWrite
                0x00811c48        0xc lib/libbdev.a(block_device.c.obj)
                0x00811c48                blockDeviceWrite
 .text.blockDeviceErase
                0x00811c54        0xc lib/libbdev.a(block_device.c.obj)
                0x00811c54                blockDeviceErase
 .text.blockDeviceDestroy
                0x00811c60        0x8 lib/libbdev.a(block_device.c.obj)
                0x00811c60                blockDeviceDestroy
 .text._destroy
                0x00811c68        0x4 lib/libbdev.a(partition_block_device.c.obj)
 .text._erase   0x00811c6c       0x14 lib/libbdev.a(partition_block_device.c.obj)
 .text._write   0x00811c80       0x14 lib/libbdev.a(partition_block_device.c.obj)
 .text._read    0x00811c94       0x14 lib/libbdev.a(partition_block_device.c.obj)
 .text.partBlockDeviceCreate
                0x00811ca8       0x78 lib/libbdev.a(partition_block_device.c.obj)
                0x00811ca8                partBlockDeviceCreate
 .text.prvDestroy
                0x00811d20       0x1c lib/libbdev_core.a(flash_block_device_v2.c.obj)
 .text.prvStat  0x00811d3c       0x64 lib/libbdev_core.a(flash_block_device_v2.c.obj)
 .text.prvPbGetStatus.isra.8
                0x00811da0       0x14 lib/libbdev_core.a(flash_block_device_v2.c.obj)
 .text.prvEbFindGcTo
                0x00811db4       0x56 lib/libbdev_core.a(flash_block_device_v2.c.obj)
 .text.prvPbSetStatus.isra.9
                0x00811e0a       0x2e lib/libbdev_core.a(flash_block_device_v2.c.obj)
 .text.prvFlashWrite
                0x00811e38       0x3c lib/libbdev_core.a(flash_block_device_v2.c.obj)
 .text.prvPbDelete
                0x00811e74       0x1e lib/libbdev_core.a(flash_block_device_v2.c.obj)
 .text.prvErase
                0x00811e92       0x72 lib/libbdev_core.a(flash_block_device_v2.c.obj)
 .text.prvFlashWriteCheck
                0x00811f04       0x28 lib/libbdev_core.a(flash_block_device_v2.c.obj)
 .text.prvFlashRead
                0x00811f2c       0x44 lib/libbdev_core.a(flash_block_device_v2.c.obj)
 .text.prvPbReadTail
                0x00811f70        0xe lib/libbdev_core.a(flash_block_device_v2.c.obj)
 .text.prvRead  0x00811f7e       0x7e lib/libbdev_core.a(flash_block_device_v2.c.obj)
 .text.prvPbMemCalcCrc.isra.13
                0x00811ffc       0x1c lib/libbdev_core.a(flash_block_device_v2.c.obj)
 .text.prvPbReadStatus
                0x00812018       0xa8 lib/libbdev_core.a(flash_block_device_v2.c.obj)
 .text.prvSetGeom
                0x008120c0       0xbe lib/libbdev_core.a(flash_block_device_v2.c.obj)
 *fill*         0x0081217e        0x2 
 .text.prvScan  0x00812180      0x230 lib/libbdev_core.a(flash_block_device_v2.c.obj)
 .text.prvWrite
                0x008123b0      0x34c lib/libbdev_core.a(flash_block_device_v2.c.obj)
 .text.flashBlockDeviceCreateV2
                0x008126fc       0xfc lib/libbdev_core.a(flash_block_device_v2.c.obj)
                0x008126fc                flashBlockDeviceCreateV2
 .text.flashBlockDeviceFormatV2
                0x008127f8       0x70 lib/libbdev_core.a(flash_block_device_v2.c.obj)
                0x008127f8                flashBlockDeviceFormatV2
 .rodata.gFbdev2Ops
                0x00812868       0x14 lib/libbdev_core.a(flash_block_device_v2.c.obj)
 .text.crc_table_init
                0x0081287c       0x68 lib/libboot_calclib_crc.a(crc32.c.obj)
                0x0081287c                crc_table_init
 .text.crc32Init
                0x008128e4       0x1c lib/libboot_calclib_crc.a(crc32.c.obj)
                0x008128e4                crc32Init
 .text.crc32Calc
                0x00812900       0x38 lib/libboot_calclib_crc.a(crc32.c.obj)
                0x00812900                crc32Calc
 .text.crc32VariantInit
                0x00812938       0x1c lib/libboot_calclib_crc.a(crc32.c.obj)
                0x00812938                crc32VariantInit
 .text.crc32VariantUpdate
                0x00812954       0x34 lib/libboot_calclib_crc.a(crc32.c.obj)
                0x00812954                crc32VariantUpdate
 .text.crc32VariantCalc
                0x00812988       0x34 lib/libboot_calclib_crc.a(crc32.c.obj)
                0x00812988                crc32VariantCalc
 .text.crc8RohcInit
                0x008129bc       0x1c lib/libboot_calclib_crc.a(crc32.c.obj)
                0x008129bc                crc8RohcInit
 .text.crc8RohcCalc
                0x008129d8       0x2c lib/libboot_calclib_crc.a(crc32.c.obj)
                0x008129d8                crc8RohcCalc
 .text.disk_readp
                0x00812a04        0x4 lib/libboot_ex_fat_rdonly.a(diskio.c.obj)
                0x00812a04                disk_readp
 .text.ff_convert
                0x00812a08       0x38 lib/libboot_ex_fat_rdonly.a(pff_basic.c.obj)
                0x00812a08                ff_convert
 .text.ld_word  0x00812a40        0x4 lib/libboot_ex_fat_rdonly.a(pff_basic.c.obj)
                0x00812a40                ld_word
 .text.ld_dword
                0x00812a44        0x4 lib/libboot_ex_fat_rdonly.a(pff_basic.c.obj)
                0x00812a44                ld_dword
 .text.mem_set  0x00812a48        0xe lib/libboot_ex_fat_rdonly.a(pff_basic.c.obj)
                0x00812a48                mem_set
 .text.mem_cmp  0x00812a56       0x1c lib/libboot_ex_fat_rdonly.a(pff_basic.c.obj)
                0x00812a56                mem_cmp
 .text.chk_chr  0x00812a72        0xe lib/libboot_ex_fat_rdonly.a(pff_basic.c.obj)
                0x00812a72                chk_chr
 .text.test_lfn
                0x00812a80       0x58 lib/libboot_ex_fat_rdonly.a(pff_basic.c.obj)
                0x00812a80                test_lfn
 .text.sum_sfn  0x00812ad8       0x1e lib/libboot_ex_fat_rdonly.a(pff_basic.c.obj)
                0x00812ad8                sum_sfn
 *fill*         0x00812af6        0x2 
 .text.clust2sect
                0x00812af8       0x20 lib/libboot_ex_fat_rdonly.a(pff_basic.c.obj)
                0x00812af8                clust2sect
 .text.get_clust
                0x00812b18        0xa lib/libboot_ex_fat_rdonly.a(pff_basic.c.obj)
                0x00812b18                get_clust
 *fill*         0x00812b22        0x2 
 .text.create_name
                0x00812b24      0x200 lib/libboot_ex_fat_rdonly.a(pff_basic.c.obj)
                0x00812b24                create_name
 .text.check_fs
                0x00812d24       0x5c lib/libboot_ex_fat_rdonly.a(pff_basic.c.obj)
                0x00812d24                check_fs
 .rodata.LfnOfs
                0x00812d80        0xd lib/libboot_ex_fat_rdonly.a(pff_basic.c.obj)
                0x00812d80                LfnOfs
 *fill*         0x00812d8d        0x1 
 .rodata.Tbl    0x00812d8e      0x100 lib/libboot_ex_fat_rdonly.a(pff_basic.c.obj)
 .rodata.create_name.str1.1
                0x00812e8e       0x10 lib/libboot_ex_fat_rdonly.a(pff_basic.c.obj)
 *fill*         0x00812e9e        0x2 
 .text.get_fat  0x00812ea0       0x7c lib/libboot_ex_fat_rdonly.a(pff_rdonly.c.obj)
 .text.dir_seek.constprop.2
                0x00812f1c       0x44 lib/libboot_ex_fat_rdonly.a(pff_rdonly.c.obj)
 .text.pf_mount
                0x00812f60      0x158 lib/libboot_ex_fat_rdonly.a(pff_rdonly.c.obj)
                0x00812f60                pf_mount
 .text.pf_open  0x008130b8      0x204 lib/libboot_ex_fat_rdonly.a(pff_rdonly.c.obj)
                0x008130b8                pf_open
 .text.pf_read  0x008132bc       0xd4 lib/libboot_ex_fat_rdonly.a(pff_rdonly.c.obj)
                0x008132bc                pf_read
 .text.quec_blockDeviceRead
                0x00813390       0x20 lib/libboot_ex_fat_rdonly.a(quec_boot_block_device.c.obj)
                0x00813390                quec_blockDeviceRead
 .text.ql_boot_fat_open
                0x008133b0       0x1a lib/libboot_ex_fat_rdonly.a(quec_boot_pff_rdonly.c.obj)
                0x008133b0                ql_boot_fat_open
 .text.ql_boot_fat_read
                0x008133ca       0x22 lib/libboot_ex_fat_rdonly.a(quec_boot_pff_rdonly.c.obj)
                0x008133ca                ql_boot_fat_read
 .text.quec_get_real_path
                0x008133ec       0x28 lib/libboot_ex_fat_rdonly.a(quec_boot_pff_rdonly.c.obj)
                0x008133ec                quec_get_real_path
 .text.quec_boot_open_file
                0x00813414       0x80 lib/libboot_ex_fat_rdonly.a(quec_boot_pff_rdonly.c.obj)
                0x00813414                quec_boot_open_file
 .text.quec_bootVfsOpen
                0x00813494       0x2a lib/libboot_ex_fat_rdonly.a(quec_boot_pff_rdonly.c.obj)
                0x00813494                quec_bootVfsOpen
 *fill*         0x008134be        0x2 
 .text.quec_bootVfsRead
                0x008134c0       0x30 lib/libboot_ex_fat_rdonly.a(quec_boot_pff_rdonly.c.obj)
                0x008134c0                quec_bootVfsRead
 .text.quec_bootVfsClose
                0x008134f0       0x28 lib/libboot_ex_fat_rdonly.a(quec_boot_pff_rdonly.c.obj)
                0x008134f0                quec_bootVfsClose
 .text.quec_bootVfsFileSize
                0x00813518       0x40 lib/libboot_ex_fat_rdonly.a(quec_boot_pff_rdonly.c.obj)
                0x00813518                quec_bootVfsFileSize
 .text.quec_bootVfsCheckPath
                0x00813558       0x12 lib/libboot_ex_fat_rdonly.a(quec_boot_pff_rdonly.c.obj)
                0x00813558                quec_bootVfsCheckPath
 .rodata.quec_boot_open_file.str1.1
                0x0081356a       0x21 lib/libboot_ex_fat_rdonly.a(quec_boot_pff_rdonly.c.obj)
 .rodata.quec_get_real_path.str1.1
                0x0081358b        0xe lib/libboot_ex_fat_rdonly.a(quec_boot_pff_rdonly.c.obj)
 *fill*         0x00813599        0x3 
 .text.ql_boot_fat_disk_read
                0x0081359c       0x28 lib/libboot_ex_fat_rdonly.a(quec_boot_vfs.c.obj)
                0x0081359c                ql_boot_fat_disk_read
 .text.quec_check_path_type
                0x008135c4       0x88 lib/libboot_ex_ql.a(quec_boot_fota.c.obj)
                0x008135c4                quec_check_path_type
 .text.prvQuec_Load_Fota_nv_Cfg
                0x0081364c       0x90 lib/libboot_ex_ql.a(quec_boot_fota.c.obj)
                0x0081364c                prvQuec_Load_Fota_nv_Cfg
 .text.quec_boot_fota_init
                0x008136dc       0xa4 lib/libboot_ex_ql.a(quec_boot_fota.c.obj)
                0x008136dc                quec_boot_fota_init
 .text.quec_boot_fota_pack_verify
                0x00813780       0xbc lib/libboot_ex_ql.a(quec_boot_fota.c.obj)
                0x00813780                quec_boot_fota_pack_verify
 .rodata.gFupdatePackFileNameInvalid
                0x0081383c        0x9 lib/libboot_ex_ql.a(quec_boot_fota.c.obj)
 .rodata.prvQuec_Load_Fota_nv_Cfg.str1.1
                0x00813845       0x5e lib/libboot_ex_ql.a(quec_boot_fota.c.obj)
 .rodata.quec_boot_fota_init.str1.1
                0x008138a3       0x37 lib/libboot_ex_ql.a(quec_boot_fota.c.obj)
 .rodata.quec_boot_fota_pack_verify.str1.1
                0x008138da       0x12 lib/libboot_ex_ql.a(quec_boot_fota.c.obj)
 .rodata.quec_check_path_type.str1.1
                0x008138ec       0x1d lib/libboot_ex_ql.a(quec_boot_fota.c.obj)
 .rodata.ql_boot_model_diff_ctx
                0x00813909        0x1 lib/libboot_ex_ql_pin.a(quec_boot_pin_map.c.obj)
                0x00813909                ql_boot_model_diff_ctx
 *fill*         0x0081390a        0x2 
 .text.bootdrvIfcChannelInit
                0x0081390c       0x1c lib/libboot_ex_sdmmc.a(quec_boot_ifc.c.obj)
                0x0081390c                bootdrvIfcChannelInit
 .text.bootdrvIfcRequestChannel
                0x00813928       0x44 lib/libboot_ex_sdmmc.a(quec_boot_ifc.c.obj)
                0x00813928                bootdrvIfcRequestChannel
 .text.bootdrvIfcFlush
                0x0081396c        0xa lib/libboot_ex_sdmmc.a(quec_boot_ifc.c.obj)
                0x0081396c                bootdrvIfcFlush
 .text.bootdrvIfcStart
                0x00813976       0x2e lib/libboot_ex_sdmmc.a(quec_boot_ifc.c.obj)
                0x00813976                bootdrvIfcStart
 .rodata.bootdrvIfcRequestChannel.str1.1
                0x008139a4       0x1f lib/libboot_ex_sdmmc.a(quec_boot_ifc.c.obj)
 *fill*         0x008139c3        0x1 
 .rodata.gIfcDescs
                0x008139c4       0x20 lib/libboot_ex_sdmmc.a(quec_boot_ifc.c.obj)
 .text.prvSdmmcSetClk
                0x008139e4       0x40 lib/libboot_ex_sdmmc.a(quec_boot_sd.c.obj)
 .text.prvSdmmcWaitCmdDone
                0x00813a24       0x2c lib/libboot_ex_sdmmc.a(quec_boot_sd.c.obj)
 .text.prvSdmmcWaitCmdResp
                0x00813a50       0x2e lib/libboot_ex_sdmmc.a(quec_boot_sd.c.obj)
 *fill*         0x00813a7e        0x2 
 .text.prvSdmmcCommand
                0x00813a80      0x234 lib/libboot_ex_sdmmc.a(quec_boot_sd.c.obj)
 .text.prvSdmmcWaitTransDone.constprop.11
                0x00813cb4       0x38 lib/libboot_ex_sdmmc.a(quec_boot_sd.c.obj)
 .text.quec_boot_sdmmc_read
                0x00813cec       0xd0 lib/libboot_ex_sdmmc.a(quec_boot_sd.c.obj)
                0x00813cec                quec_boot_sdmmc_read
 .text.quec_sdmmc_init_internal
                0x00813dbc      0x3b4 lib/libboot_ex_sdmmc.a(quec_boot_sd.c.obj)
 .text.quec_boot_sdmmc_init
                0x00814170       0x7c lib/libboot_ex_sdmmc.a(quec_boot_sd.c.obj)
                0x00814170                quec_boot_sdmmc_init
 .rodata.quec_boot_sdmmc_init.str1.1
                0x008141ec       0x25 lib/libboot_ex_sdmmc.a(quec_boot_sd.c.obj)
 .rodata.quec_sdmmc_init_internal.str1.1
                0x00814211       0x51 lib/libboot_ex_sdmmc.a(quec_boot_sd.c.obj)
 *fill*         0x00814262        0x2 
 .text.quec_boot_sdmmc_switch_power
                0x00814264       0x34 lib/libboot_ex_sdmmc.a(quec_boot_sdmmc.c.obj)
                0x00814264                quec_boot_sdmmc_switch_power
 .text.quec_boot_set_sdmmc_power_level
                0x00814298       0x44 lib/libboot_ex_sdmmc.a(quec_boot_sdmmc.c.obj)
                0x00814298                quec_boot_set_sdmmc_power_level
 .text.ql_boot_set_power_domain
                0x008142dc       0xf0 lib/libboot_ex_spi6nor.a(quec_boot_pin_power_domain.c.obj)
                0x008142dc                ql_boot_set_power_domain
 .rodata.ql_boot_set_power_domain.str1.1
                0x008143cc       0x1d lib/libboot_ex_spi6nor.a(quec_boot_pin_power_domain.c.obj)
 *fill*         0x008143e9        0x3 
 .text.ql_set_spi6_ext_nor_flash_status
                0x008143ec        0xc lib/libboot_ex_spi6nor.a(quec_spi6_ext_norflash_cfg.c.obj)
                0x008143ec                ql_set_spi6_ext_nor_flash_status
 .text.ql_get_spi6_ext_nor_status
                0x008143f8        0xc lib/libboot_ex_spi6nor.a(quec_spi6_ext_norflash_cfg.c.obj)
                0x008143f8                ql_get_spi6_ext_nor_status
 .text.quec_set_spi6_ext_nor_flash_capacity
                0x00814404       0x78 lib/libboot_ex_spi6nor.a(quec_spi6_ext_norflash_cfg.c.obj)
                0x00814404                quec_set_spi6_ext_nor_flash_capacity
 .text.quec_spi6_ext_nor_flash_mount
                0x0081447c       0x7c lib/libboot_ex_spi6nor.a(quec_spi6_ext_norflash_cfg.c.obj)
                0x0081447c                quec_spi6_ext_nor_flash_mount
 .text.quec_boot_spi6_pin_init
                0x008144f8       0xe8 lib/libboot_ex_spi6nor.a(quec_spi6_ext_norflash_cfg.c.obj)
                0x008144f8                quec_boot_spi6_pin_init
 .text.quec_boot_spi6_ext_norflash_gpio_init
                0x008145e0        0xc lib/libboot_ex_spi6nor.a(quec_spi6_ext_norflash_cfg.c.obj)
                0x008145e0                quec_boot_spi6_ext_norflash_gpio_init
 .text.quec_boot_spi6_ext_norflash_init
                0x008145ec       0x38 lib/libboot_ex_spi6nor.a(quec_spi6_ext_norflash_cfg.c.obj)
                0x008145ec                quec_boot_spi6_ext_norflash_init
 .text.quec_boot_get_spi6_ext_norflash_gpio_default_fuction
                0x00814624       0x5c lib/libboot_ex_spi6nor.a(quec_spi6_ext_norflash_cfg.c.obj)
                0x00814624                quec_boot_get_spi6_ext_norflash_gpio_default_fuction
 .rodata.__FUNCTION__.48814
                0x00814680       0x25 lib/libboot_ex_spi6nor.a(quec_spi6_ext_norflash_cfg.c.obj)
 .rodata.__FUNCTION__.48826
                0x008146a5       0x1e lib/libboot_ex_spi6nor.a(quec_spi6_ext_norflash_cfg.c.obj)
 .rodata.__FUNCTION__.48905
                0x008146c3       0x21 lib/libboot_ex_spi6nor.a(quec_spi6_ext_norflash_cfg.c.obj)
 .rodata.quec_boot_spi6_ext_norflash_init.str1.1
                0x008146e4       0x27 lib/libboot_ex_spi6nor.a(quec_spi6_ext_norflash_cfg.c.obj)
 .rodata.quec_set_spi6_ext_nor_flash_capacity.str1.1
                0x0081470b       0x5c lib/libboot_ex_spi6nor.a(quec_spi6_ext_norflash_cfg.c.obj)
 .rodata.quec_spi6_ext_nor_flash_mount.str1.1
                0x00814767       0x2f lib/libboot_ex_spi6nor.a(quec_spi6_ext_norflash_cfg.c.obj)
 *fill*         0x00814796        0x2 
 .text.bootAdiBusInit
                0x00814798       0x28 lib/libbootloader.a(boot_adi_bus.c.obj)
                0x00814798                bootAdiBusInit
                0x00814798                halAdiBusInit
 .text.bootAdiBusRead
                0x008147c0       0x2c lib/libbootloader.a(boot_adi_bus.c.obj)
                0x008147c0                halAdiBusRead
                0x008147c0                bootAdiBusRead
 .text.bootAdiBusWrite
                0x008147ec       0x1c lib/libbootloader.a(boot_adi_bus.c.obj)
                0x008147ec                halAdiBusWrite
                0x008147ec                bootAdiBusWrite
 .text.quec_bootAdiBusBatchChange
                0x00814808       0x50 lib/libbootloader.a(boot_adi_bus.c.obj)
                0x00814808                quec_bootAdiBusBatchChange
 .text.bootAdiBusChange
                0x00814858        0x4 lib/libbootloader.a(boot_adi_bus.c.obj)
                0x00814858                halAdiBusChange
                0x00814858                bootAdiBusChange
 .rodata        0x0081485c        0x4 lib/libbootloader.a(boot_adi_bus.c.obj)
 .text.bootDebuguartInit
                0x00814860       0x3c lib/libbootloader.a(boot_debuguart.c.obj)
                0x00814860                bootDebuguartInit
 .text.bootDebuguartWrite
                0x0081489c       0x34 lib/libbootloader.a(boot_debuguart.c.obj)
                0x0081489c                bootDebuguartWrite
 .text.bootDebuguartWriteAll
                0x008148d0       0x2e lib/libbootloader.a(boot_debuguart.c.obj)
                0x008148d0                bootDebuguartWriteAll
 .text.bootPanic
                0x008148fe        0x2 lib/libbootloader.a(boot_delay.c.obj)
                0x008148fe                osiPanic
                0x008148fe                bootPanic
 .text.bootElapsedTimerStart
                0x00814900       0x10 lib/libbootloader.a(boot_delay.c.obj)
                0x00814900                osiElapsedTimerStart
                0x00814900                bootElapsedTimerStart
 .text.bootElapsedTimeUS
                0x00814910       0x14 lib/libbootloader.a(boot_delay.c.obj)
                0x00814910                bootElapsedTimeUS
                0x00814910                osiElapsedTimeUS
 .text.bootIrqHandler
                0x00814924       0x1c lib/libbootloader.a(boot_irq.c.obj)
                0x00814924                bootIrqHandler
 .text.prvParamCount
                0x00814940       0x30 lib/libbootloader.a(boot_log.c.obj)
 .text.prvParamBuf
                0x00814970       0xc4 lib/libbootloader.a(boot_log.c.obj)
 .text.prvTraceIdBasic
                0x00814a34       0x74 lib/libbootloader.a(boot_log.c.obj)
                0x00814a34                prvTraceIdBasic
 .text.prvTraceIdEx
                0x00814aa8       0x9c lib/libbootloader.a(boot_log.c.obj)
                0x00814aa8                prvTraceIdEx
 .text.boot_osiTraceIdEx
                0x00814b44       0x24 lib/libbootloader.a(boot_log.c.obj)
                0x00814b44                osiTraceIdEx
                0x00814b44                boot_osiTraceIdEx
 .text.boot_osiTraceVprintf
                0x00814b68      0x2a0 lib/libbootloader.a(boot_log.c.obj)
                0x00814b68                boot_osiTraceVprintf
                0x00814b68                osiTraceVprintf
 .text.boot_osiTracePrintf
                0x00814e08       0x24 lib/libbootloader.a(boot_log.c.obj)
                0x00814e08                osiTracePrintf
                0x00814e08                boot_osiTracePrintf
 .rodata.parbufsize.45828
                0x00814e2c       0x18 lib/libbootloader.a(boot_log.c.obj)
 .rodata.parcount.45827
                0x00814e44       0x18 lib/libbootloader.a(boot_log.c.obj)
 .rodata.prvParamBuf.str1.1
                0x00814e5c        0x7 lib/libbootloader.a(boot_log.c.obj)
 *fill*         0x00814e63        0x1 
 .text._heap_malloc
                0x00814e64       0x38 lib/libbootloader.a(boot_mem.c.obj)
 .text._heap_calloc
                0x00814e9c       0x26 lib/libbootloader.a(boot_mem.c.obj)
 .text._heap_free
                0x00814ec2       0x76 lib/libbootloader.a(boot_mem.c.obj)
 .text.bootHeapInit
                0x00814f38       0x48 lib/libbootloader.a(boot_mem.c.obj)
                0x00814f38                bootHeapInit
 .text.bootFree
                0x00814f80       0x38 lib/libbootloader.a(boot_mem.c.obj)
                0x00814f80                bootFree
 .text.bootHeapDefaultExtRam
                0x00814fb8       0x10 lib/libbootloader.a(boot_mem.c.obj)
                0x00814fb8                bootHeapDefaultExtRam
 .text.bootExtRamMalloc
                0x00814fc8        0xc lib/libbootloader.a(boot_mem.c.obj)
                0x00814fc8                bootExtRamMalloc
 .text.bootExtRamCalloc
                0x00814fd4       0x10 lib/libbootloader.a(boot_mem.c.obj)
                0x00814fd4                bootExtRamCalloc
 .text.malloc   0x00814fe4       0x10 lib/libbootloader.a(boot_mem.c.obj)
                0x00814fe4                malloc
 .text.calloc   0x00814ff4       0x10 lib/libbootloader.a(boot_mem.c.obj)
                0x00814ff4                calloc
 .text.free     0x00815004        0x4 lib/libbootloader.a(boot_mem.c.obj)
                0x00815004                free
 .text.bootMmuEnable
                0x00815008      0x214 lib/libbootloader.a(boot_mmu.c.obj)
                0x00815008                bootMmuEnable
 .text.osiMutexCreate
                0x0081521c        0x4 lib/libbootloader.a(boot_override.c.obj)
                0x0081521c                osiMutexCreate
 .text.osiMutexDelete
                0x00815220        0x2 lib/libbootloader.a(boot_override.c.obj)
                0x00815220                osiMutexDelete
 .text.osiMutexLock
                0x00815222        0x2 lib/libbootloader.a(boot_override.c.obj)
                0x00815222                osiMutexLock
 .text.osiMutexUnlock
                0x00815224        0x2 lib/libbootloader.a(boot_override.c.obj)
                0x00815224                osiMutexUnlock
 *fill*         0x00815226        0x2 
 .text.bootReset
                0x00815228       0x48 lib/libbootloader.a(boot_platform_8910.c.obj)
                0x00815228                bootReset
 .text._psmPrepare
                0x00815270      0x144 lib/libbootloader.a(boot_platform_8910.c.obj)
                0x00815270                _psmPrepare
 .text.bootPowerOff
                0x008153b4       0x34 lib/libbootloader.a(boot_platform_8910.c.obj)
                0x008153b4                bootPowerOff
 .text.bootIsFromPsmSleep
                0x008153e8       0x3c lib/libbootloader.a(boot_platform_8910.c.obj)
                0x008153e8                bootIsFromPsmSleep
 .text.bootPowerOnCause
                0x00815424       0x44 lib/libbootloader.a(boot_platform_8910.c.obj)
                0x00815424                bootPowerOnCause
 .text.bootResetPinEnable
                0x00815468       0x44 lib/libbootloader.a(boot_platform_8910.c.obj)
                0x00815468                bootResetPinEnable
 .text.bootBlueScreen
                0x008154ac        0xc lib/libbootloader.a(boot_platform_8910.c.obj)
                0x008154ac                bootBlueScreen
 .text.prvRomHashInit
                0x008154b8       0x10 lib/libbootloader.a(boot_secure.c.obj)
 .text.prvRomHashUpdate
                0x008154c8        0xc lib/libbootloader.a(boot_secure.c.obj)
 .text.prvSecureInit
                0x008154d4       0x8c lib/libbootloader.a(boot_secure.c.obj)
 .text.prvEmbeddedSigCheck
                0x00815560      0x100 lib/libbootloader.a(boot_secure.c.obj)
 .text.bootSecureBootEnable
                0x00815660       0x28 lib/libbootloader.a(boot_secure.c.obj)
                0x00815660                bootSecureBootEnable
 .text.bootSecureUimageSigCheck
                0x00815688       0x22 lib/libbootloader.a(boot_secure.c.obj)
                0x00815688                bootSecureUimageSigCheck
 .rodata.prvEmbeddedSigCheck.str1.1
                0x008156aa       0x10 lib/libbootloader.a(boot_secure.c.obj)
 .text.drvSpiFlashOpen
                0x008156ba        0x4 lib/libbootloader.a(boot_sffs_port.c.obj)
                0x008156ba                drvSpiFlashOpen
 .text.drvSpiFlashMapAddress
                0x008156be        0x4 lib/libbootloader.a(boot_sffs_port.c.obj)
                0x008156be                drvSpiFlashMapAddress
 .text.drvSpiFlashWrite
                0x008156c2        0x4 lib/libbootloader.a(boot_sffs_port.c.obj)
                0x008156c2                drvSpiFlashWrite
 .text.drvSpiFlashErase
                0x008156c6        0x4 lib/libbootloader.a(boot_sffs_port.c.obj)
                0x008156c6                drvSpiFlashErase
 .text.prvErase
                0x008156ca       0x1e lib/libbootloader.a(boot_spi_flash.c.obj)
 .text.bootSpiFlashOpen
                0x008156e8       0x64 lib/libbootloader.a(boot_spi_flash.c.obj)
                0x008156e8                bootSpiFlashOpen
 .text.bootSpiFlashSetRangeWriteProhibit
                0x0081574c       0x38 lib/libbootloader.a(boot_spi_flash.c.obj)
                0x0081574c                bootSpiFlashSetRangeWriteProhibit
 .text.bootSpiFlashMapAddress
                0x00815784        0x6 lib/libbootloader.a(boot_spi_flash.c.obj)
                0x00815784                bootSpiFlashMapAddress
 .text.bootSpiFlashWriteNoWait
                0x0081578a       0x72 lib/libbootloader.a(boot_spi_flash.c.obj)
                0x0081578a                bootSpiFlashWriteNoWait
 .text.bootSpiFlashEraseNoWait
                0x008157fc       0xd6 lib/libbootloader.a(boot_spi_flash.c.obj)
                0x008157fc                bootSpiFlashEraseNoWait
 .text.bootSpiFlashErase
                0x008158d2       0x3c lib/libbootloader.a(boot_spi_flash.c.obj)
                0x008158d2                bootSpiFlashErase
 .text.bootSpiFlashWrite
                0x0081590e       0x46 lib/libbootloader.a(boot_spi_flash.c.obj)
                0x0081590e                bootSpiFlashWrite
 .rodata.bootSpiFlashOpen.str1.1
                0x00815954       0x20 lib/libbootloader.a(boot_spi_flash.c.obj)
 .text.bootTimerISR
                0x00815974       0x1c lib/libbootloader.a(boot_timer.c.obj)
                0x00815974                bootTimerISR
 .text.bootTraceInit
                0x00815990       0x18 lib/libbootloader.a(boot_trace.c.obj)
                0x00815990                bootTraceInit
 .text.bootTraceBufPut
                0x008159a8        0xa lib/libbootloader.a(boot_trace.c.obj)
                0x008159a8                bootTraceBufPut
                0x008159a8                osiTraceBufPut
 .text.bootTraceBufPutMulti
                0x008159b2       0x22 lib/libbootloader.a(boot_trace.c.obj)
                0x008159b2                bootTraceBufPutMulti
                0x008159b2                osiTraceBufPutMulti
 .text._getFileByFd
                0x008159d4       0x34 lib/libbootloader.a(boot_vfs.c.obj)
 .text._getFileByPath
                0x00815a08       0x70 lib/libbootloader.a(boot_vfs.c.obj)
 .text.quec_boot_jump_kernel
                0x00815a78       0x38 lib/libbootloader.a(boot_vfs.c.obj)
                0x00815a78                quec_boot_jump_kernel
 .text.bootVfsMount
                0x00815ab0       0x6c lib/libbootloader.a(boot_vfs.c.obj)
                0x00815ab0                bootVfsMount
 .text.bootVfsMountHandle
                0x00815b1c       0x34 lib/libbootloader.a(boot_vfs.c.obj)
                0x00815b1c                vfs_mount_handle
                0x00815b1c                bootVfsMountHandle
 .text.bootVfsOpen
                0x00815b50       0x64 lib/libbootloader.a(boot_vfs.c.obj)
                0x00815b50                vfs_open
                0x00815b50                bootVfsOpen
 .text.bootVfsRead
                0x00815bb4       0x36 lib/libbootloader.a(boot_vfs.c.obj)
                0x00815bb4                vfs_read
                0x00815bb4                bootVfsRead
 .text.bootVfsLseek
                0x00815bea       0x2e lib/libbootloader.a(boot_vfs.c.obj)
                0x00815bea                vfs_lseek
                0x00815bea                bootVfsLseek
 .text.bootVfsClose
                0x00815c18       0x30 lib/libbootloader.a(boot_vfs.c.obj)
                0x00815c18                vfs_close
                0x00815c18                bootVfsClose
 .text.bootVfsUnlink
                0x00815c48       0x32 lib/libbootloader.a(boot_vfs.c.obj)
                0x00815c48                bootVfsUnlink
                0x00815c48                vfs_unlink
 .text.bootVfsFileRead
                0x00815c7a       0x2a lib/libbootloader.a(boot_vfs.c.obj)
                0x00815c7a                vfs_sfile_read
                0x00815c7a                vfs_file_read
                0x00815c7a                bootVfsFileRead
 .text.bootVfsSfileWrite
                0x00815ca4       0x38 lib/libbootloader.a(boot_vfs.c.obj)
                0x00815ca4                vfs_sfile_write
                0x00815ca4                bootVfsSfileWrite
 .text.quec_boot_fota_force_finish
                0x00815cdc       0x50 lib/libbootloader.a(boot_vfs.c.obj)
                0x00815cdc                quec_boot_fota_force_finish
 .text.bootVfsFstat
                0x00815d2c       0x36 lib/libbootloader.a(boot_vfs.c.obj)
                0x00815d2c                vfs_fstat
                0x00815d2c                bootVfsFstat
 .text.bootVfsFileSize
                0x00815d62       0x42 lib/libbootloader.a(boot_vfs.c.obj)
                0x00815d62                vfs_file_size
                0x00815d62                bootVfsFileSize
                0x00815d62                vfs_sfile_size
 .text.bootVfsSfileInit
                0x00815da4        0xa lib/libbootloader.a(boot_vfs.c.obj)
                0x00815da4                bootVfsSfileInit
                0x00815da4                vfs_sfile_init
 .text.bootVfsMkFilePath
                0x00815dae       0x70 lib/libbootloader.a(boot_vfs.c.obj)
                0x00815dae                vfs_mkfilepath
                0x00815dae                bootVfsMkFilePath
 .text.bootSffsMount
                0x00815e1e       0x3e lib/libbootloader.a(boot_vfs.c.obj)
                0x00815e1e                bootSffsMount
                0x00815e1e                sffsVfsMount
 .text.bootSffsMkfs
                0x00815e5c        0xa lib/libbootloader.a(boot_vfs.c.obj)
                0x00815e5c                sffsVfsMkfs
                0x00815e5c                bootSffsMkfs
 .rodata.__FUNCTION__.8913
                0x00815e66       0x1c lib/libbootloader.a(boot_vfs.c.obj)
 .rodata.__FUNCTION__.8965
                0x00815e82        0xc lib/libbootloader.a(boot_vfs.c.obj)
 .rodata.bootVfsOpen.str1.1
                0x00815e8e       0x10 lib/libbootloader.a(boot_vfs.c.obj)
 .rodata.quec_boot_fota_force_finish.str1.1
                0x00815e9e       0x1d lib/libbootloader.a(boot_vfs.c.obj)
 *fill*         0x00815ebb        0x1 
 .text.read_int
                0x00815ebc       0x22 lib/libcalclib.a(decompress_unlzma.c.obj)
 .text.noerror  0x00815ede        0x2 lib/libcalclib.a(decompress_unlzma.c.obj)
 .text.nofill   0x00815ee0        0x6 lib/libcalclib.a(decompress_unlzma.c.obj)
 *fill*         0x00815ee6        0x2 
 .text.rc_read  0x00815ee8       0x2c lib/libcalclib.a(decompress_unlzma.c.obj)
 .text.rc_do_normalize
                0x00815f14       0x28 lib/libcalclib.a(decompress_unlzma.c.obj)
 .text.rc_update_bit_0
                0x00815f3c       0x12 lib/libcalclib.a(decompress_unlzma.c.obj)
 .text.rc_update_bit_1
                0x00815f4e       0x1a lib/libcalclib.a(decompress_unlzma.c.obj)
 .text.write_byte
                0x00815f68       0x8c lib/libcalclib.a(decompress_unlzma.c.obj)
 .text.peek_old_byte
                0x00815ff4       0x38 lib/libcalclib.a(decompress_unlzma.c.obj)
 .text.rc_is_bit_0
                0x0081602c       0x28 lib/libcalclib.a(decompress_unlzma.c.obj)
 .text.rc_get_bit
                0x00816054       0x32 lib/libcalclib.a(decompress_unlzma.c.obj)
 *fill*         0x00816086        0x2 
 .text.lzmaDecompress
                0x00816088      0x660 lib/libcalclib.a(decompress_unlzma.c.obj)
                0x00816088                lzmaDecompress
 .text.lzmaDecompressProbe
                0x008166e8       0x88 lib/libcalclib.a(decompress_unlzma.c.obj)
                0x008166e8                lzmaDecompressProbe
 .text.lzmaDecompressMem
                0x00816770       0x1e lib/libcalclib.a(decompress_unlzma.c.obj)
                0x00816770                lzmaDecompressMem
 .rodata.lzmaDecompress.str1.1
                0x0081678e       0x40 lib/libcalclib.a(decompress_unlzma.c.obj)
 .rodata.rc_read.str1.1
                0x008167ce        0xf lib/libcalclib.a(decompress_unlzma.c.obj)
 *fill*         0x008167dd        0x3 
 .text          0x008167e0      0x160 lib/libfs_partinfo.a(partinfo.bin.S.obj)
                0x008167e0                gPartInfo
 .text.quec_fs_part_info_init
                0x00816940       0x10 lib/libfs_partinfo.a(ql_fs_part_info.c.obj)
                0x00816940                quec_fs_part_info_init
 .text.prvFlagIgnored
                0x00816950       0x20 lib/libfsmount.a(fs_mount.c.obj)
 .text.prvRegisterBlockDevice
                0x00816970       0x44 lib/libfsmount.a(fs_mount.c.obj)
 .text.fsFindBlockDeviceByName
                0x008169b4       0x18 lib/libfsmount.a(fs_mount.c.obj)
                0x008169b4                fsFindBlockDeviceByName
 .text.prvCreateSubpart
                0x008169cc       0x64 lib/libfsmount.a(fs_mount.c.obj)
 .text.prvMountSffs
                0x00816a30       0xb4 lib/libfsmount.a(fs_mount.c.obj)
                0x00816a30                prvMountSffs
 .text.prvCreateFbdev2
                0x00816ae4       0xc0 lib/libfsmount.a(fs_mount.c.obj)
                0x00816ae4                prvCreateFbdev2
 .text.fsMountSetScenario
                0x00816ba4       0x14 lib/libfsmount.a(fs_mount.c.obj)
                0x00816ba4                fsMountSetScenario
 .text.fsMountAll
                0x00816bb8      0x148 lib/libfsmount.a(fs_mount.c.obj)
                0x00816bb8                fsMountAll
 .rodata.prvCreateFbdev2.str1.1
                0x00816d00       0x1d lib/libfsmount.a(fs_mount.c.obj)
 *fill*         0x00816d1d        0x1 
 .text.prvProgressNone
                0x00816d1e        0x2 lib/libfupdate_core.a(fupdate_bootloader.c.obj)
 .text._bulkBlockedFileAllocMem
                0x00816d20       0x50 lib/libfupdate_core.a(fupdate_bootloader.c.obj)
 .text._decompressBundle
                0x00816d70       0x94 lib/libfupdate_core.a(fupdate_bootloader.c.obj)
 .text._decompBlockedFile
                0x00816e04       0x54 lib/libfupdate_core.a(fupdate_bootloader.c.obj)
 .text._fileWriteAndCheck
                0x00816e58       0x34 lib/libfupdate_core.a(fupdate_bootloader.c.obj)
 .text.fupdateGetUpdatingType
                0x00816e8c       0x18 lib/libfupdate_core.a(fupdate_bootloader.c.obj)
                0x00816e8c                fupdateGetUpdatingType
 .text.fupdateGetFlashUpdatingContent
                0x00816ea4       0x28 lib/libfupdate_core.a(fupdate_bootloader.c.obj)
                0x00816ea4                fupdateGetFlashUpdatingContent
 .text.fupdateRunV2
                0x00816ecc      0xd54 lib/libfupdate_core.a(fupdate_bootloader.c.obj)
                0x00816ecc                fupdateRunV2
 .rodata.fupdateRunV2.str1.1
                0x00817c20        0x9 lib/libfupdate_core.a(fupdate_bootloader.c.obj)
 *fill*         0x00817c29        0x1 
 .text._updateFileCrc
                0x00817c2a       0x3c lib/libfupdate_core.a(fupdate_common.c.obj)
 *fill*         0x00817c66        0x2 
 .text.fupdateBlockedFname
                0x00817c68       0x60 lib/libfupdate_core.a(fupdate_common.c.obj)
                0x00817c68                fupdateBlockedFname
 .text.fupdateCheckFileSizeCrc
                0x00817cc8       0x6c lib/libfupdate_core.a(fupdate_common.c.obj)
                0x00817cc8                fupdateCheckFileSizeCrc
 .text.fupdateCheckPlainFileSizeCrc
                0x00817d34       0x54 lib/libfupdate_core.a(fupdate_common.c.obj)
                0x00817d34                fupdateCheckPlainFileSizeCrc
 .text.fupdateCheckBlockedFileSizeCrc
                0x00817d88       0x92 lib/libfupdate_core.a(fupdate_common.c.obj)
                0x00817d88                fupdateCheckBlockedFileSizeCrc
 *fill*         0x00817e1a        0x2 
 .text.fupdateReadContext
                0x00817e1c       0x1c lib/libfupdate_core.a(fupdate_common.c.obj)
                0x00817e1c                fupdateReadContext
 .text.fupdateWriteContext
                0x00817e38       0x1c lib/libfupdate_core.a(fupdate_common.c.obj)
                0x00817e38                fupdateWriteContext
 .text.fupdateParseBulk
                0x00817e54      0x178 lib/libfupdate_core.a(fupdate_common.c.obj)
                0x00817e54                fupdateParseBulk
 .text.fupdateParsePack
                0x00817fcc       0x5e lib/libfupdate_core.a(fupdate_common.c.obj)
                0x00817fcc                fupdateParsePack
 .text.fupdateParseBundle
                0x0081802a       0x12 lib/libfupdate_core.a(fupdate_common.c.obj)
                0x0081802a                fupdateParseBundle
 .text.fupdateParseBundleData
                0x0081803c       0x6a lib/libfupdate_core.a(fupdate_common.c.obj)
                0x0081803c                fupdateParseBundleData
 .text.fupdateParseBlock
                0x008180a6       0x18 lib/libfupdate_core.a(fupdate_common.c.obj)
                0x008180a6                fupdateParseBlock
 .text.fupdateParseBlockSize
                0x008180be       0x24 lib/libfupdate_core.a(fupdate_common.c.obj)
                0x008180be                fupdateParseBlockSize
 .text.fupdateParsePiece
                0x008180e2       0x18 lib/libfupdate_core.a(fupdate_common.c.obj)
                0x008180e2                fupdateParsePiece
 .rodata.str1.1
                0x008180fa       0x30 lib/libfupdate_core.a(fupdate_common.c.obj)
 .text.osiDCacheClean
                0x0081812a       0x1c lib/libhal.a(hal_chip_8910.c.obj)
                0x0081812a                osiDCacheClean
 .text.osiDCacheInvalidate
                0x00818146       0x18 lib/libhal.a(hal_chip_8910.c.obj)
                0x00818146                osiDCacheInvalidate
 .text.osiDCacheCleanInvalidateAll
                0x0081815e       0xac lib/libhal.a(hal_chip_8910.c.obj)
                0x0081815e                osiDCacheCleanInvalidateAll
 *fill*         0x0081820a        0x2 
 .text.halSaveBlueScreenReg
                0x0081820c      0x210 lib/libhal.a(hal_chip_armv7a.c.obj)
                0x0081820c                halSaveBlueScreenReg
 .text.prvRamPhyPadCfg
                0x0081841c       0xb4 lib/libhal.a(hal_clock_init.c.obj)
 .text.prvRamDmcCfg
                0x008184d0       0xbc lib/libhal.a(hal_clock_init.c.obj)
 .text.prvDelayUS
                0x0081858c       0x14 lib/libhal.a(hal_clock_init.c.obj)
 .text._dmc400QosConfig
                0x008185a0      0x164 lib/libhal.a(hal_clock_init.c.obj)
 .text.halPsramPllTrainAds0
                0x00818704       0x3c lib/libhal.a(hal_clock_init.c.obj)
 .text.halPsramPllTrainAds1
                0x00818740       0x3c lib/libhal.a(hal_clock_init.c.obj)
 .text.halWriteDllTrain
                0x0081877c       0x40 lib/libhal.a(hal_clock_init.c.obj)
 .text.halRamInit
                0x008187bc       0xb8 lib/libhal.a(hal_clock_init.c.obj)
                0x008187bc                halRamInit
 .text.halClockInit
                0x00818874      0x23c lib/libhal.a(hal_clock_init.c.obj)
                0x00818874                halClockInit
 .rodata        0x00818ab0        0x8 lib/libhal.a(hal_clock_init.c.obj)
 .text.prvEfuseSetDouble
                0x00818ab8       0x10 lib/libhal.a(hal_efuse_8910.c.obj)
 .text.halEfuseOpen
                0x00818ac8       0x60 lib/libhal.a(hal_efuse_8910.c.obj)
                0x00818ac8                halEfuseOpen
 .text.halEfuseClose
                0x00818b28       0x48 lib/libhal.a(hal_efuse_8910.c.obj)
                0x00818b28                halEfuseClose
 .text.halEfuseDoubleRead
                0x00818b70       0x3c lib/libhal.a(hal_efuse_8910.c.obj)
                0x00818b70                halEfuseDoubleRead
 .text.halHwspinlockAcquire
                0x00818bac       0x38 lib/libhal.a(hal_hwspinlock.c.obj)
                0x00818bac                halHwspinlockAcquire
 .text.halHwspinlockRelease
                0x00818be4       0x14 lib/libhal.a(hal_hwspinlock.c.obj)
                0x00818be4                halHwspinlockRelease
 .text.halHwspinlockReleaseInCritical
                0x00818bf8       0x14 lib/libhal.a(hal_hwspinlock.c.obj)
                0x00818bf8                halHwspinlockReleaseInCritical
 .text.halLzmaDataSize
                0x00818c0c        0xc lib/libhal.a(hal_lzma.c.obj)
                0x00818c0c                halLzmaDataSize
 .text.halLzmaReset
                0x00818c18       0x30 lib/libhal.a(hal_lzma.c.obj)
                0x00818c18                halLzmaReset
 .text.halLzmaEnable
                0x00818c48       0x18 lib/libhal.a(hal_lzma.c.obj)
                0x00818c48                halLzmaEnable
 .text.halLzmaDisable
                0x00818c60       0x18 lib/libhal.a(hal_lzma.c.obj)
                0x00818c60                halLzmaDisable
 .text.halLzmaDecompressBlock
                0x00818c78       0xd0 lib/libhal.a(hal_lzma.c.obj)
                0x00818c78                halLzmaDecompressBlock
 .text.halLzmaDecompressFile
                0x00818d48       0xc0 lib/libhal.a(hal_lzma.c.obj)
                0x00818d48                halLzmaDecompressFile
 .text.halPmuExtFlashPowerOn
                0x00818e08       0x54 lib/libhal.a(hal_pmu_8910.c.obj)
                0x00818e08                halPmuExtFlashPowerOn
 .rodata.str1.1
                0x00818e5c       0x19 lib/libhal.a(hal_spi_flash.c.obj)
 *fill*         0x00818e75        0x3 
 .text.quec_spi_flash_props_init
                0x00818e78       0x20 lib/libhal_prop.a(ql_hal_spi_flash_prop.c.obj)
                0x00818e78                quec_spi_flash_props_init
 .text.quec_mipi_lcd_clk_set
                0x00818e98       0x14 lib/libhal_prop.a(ql_hal_spi_flash_prop.c.obj)
                0x00818e98                quec_mipi_lcd_clk_set
 .text.MatchFinder_GetPointerToCurrentPos
                0x00818eac        0x4 lib/libsffs_core.a(LzFind.c.obj)
                0x00818eac                MatchFinder_GetPointerToCurrentPos
 .text.MatchFinder_GetIndexByte
                0x00818eb0        0x6 lib/libsffs_core.a(LzFind.c.obj)
                0x00818eb0                MatchFinder_GetIndexByte
 .text.MatchFinder_GetNumAvailableBytes
                0x00818eb6        0x8 lib/libsffs_core.a(LzFind.c.obj)
                0x00818eb6                MatchFinder_GetNumAvailableBytes
 .text.MatchFinder_SetLimits
                0x00818ebe       0x3c lib/libsffs_core.a(LzFind.c.obj)
 .text.Hc_GetMatchesSpec
                0x00818efa       0x8a lib/libsffs_core.a(LzFind.c.obj)
 .text.SkipMatchesSpec
                0x00818f84       0xa0 lib/libsffs_core.a(LzFind.c.obj)
 .text.MatchFinder_ReadBlock
                0x00819024       0x6a lib/libsffs_core.a(LzFind.c.obj)
 .text.MatchFinder_Init
                0x0081908e       0x38 lib/libsffs_core.a(LzFind.c.obj)
                0x0081908e                MatchFinder_Init
 .text.MatchFinder_ReduceOffsets
                0x008190c6       0x14 lib/libsffs_core.a(LzFind.c.obj)
                0x008190c6                MatchFinder_ReduceOffsets
 .text.MatchFinder_MoveBlock
                0x008190da       0x22 lib/libsffs_core.a(LzFind.c.obj)
                0x008190da                MatchFinder_MoveBlock
 .text.MatchFinder_NeedMove
                0x008190fc       0x1e lib/libsffs_core.a(LzFind.c.obj)
                0x008190fc                MatchFinder_NeedMove
 *fill*         0x0081911a        0x2 
 .text.MatchFinder_Construct
                0x0081911c       0x40 lib/libsffs_core.a(LzFind.c.obj)
                0x0081911c                MatchFinder_Construct
 .text.MatchFinder_Free
                0x0081915c       0x22 lib/libsffs_core.a(LzFind.c.obj)
                0x0081915c                MatchFinder_Free
 *fill*         0x0081917e        0x2 
 .text.MatchFinder_Create
                0x00819180      0x128 lib/libsffs_core.a(LzFind.c.obj)
                0x00819180                MatchFinder_Create
 .text.MatchFinder_Normalize3
                0x008192a8       0x1a lib/libsffs_core.a(LzFind.c.obj)
                0x008192a8                MatchFinder_Normalize3
 .text.MatchFinder_CheckLimits
                0x008192c2       0x6a lib/libsffs_core.a(LzFind.c.obj)
 .text.MatchFinder_MovePos
                0x0081932c       0x1e lib/libsffs_core.a(LzFind.c.obj)
 .text.Bt4_MatchFinder_Skip
                0x0081934a       0xa2 lib/libsffs_core.a(LzFind.c.obj)
 .text.Bt3_MatchFinder_Skip
                0x008193ec       0x86 lib/libsffs_core.a(LzFind.c.obj)
 .text.Bt2_MatchFinder_Skip
                0x00819472       0x68 lib/libsffs_core.a(LzFind.c.obj)
 .text.Hc4_MatchFinder_Skip
                0x008194da       0x8a lib/libsffs_core.a(LzFind.c.obj)
 .text.Hc4_MatchFinder_GetMatches
                0x00819564      0x146 lib/libsffs_core.a(LzFind.c.obj)
 .text.GetMatchesSpec1
                0x008196aa       0xfa lib/libsffs_core.a(LzFind.c.obj)
                0x008196aa                GetMatchesSpec1
 .text.Bt4_MatchFinder_GetMatches
                0x008197a4      0x156 lib/libsffs_core.a(LzFind.c.obj)
 .text.Bt3_MatchFinder_GetMatches
                0x008198fa      0x10c lib/libsffs_core.a(LzFind.c.obj)
 .text.Bt2_MatchFinder_GetMatches
                0x00819a06       0x74 lib/libsffs_core.a(LzFind.c.obj)
 *fill*         0x00819a7a        0x2 
 .text.MatchFinder_CreateVTable
                0x00819a7c       0x70 lib/libsffs_core.a(LzFind.c.obj)
                0x00819a7c                MatchFinder_CreateVTable
 .text.RangeEnc_FlushStream
                0x00819aec       0x32 lib/libsffs_core.a(LzmaEnc.c.obj)
 .text.RangeEnc_ShiftLow
                0x00819b1e       0x66 lib/libsffs_core.a(LzmaEnc.c.obj)
 .text.RangeEnc_EncodeDirectBits
                0x00819b84       0x44 lib/libsffs_core.a(LzmaEnc.c.obj)
 .text.RangeEnc_EncodeBit
                0x00819bc8       0x4e lib/libsffs_core.a(LzmaEnc.c.obj)
 .text.LitEnc_Encode
                0x00819c16       0x24 lib/libsffs_core.a(LzmaEnc.c.obj)
 .text.LitEnc_GetPrice
                0x00819c3a       0x2c lib/libsffs_core.a(LzmaEnc.c.obj)
 .text.LitEnc_GetPriceMatched
                0x00819c66       0x42 lib/libsffs_core.a(LzmaEnc.c.obj)
 .text.RcTree_Encode
                0x00819ca8       0x30 lib/libsffs_core.a(LzmaEnc.c.obj)
 .text.RcTree_ReverseEncode
                0x00819cd8       0x32 lib/libsffs_core.a(LzmaEnc.c.obj)
 .text.RcTree_GetPrice
                0x00819d0a       0x2e lib/libsffs_core.a(LzmaEnc.c.obj)
 .text.RcTree_ReverseGetPrice
                0x00819d38       0x2e lib/libsffs_core.a(LzmaEnc.c.obj)
 .text.LenEnc_Init
                0x00819d66       0x3a lib/libsffs_core.a(LzmaEnc.c.obj)
 .text.LenEnc_SetPrices
                0x00819da0       0xb2 lib/libsffs_core.a(LzmaEnc.c.obj)
 .text.MovePos  0x00819e52       0x22 lib/libsffs_core.a(LzmaEnc.c.obj)
 .text.ReadMatchDistances
                0x00819e74       0x88 lib/libsffs_core.a(LzmaEnc.c.obj)
 .text.FillAlignPrices
                0x00819efc       0x3a lib/libsffs_core.a(LzmaEnc.c.obj)
 .text.FillDistancesPrices
                0x00819f36      0x110 lib/libsffs_core.a(LzmaEnc.c.obj)
 .text.MyWrite  0x0081a046       0x2c lib/libsffs_core.a(LzmaEnc.c.obj)
 .text.LenEnc_Encode2
                0x0081a072       0xa4 lib/libsffs_core.a(LzmaEnc.c.obj)
 .text.GetPureRepPrice
                0x0081a116       0x7a lib/libsffs_core.a(LzmaEnc.c.obj)
 .text.Flush    0x0081a190      0x114 lib/libsffs_core.a(LzmaEnc.c.obj)
 .text.CheckErrors
                0x0081a2a4       0x32 lib/libsffs_core.a(LzmaEnc.c.obj)
 *fill*         0x0081a2d6        0x2 
 .text.LzmaEnc_CodeOneBlock
                0x0081a2d8     0x1674 lib/libsffs_core.a(LzmaEnc.c.obj)
 .text.LzmaEnc_Encode2
                0x0081b94c       0x60 lib/libsffs_core.a(LzmaEnc.c.obj)
 .text.LzmaEncProps_Init
                0x0081b9ac       0x22 lib/libsffs_core.a(LzmaEnc.c.obj)
                0x0081b9ac                LzmaEncProps_Init
 .text.LzmaEncProps_Normalize
                0x0081b9ce       0xa4 lib/libsffs_core.a(LzmaEnc.c.obj)
                0x0081b9ce                LzmaEncProps_Normalize
 .text.LzmaEnc_FastPosInit
                0x0081ba72       0x32 lib/libsffs_core.a(LzmaEnc.c.obj)
                0x0081ba72                LzmaEnc_FastPosInit
 .text.LzmaEnc_SetProps
                0x0081baa4       0xa8 lib/libsffs_core.a(LzmaEnc.c.obj)
                0x0081baa4                LzmaEnc_SetProps
 .text.LzmaEnc_InitPriceTables
                0x0081bb4c       0x32 lib/libsffs_core.a(LzmaEnc.c.obj)
                0x0081bb4c                LzmaEnc_InitPriceTables
 .text.LzmaEnc_Construct
                0x0081bb7e       0x48 lib/libsffs_core.a(LzmaEnc.c.obj)
                0x0081bb7e                LzmaEnc_Construct
 *fill*         0x0081bbc6        0x2 
 .text.LzmaEnc_Create
                0x0081bbc8       0x18 lib/libsffs_core.a(LzmaEnc.c.obj)
                0x0081bbc8                LzmaEnc_Create
 .text.LzmaEnc_FreeLits
                0x0081bbe0       0x2e lib/libsffs_core.a(LzmaEnc.c.obj)
                0x0081bbe0                LzmaEnc_FreeLits
 .text.LzmaEnc_Destruct
                0x0081bc0e       0x2c lib/libsffs_core.a(LzmaEnc.c.obj)
                0x0081bc0e                LzmaEnc_Destruct
 .text.LzmaEnc_Destroy
                0x0081bc3a       0x16 lib/libsffs_core.a(LzmaEnc.c.obj)
                0x0081bc3a                LzmaEnc_Destroy
 .text.LzmaEnc_Init
                0x0081bc50      0x122 lib/libsffs_core.a(LzmaEnc.c.obj)
                0x0081bc50                LzmaEnc_Init
 .text.LzmaEnc_InitPrices
                0x0081bd72       0xd8 lib/libsffs_core.a(LzmaEnc.c.obj)
                0x0081bd72                LzmaEnc_InitPrices
 .text.LzmaEnc_AllocAndInit
                0x0081be4a      0x11e lib/libsffs_core.a(LzmaEnc.c.obj)
 .text.LzmaEnc_WriteProperties
                0x0081bf68       0x6a lib/libsffs_core.a(LzmaEnc.c.obj)
                0x0081bf68                LzmaEnc_WriteProperties
 *fill*         0x0081bfd2        0x2 
 .text.LzmaEnc_MemEncode
                0x0081bfd4       0x5c lib/libsffs_core.a(LzmaEnc.c.obj)
                0x0081bfd4                LzmaEnc_MemEncode
 .text.LzmaEncode
                0x0081c030       0x6e lib/libsffs_core.a(LzmaEnc.c.obj)
                0x0081c030                LzmaEncode
 *fill*         0x0081c09e        0x2 
 .rodata.kLiteralNextStates
                0x0081c0a0       0x30 lib/libsffs_core.a(LzmaEnc.c.obj)
 .rodata.kMatchNextStates
                0x0081c0d0       0x30 lib/libsffs_core.a(LzmaEnc.c.obj)
 .rodata.kRepNextStates
                0x0081c100       0x30 lib/libsffs_core.a(LzmaEnc.c.obj)
 .rodata.kShortRepNextStates
                0x0081c130       0x30 lib/libsffs_core.a(LzmaEnc.c.obj)
 .text.SzFree   0x0081c160        0x6 lib/libsffs_core.a(lzmar.c.obj)
 .text.SzAlloc  0x0081c166        0x6 lib/libsffs_core.a(lzmar.c.obj)
 .text._encodeBlock
                0x0081c16c       0x64 lib/libsffs_core.a(lzmar.c.obj)
 .text.lzmarCompress
                0x0081c1d0       0xc6 lib/libsffs_core.a(lzmar.c.obj)
                0x0081c1d0                lzmarCompress
 *fill*         0x0081c296        0x2 
 .text._cacheDataIsRootDir
                0x0081c298       0x1c lib/libsffs_core.a(sffs.c.obj)
 .text._cacheSetDirty
                0x0081c2b4       0x38 lib/libsffs_core.a(sffs.c.obj)
 .text._pathFileName
                0x0081c2ec       0x12 lib/libsffs_core.a(sffs.c.obj)
 .text._blockAllocFree
                0x0081c2fe       0x5c lib/libsffs_core.a(sffs.c.obj)
 .text._blockIsFree.isra.12
                0x0081c35a       0x1a lib/libsffs_core.a(sffs.c.obj)
 .text._blockSetUsed
                0x0081c374       0x2e lib/libsffs_core.a(sffs.c.obj)
 .text._blockSetFree
                0x0081c3a2       0x30 lib/libsffs_core.a(sffs.c.obj)
 .text._isNodeOpened
                0x0081c3d2       0x24 lib/libsffs_core.a(sffs.c.obj)
 .text._getFileFromFd.isra.14
                0x0081c3f6        0xe lib/libsffs_core.a(sffs.c.obj)
 .text._cacheFindNotBusyByState.isra.20
                0x0081c404       0x14 lib/libsffs_core.a(sffs.c.obj)
 .text._cacheFlush
                0x0081c418       0x2a lib/libsffs_core.a(sffs.c.obj)
 .text._cacheFlushAll
                0x0081c442       0x1a lib/libsffs_core.a(sffs.c.obj)
 .text._cacheAllocForNode
                0x0081c45c       0xe0 lib/libsffs_core.a(sffs.c.obj)
 .text._cacheAllocWithData
                0x0081c53c        0x6 lib/libsffs_core.a(sffs.c.obj)
 *fill*         0x0081c542        0x2 
 .text._fileGetDataNode
                0x0081c544       0x94 lib/libsffs_core.a(sffs.c.obj)
 .text._cacheAllocForWrite
                0x0081c5d8        0x6 lib/libsffs_core.a(sffs.c.obj)
 *fill*         0x0081c5de        0x2 
 .text._allocTablBlock
                0x0081c5e0       0x3c lib/libsffs_core.a(sffs.c.obj)
 .text._fileWriteAll
                0x0081c61c      0x1ac lib/libsffs_core.a(sffs.c.obj)
 .text._dirRemoveChildNode
                0x0081c7c8       0x58 lib/libsffs_core.a(sffs.c.obj)
 .text._dirAddChildNodeIfNotExist
                0x0081c820       0x66 lib/libsffs_core.a(sffs.c.obj)
 .text.prvFileWriteAllNotExit
                0x0081c886       0x3e lib/libsffs_core.a(sffs.c.obj)
 .text.prvIsRootDirFull
                0x0081c8c4       0x42 lib/libsffs_core.a(sffs.c.obj)
 *fill*         0x0081c906        0x2 
 .text._blockScanDir
                0x0081c908      0x214 lib/libsffs_core.a(sffs.c.obj)
 .text._findByPathInParent
                0x0081cb1c       0x98 lib/libsffs_core.a(sffs.c.obj)
 .text._findByPath
                0x0081cbb4       0x4c lib/libsffs_core.a(sffs.c.obj)
 .text._findParentByPath
                0x0081cc00       0x40 lib/libsffs_core.a(sffs.c.obj)
 .text._removeNode
                0x0081cc40       0x3c lib/libsffs_core.a(sffs.c.obj)
 .text._removeMultiTabl
                0x0081cc7c       0x70 lib/libsffs_core.a(sffs.c.obj)
 .text._fileDecreaseSize
                0x0081ccec      0x2ec lib/libsffs_core.a(sffs.c.obj)
 .text._moveNodeRecovery
                0x0081cfd8      0x124 lib/libsffs_core.a(sffs.c.obj)
 .text._scanMoveRecovery
                0x0081d0fc       0x98 lib/libsffs_core.a(sffs.c.obj)
 .text.sffsFileBlockNeeded
                0x0081d194       0x4c lib/libsffs_core.a(sffs.c.obj)
                0x0081d194                sffsFileBlockNeeded
 .text.sffsMount
                0x0081d1e0      0x1fc lib/libsffs_core.a(sffs.c.obj)
                0x0081d1e0                sffsMount
 .text.sffsUnmount
                0x0081d3dc       0x14 lib/libsffs_core.a(sffs.c.obj)
                0x0081d3dc                sffsUnmount
 .text.sffsMakeFs
                0x0081d3f0       0x90 lib/libsffs_core.a(sffs.c.obj)
                0x0081d3f0                sffsMakeFs
 .text.sffsOpen
                0x0081d480      0x274 lib/libsffs_core.a(sffs.c.obj)
                0x0081d480                sffsOpen
 .text.sffsSfileWrite
                0x0081d6f4      0x3f8 lib/libsffs_core.a(sffs.c.obj)
                0x0081d6f4                sffsSfileWrite
 .text.sffsRead
                0x0081daec      0x128 lib/libsffs_core.a(sffs.c.obj)
                0x0081daec                sffsRead
 .text.sffsSeek
                0x0081dc14       0x7c lib/libsffs_core.a(sffs.c.obj)
                0x0081dc14                sffsSeek
 .text.sffsClose
                0x0081dc90       0x4c lib/libsffs_core.a(sffs.c.obj)
                0x0081dc90                sffsClose
 .text.sffsFstat
                0x0081dcdc       0x78 lib/libsffs_core.a(sffs.c.obj)
                0x0081dcdc                sffsFstat
 .text.sffsMkDir
                0x0081dd54      0x14c lib/libsffs_core.a(sffs.c.obj)
                0x0081dd54                sffsMkDir
 .text.sffsUnlink
                0x0081dea0       0xc4 lib/libsffs_core.a(sffs.c.obj)
                0x0081dea0                sffsUnlink
 .text.sffsSetSfileReserveCount
                0x0081df64       0x14 lib/libsffs_core.a(sffs.c.obj)
                0x0081df64                sffsSetSfileReserveCount
 *(.rokeep)
                0x0081df78                __text_end = .
                0x0081df80                . = ALIGN (0x20)
 *fill*         0x0081df78        0x8 

.data           0x0081df80      0x3a0
                0x0081df80                __data_start = .
 SORT_BY_NAME(*)(.sramdata .sramdata.*)
 SORT_BY_NAME(*)(.data .data.* .sdata .sdata.* .data1 .gnu.linkonce.d.*)
 .data._impure_ptr
                0x0081df80        0x4 components/bootloader/CMakeFiles/boot2.dir/boot/boot2_start_8910.c.obj
                0x0081df80                _impure_ptr
 .data.quec_pff_sector_size
                0x0081df84        0x4 lib/libboot_ex_fat_rdonly.a(pff_basic.c.obj)
                0x0081df84                quec_pff_sector_size
 .data.quec_boot_fs_type
                0x0081df88        0x1 lib/libboot_ex_ql.a(quec_boot_fota.c.obj)
                0x0081df88                quec_boot_fs_type
 .data.quec_fota_stage
                0x0081df89        0x9 lib/libboot_ex_ql.a(quec_boot_fota.c.obj)
                0x0081df89                quec_fota_stage
 *fill*         0x0081df92        0x2 
 .data.quec_boot_spi6_pin_cfg_map
                0x0081df94       0x98 lib/libboot_ex_ql_pin.a(quec_boot_pin_map.c.obj)
                0x0081df94                quec_boot_spi6_pin_cfg_map
 .data.ql_boot_sdmmc_cfg
                0x0081e02c        0x8 lib/libboot_ex_sdmmc.a(quec_boot_sdmmc.c.obj)
                0x0081e02c                ql_boot_sdmmc_cfg
 .data.gPartInfo_extflash
                0x0081e034       0x70 lib/libboot_ex_spi6nor.a(quec_spi6_ext_norflash_cfg.c.obj)
                0x0081e034                gPartInfo_extflash
 .data.ql_spi6_ext_nor_flash_clk
                0x0081e0a4        0x1 lib/libboot_ex_spi6nor.a(quec_spi6_ext_norflash_cfg.c.obj)
                0x0081e0a4                ql_spi6_ext_nor_flash_clk
 .data.quec_skip_spi6_ext_nor_flash_init
                0x0081e0a5        0x1 lib/libboot_ex_spi6nor.a(quec_spi6_ext_norflash_cfg.c.obj)
                0x0081e0a5                quec_skip_spi6_ext_nor_flash_init
 *fill*         0x0081e0a6        0x2 
 .data.gDrvSpiFlashCtx
                0x0081e0a8       0x80 lib/libbootloader.a(boot_spi_flash.c.obj)
 .data.gFsScenario
                0x0081e128        0x1 lib/libfsmount.a(fs_mount.c.obj)
 *fill*         0x0081e129        0x3 
 .data.gFupdatePackFileName
                0x0081e12c        0x4 lib/libfupdate_core.a(fupdate_common.c.obj)
                0x0081e12c                gFupdatePackFileName
 .data.gFupdateStageFileName
                0x0081e130        0x4 lib/libfupdate_core.a(fupdate_common.c.obj)
                0x0081e130                gFupdateStageFileName
 .data.gFupdateTempFileName
                0x0081e134        0x4 lib/libfupdate_core.a(fupdate_common.c.obj)
                0x0081e134                gFupdateTempFileName
 .data.ql_SpiFlashProps
                0x0081e138      0x1cc lib/libhal_prop.a(ql_hal_spi_flash_prop.c.obj)
                0x0081e138                ql_SpiFlashProps
 .data.ql_SpiFlashPropsLen
                0x0081e304        0x4 lib/libhal_prop.a(ql_hal_spi_flash_prop.c.obj)
                0x0081e304                ql_SpiFlashPropsLen
 .data.quec_nor_ext_mount_start_addr
                0x0081e308        0x4 lib/libhal_prop.a(ql_hal_spi_flash_prop.c.obj)
                0x0081e308                quec_nor_ext_mount_start_addr
 .data.g_Alloc  0x0081e30c        0x8 lib/libsffs_core.a(lzmar.c.obj)
 *(.rwkeep)
 .rwkeep        0x0081e314        0x8 lib/libhal.a(hal_chip_armv7a.c.obj)
                0x0081e314                gGdbRegAddress
                0x0081e318                gGdbCtxType
                0x0081e31c                __data_end = .
                0x0081e320                . = ALIGN (0x20)
 *fill*         0x0081e31c        0x4 

.lastflash      0x0081e320        0x0
                0x0081e320                . = ALIGN (0x20)

.bss            0x0081e320      0xf00
                0x0081e320                __bss_start = .
 *(.srambss .srambss.*)
 *(.bss .bss.* COMMON .scommon .sbss .sbss.* .sbss2 .sbss2.* .gnu.linkonce.b.*)
 .bss.gZeroedReent
                0x0081e320      0x428 components/bootloader/CMakeFiles/boot2.dir/boot/boot2_start_8910.c.obj
 .bss.gSecureCtx
                0x0081e748       0x30 lib/libbootloader.a(boot_secure.c.obj)
 .bss.gDefaultHeap
                0x0081e778        0x4 lib/libbootloader.a(boot_mem.c.obj)
 .bss.gExtRamHeap
                0x0081e77c        0xc lib/libbootloader.a(boot_mem.c.obj)
 .bss.gIramHeap
                0x0081e788        0xc lib/libbootloader.a(boot_mem.c.obj)
 .bss.gBootVfsRegList
                0x0081e794        0x4 lib/libbootloader.a(boot_vfs.c.obj)
 .bss.quec_boot_start_param
                0x0081e798        0x4 lib/libbootloader.a(boot_vfs.c.obj)
                0x0081e798                quec_boot_start_param
 .bss.quec_header
                0x0081e79c        0x4 lib/libbootloader.a(boot_vfs.c.obj)
                0x0081e79c                quec_header
 .bss.gTimerCb  0x0081e7a0        0x8 lib/libbootloader.a(boot_timer.c.obj)
 .bss.gTraceEnabled
                0x0081e7a8        0x1 lib/libbootloader.a(boot_log.c.obj)
                0x0081e7a8                gTraceEnabled
 *fill*         0x0081e7a9        0x3 
 COMMON         0x0081e7ac       0x54 lib/libbootloader.a(boot_log.c.obj)
                0x0081e7ac                v_tra_pubModuleControl
                0x0081e7b0                v_tra_categoryControl
                0x0081e7b4                gTraceSequence
                0x0081e7b8                v_tra_lteModuleControl
                0x0081e7bc                sxs_IoCtx
 .bss.quec_ext_flash_gpio_first_time_init
                0x0081e800        0x1 lib/libhal.a(hal_pmu_8910.c.obj)
 *fill*         0x0081e801        0x3 
 COMMON         0x0081e804      0x290 lib/libhal.a(hal_chip_armv7a.c.obj)
                0x0081e804                gBlueScreenCp15
                0x0081e8d8                gBlueScreenRegs
 .bss.gSpiFlashProps
                0x0081ea94        0x4 lib/libhal.a(hal_spi_flash.c.obj)
 .bss.gSpiFlashPropsLen
                0x0081ea98        0x4 lib/libhal.a(hal_spi_flash.c.obj)
 .bss.gFotaEngine
                0x0081ea9c        0x4 lib/libfupdate_core.a(fupdate_bootloader.c.obj)
 .bss.gBdevList
                0x0081eaa0        0x4 lib/libfsmount.a(fs_mount.c.obj)
                0x0081eaa0                gBdevList
 .bss.gPartInfo_ptr
                0x0081eaa4        0x4 lib/libfsmount.a(fs_mount.c.obj)
                0x0081eaa4                gPartInfo_ptr
 .bss.boot_fota_param
                0x0081eaa8       0xc4 lib/libboot_ex_ql.a(quec_boot_fota.c.obj)
                0x0081eaa8                boot_fota_param
 .bss.boot_urc_enable
                0x0081eb6c        0x1 lib/libboot_ex_ql.a(quec_boot_fota.c.obj)
                0x0081eb6c                boot_urc_enable
 .bss.quec_current_partition
                0x0081eb6d        0x1 lib/libboot_ex_ql.a(quec_boot_fota.c.obj)
                0x0081eb6d                quec_current_partition
 .bss.quec_partition_num
                0x0081eb6e        0x1 lib/libboot_ex_ql.a(quec_boot_fota.c.obj)
                0x0081eb6e                quec_partition_num
 *fill*         0x0081eb6f        0x1 
 .bss.updata_urc_num
                0x0081eb70        0x4 lib/libboot_ex_ql.a(quec_boot_fota.c.obj)
                0x0081eb70                updata_urc_num
 .bss.gCrc32TableInited
                0x0081eb74        0x1 lib/libboot_calclib_crc.a(crc32.c.obj)
 .bss.gCrc8Table
                0x0081eb75      0x100 lib/libboot_calclib_crc.a(crc32.c.obj)
 .bss.gCrc8TableInited
                0x0081ec75        0x1 lib/libboot_calclib_crc.a(crc32.c.obj)
 *fill*         0x0081ec76        0x2 
 .bss.vds_crc32_table
                0x0081ec78      0x400 lib/libboot_calclib_crc.a(crc32.c.obj)
                0x0081ec78                vds_crc32_table
 .bss.bootfs    0x0081f078       0xb0 lib/libboot_ex_fat_rdonly.a(quec_boot_vfs.c.obj)
                0x0081f078                bootfs
 .bss.quec_boot_vfs_state
                0x0081f128        0x2 lib/libboot_ex_fat_rdonly.a(quec_boot_vfs.c.obj)
                0x0081f128                quec_boot_vfs_state
 *fill*         0x0081f12a        0x2 
 COMMON         0x0081f12c        0x8 lib/libboot_ex_fat_rdonly.a(quec_boot_vfs.c.obj)
                0x0081f12c                quec_boot_block_dev
 .bss.mount_flag
                0x0081f134        0x2 lib/libboot_ex_fat_rdonly.a(pff_rdonly.c.obj)
 *fill*         0x0081f136        0x2 
 COMMON         0x0081f138       0xaa lib/libboot_ex_fat_rdonly.a(pff_basic.c.obj)
                0x0081f138                FatFs
                0x0081f140                LfnBuf
 *fill*         0x0081f1e2        0x2 
 .bss.bootgv_sdmmc
                0x0081f1e4        0x4 lib/libboot_ex_sdmmc.a(quec_boot_sdmmc.c.obj)
                0x0081f1e4                bootgv_sdmmc
 .bss.tbuff_sdmmc
                0x0081f1e8        0x4 lib/libboot_ex_sdmmc.a(quec_boot_sdmmc.c.obj)
                0x0081f1e8                tbuff_sdmmc
 .bss.tbuff_sdmmc_32aligned
                0x0081f1ec        0x4 lib/libboot_ex_sdmmc.a(quec_boot_sdmmc.c.obj)
                0x0081f1ec                tbuff_sdmmc_32aligned
 .bss.qboot_sdmmc
                0x0081f1f0        0x4 lib/libboot_ex_sdmmc.a(quec_boot_sd.c.obj)
 .bss.ext_flash_gpio_cfg_reg
                0x0081f1f4       0x18 lib/libboot_ex_spi6nor.a(quec_spi6_ext_norflash_cfg.c.obj)
 .bss.quec_spi6_ext_nor_flash_capacity
                0x0081f20c        0x4 lib/libboot_ex_spi6nor.a(quec_spi6_ext_norflash_cfg.c.obj)
                0x0081f20c                quec_spi6_ext_nor_flash_capacity
 .bss.quec_spi6_ext_nor_flash_is_exist
                0x0081f210        0x1 lib/libboot_ex_spi6nor.a(quec_spi6_ext_norflash_cfg.c.obj)
                0x0081f210                quec_spi6_ext_nor_flash_is_exist
 .bss.quec_spi6_ext_norflash_mount_status
                0x0081f211        0x1 lib/libboot_ex_spi6nor.a(quec_spi6_ext_norflash_cfg.c.obj)
                0x0081f211                quec_spi6_ext_norflash_mount_status
 .bss.ql_boot_cur_spi6_port
                0x0081f212        0x1 lib/libboot_ex_ql_pin.a(quec_boot_pin_map.c.obj)
                0x0081f212                ql_boot_cur_spi6_port
                0x0081f213                __bss_end = .
                0x0081f220                . = ALIGN (0x20)
 *fill*         0x0081f213        0xd 

.sys_stack      0x0081f220     0x1800
                0x0081f220                __sys_stack_start = .
                0x00820a20                . = (. + 0x1800)
 *fill*         0x0081f220     0x1800 
                0x00820a20                __sys_stack_end = .
                0x00820a20                . = ALIGN (0x20)

.irq_stack      0x00820a20      0x800
                0x00820a20                __irq_stack_start = .
                0x00821220                . = (. + 0x800)
 *fill*         0x00820a20      0x800 
                0x00821220                __irq_stack_end = .
                0x00821220                . = ALIGN (0x20)

.blue_screen    0x00821220      0x600
                0x00821220                __blue_screen_start = .
                0x00821820                . = (. + 0x600)
 *fill*         0x00821220      0x600 
                0x00821820                __blue_screen_end = .
                0x00821820                . = ALIGN (0x20)

.sram_heap      0x00821820    0x1a3e0
                0x00821820                __sram_heap_start = .
                0x0083bc00                . = ((ORIGIN (sram) + LENGTH (sram)) - 0x4400)
 *fill*         0x00821820    0x1a3e0 
                0x0083bc00                __sram_heap_end = .
                0x0083bc00                . = ALIGN (0x20)

.mmu_ttbl2      0x0083bc00      0x400
                0x0083bc00                __mmu_ttbl2_start = .
                0x0083c000                . = (. + 0x400)
 *fill*         0x0083bc00      0x400 
                0x0083c000                __mmu_ttbl2_end = .
                0x0083c000                . = ALIGN (0x20)

.mmu_ttbl1      0x0083c000     0x4000
                0x0083c000                __mmu_ttbl1_start = .
                0x00840000                . = (. + 0x4000)
 *fill*         0x0083c000     0x4000 
                0x00840000                __mmu_ttbl1_end = .
                0x00840000                . = ALIGN (0x20)
                0x00000001                ASSERT (((__mmu_ttbl1_start % 0x4000) == 0x0), TTB L1 is not aligned)
                0x00810040                __flash_start = LOADADDR (.text)
                0x0081e320                __flash_end = ADDR (.lastflash)

.comment        0x00000000       0xf7
 *(.comment)
 .comment       0x00000000       0x7e components/bootloader/CMakeFiles/boot2.dir/boot/boot2_start_8910.c.obj
                                 0x7f (size before relaxing)
 .comment       0x0000007e       0x7f lib/libbootloader.a(boot_platform_8910.c.obj)
 .comment       0x0000007e       0x7f lib/libbootloader.a(boot_secure.c.obj)
 .comment       0x0000007e       0x7f lib/libbootloader.a(boot_sffs_port.c.obj)
 .comment       0x0000007e       0x7f lib/libbootloader.a(boot_delay.c.obj)
 .comment       0x0000007e       0x7f lib/libbootloader.a(boot_mem.c.obj)
 .comment       0x0000007e       0x7f lib/libbootloader.a(boot_spi_flash.c.obj)
 .comment       0x0000007e       0x7f lib/libbootloader.a(boot_debuguart.c.obj)
 .comment       0x0000007e       0x7f lib/libbootloader.a(boot_trace.c.obj)
 .comment       0x0000007e       0x7f lib/libbootloader.a(boot_vfs.c.obj)
 .comment       0x0000007e       0x7f lib/libbootloader.a(boot_irq.c.obj)
 .comment       0x0000007e       0x7f lib/libbootloader.a(boot_timer.c.obj)
 .comment       0x0000007e       0x7f lib/libbootloader.a(boot_mmu.c.obj)
 .comment       0x0000007e       0x7f lib/libbootloader.a(boot_override.c.obj)
 .comment       0x0000007e       0x7f lib/libbootloader.a(boot_adi_bus.c.obj)
 .comment       0x0000007e       0x7f lib/libbootloader.a(boot_log.c.obj)
 .comment       0x0000007e       0x7f lib/libhal.a(hal_clock_init.c.obj)
 .comment       0x0000007e       0x7f lib/libhal.a(hal_chip_8910.c.obj)
 .comment       0x0000007e       0x7f lib/libhal.a(hal_pmu_8910.c.obj)
 .comment       0x0000007e       0x7f lib/libhal.a(hal_efuse_8910.c.obj)
 .comment       0x0000007e       0x7f lib/libhal.a(hal_delay.c.obj)
 .comment       0x0000007e       0x7f lib/libhal.a(hal_reg_apply.c.obj)
 .comment       0x0000007e       0x7f lib/libhal.a(hal_chip_armv7a.c.obj)
 .comment       0x0000007e       0x7f lib/libhal.a(hal_hwspinlock.c.obj)
 .comment       0x0000007e       0x7f lib/libhal.a(hal_spi_flash.c.obj)
 .comment       0x0000007e       0x7f lib/libfupdate_core.a(fupdate_bootloader.c.obj)
 .comment       0x0000007e       0x7f lib/libfupdate_core.a(fupdate_common.c.obj)
 .comment       0x0000007e       0x7f lib/libfsmount.a(fs_mount.c.obj)
 .comment       0x0000007e       0x7f lib/libsffs_core.a(sffs.c.obj)
 .comment       0x0000007e       0x7f lib/libsffs_core.a(lzmar.c.obj)
 .comment       0x0000007e       0x7f lib/libsffs_core.a(LzmaEnc.c.obj)
 .comment       0x0000007e       0x7f lib/libsffs_core.a(LzFind.c.obj)
 .comment       0x0000007e       0x7f lib/libbdev.a(block_device.c.obj)
 .comment       0x0000007e       0x7f lib/libbdev.a(partition_block_device.c.obj)
 .comment       0x0000007e       0x7f lib/libbdev_core.a(flash_block_device_v2.c.obj)
 .comment       0x0000007e       0x7f lib/libboot_ex_ql.a(quec_boot_fota.c.obj)
 .comment       0x0000007e       0x7f lib/libhal.a(hal_lzma.c.obj)
 .comment       0x0000007e       0x79 ../../components/newlib/armca5/libc.a(lib_a-memcmp.o)
                                 0x7a (size before relaxing)
 .comment       0x000000f7       0x7a ../../components/newlib/armca5/libc.a(lib_a-memcpy-stub.o)
 .comment       0x000000f7       0x7a ../../components/newlib/armca5/libc.a(lib_a-memmove.o)
 .comment       0x000000f7       0x7a ../../components/newlib/armca5/libc.a(lib_a-memset.o)
 .comment       0x000000f7       0x7a ../../components/newlib/armca5/libc.a(lib_a-strchr.o)
 .comment       0x000000f7       0x7a ../../components/newlib/armca5/libc.a(lib_a-strcpy.o)
 .comment       0x000000f7       0x7a ../../components/newlib/armca5/libc.a(lib_a-strdup.o)
 .comment       0x000000f7       0x7a ../../components/newlib/armca5/libc.a(lib_a-strdup_r.o)
 .comment       0x000000f7       0x7a ../../components/newlib/armca5/libc.a(lib_a-strncmp.o)
 .comment       0x000000f7       0x7a ../../components/newlib/armca5/libc.a(lib_a-strrchr.o)
 .comment       0x000000f7       0x7a ../../components/newlib/armca5/libc.a(lib_a-getreent.o)
 .comment       0x000000f7       0x7f lib/libboot_calclib_crc.a(crc32.c.obj)
 .comment       0x000000f7       0x7f lib/libboot_ex_fat_rdonly.a(quec_boot_pff_rdonly.c.obj)
 .comment       0x000000f7       0x7f lib/libboot_ex_fat_rdonly.a(quec_boot_vfs.c.obj)
 .comment       0x000000f7       0x7f lib/libboot_ex_fat_rdonly.a(pff_rdonly.c.obj)
 .comment       0x000000f7       0x7f lib/libboot_ex_fat_rdonly.a(quec_boot_block_device.c.obj)
 .comment       0x000000f7       0x7f lib/libboot_ex_fat_rdonly.a(diskio.c.obj)
 .comment       0x000000f7       0x7f lib/libboot_ex_fat_rdonly.a(pff_basic.c.obj)
 .comment       0x000000f7       0x7f lib/libboot_ex_sdmmc.a(quec_boot_sdmmc.c.obj)
 .comment       0x000000f7       0x7f lib/libboot_ex_sdmmc.a(quec_boot_sd.c.obj)
 .comment       0x000000f7       0x7f lib/libboot_ex_sdmmc.a(quec_boot_ifc.c.obj)
 .comment       0x000000f7       0x7f lib/libboot_ex_spi6nor.a(quec_spi6_ext_norflash_cfg.c.obj)
 .comment       0x000000f7       0x7f lib/libboot_ex_spi6nor.a(quec_boot_pin_power_domain.c.obj)
 .comment       0x000000f7       0x7f lib/libboot_ex_ql_pin.a(quec_boot_pin_map.c.obj)
 .comment       0x000000f7       0x7f lib/libcalclib.a(decompress_unlzma.c.obj)
 .comment       0x000000f7       0x7f lib/libhal_prop.a(ql_hal_spi_flash_prop.c.obj)
 .comment       0x000000f7       0x7f lib/libfs_partinfo.a(ql_fs_part_info.c.obj)

.ARM.attributes
                0x00000000       0x3d
 *(.ARM.attributes)
 .ARM.attributes
                0x00000000       0x3d components/bootloader/CMakeFiles/boot2.dir/boot/boot2_start_8910.c.obj
 .ARM.attributes
                0x0000003d       0x3d lib/libbootloader.a(boot_platform_8910.c.obj)
 .ARM.attributes
                0x0000007a       0x3d lib/libbootloader.a(boot_secure.c.obj)
 .ARM.attributes
                0x000000b7       0x2b lib/libbootloader.a(boot_entry_v7a.S.obj)
 .ARM.attributes
                0x000000e2       0x3d lib/libbootloader.a(boot_sffs_port.c.obj)
 .ARM.attributes
                0x0000011f       0x3d lib/libbootloader.a(boot_delay.c.obj)
 .ARM.attributes
                0x0000015c       0x3d lib/libbootloader.a(boot_mem.c.obj)
 .ARM.attributes
                0x00000199       0x3d lib/libbootloader.a(boot_spi_flash.c.obj)
 .ARM.attributes
                0x000001d6       0x3d lib/libbootloader.a(boot_debuguart.c.obj)
 .ARM.attributes
                0x00000213       0x3d lib/libbootloader.a(boot_trace.c.obj)
 .ARM.attributes
                0x00000250       0x3d lib/libbootloader.a(boot_vfs.c.obj)
 .ARM.attributes
                0x0000028d       0x3d lib/libbootloader.a(boot_irq.c.obj)
 .ARM.attributes
                0x000002ca       0x3d lib/libbootloader.a(boot_timer.c.obj)
 .ARM.attributes
                0x00000307       0x3d lib/libbootloader.a(boot_mmu.c.obj)
 .ARM.attributes
                0x00000344       0x3d lib/libbootloader.a(boot_override.c.obj)
 .ARM.attributes
                0x00000381       0x3d lib/libbootloader.a(boot_adi_bus.c.obj)
 .ARM.attributes
                0x000003be       0x3d lib/libbootloader.a(boot_log.c.obj)
 .ARM.attributes
                0x000003fb       0x3d lib/libhal.a(hal_clock_init.c.obj)
 .ARM.attributes
                0x00000438       0x3d lib/libhal.a(hal_chip_8910.c.obj)
 .ARM.attributes
                0x00000475       0x3d lib/libhal.a(hal_pmu_8910.c.obj)
 .ARM.attributes
                0x000004b2       0x3d lib/libhal.a(hal_efuse_8910.c.obj)
 .ARM.attributes
                0x000004ef       0x3d lib/libhal.a(hal_delay.c.obj)
 .ARM.attributes
                0x0000052c       0x3d lib/libhal.a(hal_reg_apply.c.obj)
 .ARM.attributes
                0x00000569       0x3d lib/libhal.a(hal_chip_armv7a.c.obj)
 .ARM.attributes
                0x000005a6       0x3d lib/libhal.a(hal_hwspinlock.c.obj)
 .ARM.attributes
                0x000005e3       0x3d lib/libhal.a(hal_spi_flash.c.obj)
 .ARM.attributes
                0x00000620       0x3d lib/libfupdate_core.a(fupdate_bootloader.c.obj)
 .ARM.attributes
                0x0000065d       0x3d lib/libfupdate_core.a(fupdate_common.c.obj)
 .ARM.attributes
                0x0000069a       0x3d lib/libfsmount.a(fs_mount.c.obj)
 .ARM.attributes
                0x000006d7       0x3d lib/libsffs_core.a(sffs.c.obj)
 .ARM.attributes
                0x00000714       0x3d lib/libsffs_core.a(lzmar.c.obj)
 .ARM.attributes
                0x00000751       0x3d lib/libsffs_core.a(LzmaEnc.c.obj)
 .ARM.attributes
                0x0000078e       0x3d lib/libsffs_core.a(LzFind.c.obj)
 .ARM.attributes
                0x000007cb       0x3d lib/libbdev.a(block_device.c.obj)
 .ARM.attributes
                0x00000808       0x3d lib/libbdev.a(partition_block_device.c.obj)
 .ARM.attributes
                0x00000845       0x3d lib/libbdev_core.a(flash_block_device_v2.c.obj)
 .ARM.attributes
                0x00000882       0x3d lib/libboot_ex_ql.a(quec_boot_fota.c.obj)
 .ARM.attributes
                0x000008bf       0x3d lib/libhal.a(hal_lzma.c.obj)
 .ARM.attributes
                0x000008fc       0x37 ../../components/newlib/armca5/libc.a(lib_a-memcmp.o)
 .ARM.attributes
                0x00000933       0x37 ../../components/newlib/armca5/libc.a(lib_a-memcpy-stub.o)
 .ARM.attributes
                0x0000096a       0x37 ../../components/newlib/armca5/libc.a(lib_a-memmove.o)
 .ARM.attributes
                0x000009a1       0x37 ../../components/newlib/armca5/libc.a(lib_a-memset.o)
 .ARM.attributes
                0x000009d8       0x37 ../../components/newlib/armca5/libc.a(lib_a-strchr.o)
 .ARM.attributes
                0x00000a0f       0x37 ../../components/newlib/armca5/libc.a(lib_a-strcpy.o)
 .ARM.attributes
                0x00000a46       0x37 ../../components/newlib/armca5/libc.a(lib_a-strdup.o)
 .ARM.attributes
                0x00000a7d       0x37 ../../components/newlib/armca5/libc.a(lib_a-strdup_r.o)
 .ARM.attributes
                0x00000ab4       0x1d ../../components/newlib/armca5/libc.a(lib_a-strlen.o)
 .ARM.attributes
                0x00000ad1       0x37 ../../components/newlib/armca5/libc.a(lib_a-strncmp.o)
 .ARM.attributes
                0x00000b08       0x37 ../../components/newlib/armca5/libc.a(lib_a-strrchr.o)
 .ARM.attributes
                0x00000b3f       0x37 ../../components/newlib/armca5/libc.a(lib_a-getreent.o)
 .ARM.attributes
                0x00000b76       0x1b ../../prebuilts/win32/gcc-arm-none-eabi/bin/../lib/gcc/arm-none-eabi/7.2.1/thumb/v7-ar/fpv3/hard/libgcc.a(_udivsi3.o)
 .ARM.attributes
                0x00000b91       0x1b ../../prebuilts/win32/gcc-arm-none-eabi/bin/../lib/gcc/arm-none-eabi/7.2.1/thumb/v7-ar/fpv3/hard/libgcc.a(_divsi3.o)
 .ARM.attributes
                0x00000bac       0x1b ../../prebuilts/win32/gcc-arm-none-eabi/bin/../lib/gcc/arm-none-eabi/7.2.1/thumb/v7-ar/fpv3/hard/libgcc.a(_dvmd_tls.o)
 .ARM.attributes
                0x00000bc7       0x3d lib/libboot_calclib_crc.a(crc32.c.obj)
 .ARM.attributes
                0x00000c04       0x3d lib/libboot_ex_fat_rdonly.a(quec_boot_pff_rdonly.c.obj)
 .ARM.attributes
                0x00000c41       0x3d lib/libboot_ex_fat_rdonly.a(quec_boot_vfs.c.obj)
 .ARM.attributes
                0x00000c7e       0x3d lib/libboot_ex_fat_rdonly.a(pff_rdonly.c.obj)
 .ARM.attributes
                0x00000cbb       0x3d lib/libboot_ex_fat_rdonly.a(quec_boot_block_device.c.obj)
 .ARM.attributes
                0x00000cf8       0x3d lib/libboot_ex_fat_rdonly.a(diskio.c.obj)
 .ARM.attributes
                0x00000d35       0x3d lib/libboot_ex_fat_rdonly.a(pff_basic.c.obj)
 .ARM.attributes
                0x00000d72       0x3d lib/libboot_ex_sdmmc.a(quec_boot_sdmmc.c.obj)
 .ARM.attributes
                0x00000daf       0x3d lib/libboot_ex_sdmmc.a(quec_boot_sd.c.obj)
 .ARM.attributes
                0x00000dec       0x3d lib/libboot_ex_sdmmc.a(quec_boot_ifc.c.obj)
 .ARM.attributes
                0x00000e29       0x3d lib/libboot_ex_spi6nor.a(quec_spi6_ext_norflash_cfg.c.obj)
 .ARM.attributes
                0x00000e66       0x3d lib/libboot_ex_spi6nor.a(quec_boot_pin_power_domain.c.obj)
 .ARM.attributes
                0x00000ea3       0x3d lib/libboot_ex_ql_pin.a(quec_boot_pin_map.c.obj)
 .ARM.attributes
                0x00000ee0       0x3d lib/libcalclib.a(decompress_unlzma.c.obj)
 .ARM.attributes
                0x00000f1d       0x3d lib/libhal_prop.a(ql_hal_spi_flash_prop.c.obj)
 .ARM.attributes
                0x00000f5a       0x3d lib/libfs_partinfo.a(ql_fs_part_info.c.obj)
 .ARM.attributes
                0x00000f97       0x2b lib/libfs_partinfo.a(partinfo.bin.S.obj)

.iplt           0x00000000        0x0
 *(.iplt)
 .iplt          0x00000000        0x0 components/bootloader/CMakeFiles/boot2.dir/boot/boot2_start_8910.c.obj

.igot.plt       0x00000000        0x0
 *(.igot.plt)
 .igot.plt      0x00000000        0x0 components/bootloader/CMakeFiles/boot2.dir/boot/boot2_start_8910.c.obj

.rel.dyn        0x00000000        0x0
 *(.rel.dyn)